Component: ARM Compiler 5.06 update 5 (build 528) Tool: armlink [4d35e2]

==============================================================================

Section Cross References

    startup_stm32f10x_md.o(STACK) refers (Special) to heapauxi.o(.text) for __use_two_region_memory
    startup_stm32f10x_md.o(HEAP) refers (Special) to heapauxi.o(.text) for __use_two_region_memory
    startup_stm32f10x_md.o(RESET) refers (Special) to heapauxi.o(.text) for __use_two_region_memory
    startup_stm32f10x_md.o(RESET) refers to startup_stm32f10x_md.o(STACK) for __initial_sp
    startup_stm32f10x_md.o(RESET) refers to startup_stm32f10x_md.o(.text) for Reset_Handler
    startup_stm32f10x_md.o(RESET) refers to stm32f10x_it.o(i.NMI_Handler) for NMI_Handler
    startup_stm32f10x_md.o(RESET) refers to stm32f10x_it.o(i.HardFault_Handler) for HardFault_Handler
    startup_stm32f10x_md.o(RESET) refers to stm32f10x_it.o(i.MemManage_Handler) for MemManage_Handler
    startup_stm32f10x_md.o(RESET) refers to stm32f10x_it.o(i.BusFault_Handler) for BusFault_Handler
    startup_stm32f10x_md.o(RESET) refers to stm32f10x_it.o(i.UsageFault_Handler) for UsageFault_Handler
    startup_stm32f10x_md.o(RESET) refers to stm32f10x_it.o(i.SVC_Handler) for SVC_Handler
    startup_stm32f10x_md.o(RESET) refers to stm32f10x_it.o(i.DebugMon_Handler) for DebugMon_Handler
    startup_stm32f10x_md.o(RESET) refers to stm32f10x_it.o(i.PendSV_Handler) for PendSV_Handler
    startup_stm32f10x_md.o(RESET) refers to stm32f10x_it.o(i.SysTick_Handler) for SysTick_Handler
    startup_stm32f10x_md.o(RESET) refers to key.o(i.EXTI0_IRQHandler) for EXTI0_IRQHandler
    startup_stm32f10x_md.o(RESET) refers to hardi2c.o(i.DMA1_Channel6_IRQHandler) for DMA1_Channel6_IRQHandler
    startup_stm32f10x_md.o(RESET) refers to mytimer.o(i.TIM2_IRQHandler) for TIM2_IRQHandler
    startup_stm32f10x_md.o(RESET) refers to encoder.o(i.TIM3_IRQHandler) for TIM3_IRQHandler
    startup_stm32f10x_md.o(RESET) refers to key.o(i.EXTI15_10_IRQHandler) for EXTI15_10_IRQHandler
    startup_stm32f10x_md.o(.text) refers (Special) to heapauxi.o(.text) for __use_two_region_memory
    startup_stm32f10x_md.o(.text) refers to system_stm32f10x.o(i.SystemInit) for SystemInit
    startup_stm32f10x_md.o(.text) refers to __main.o(!!!main) for __main
    startup_stm32f10x_md.o(.text) refers to startup_stm32f10x_md.o(HEAP) for Heap_Mem
    startup_stm32f10x_md.o(.text) refers to startup_stm32f10x_md.o(STACK) for Stack_Mem
    system_stm32f10x.o(i.SetSysClock) refers to system_stm32f10x.o(i.SetSysClockTo72) for SetSysClockTo72
    system_stm32f10x.o(i.SystemCoreClockUpdate) refers to system_stm32f10x.o(.data) for SystemCoreClock
    system_stm32f10x.o(i.SystemInit) refers to system_stm32f10x.o(i.SetSysClock) for SetSysClock
    stm32f10x_adc.o(i.ADC_DeInit) refers to stm32f10x_rcc.o(i.RCC_APB2PeriphResetCmd) for RCC_APB2PeriphResetCmd
    stm32f10x_bkp.o(i.BKP_DeInit) refers to stm32f10x_rcc.o(i.RCC_BackupResetCmd) for RCC_BackupResetCmd
    stm32f10x_can.o(i.CAN_DeInit) refers to stm32f10x_rcc.o(i.RCC_APB1PeriphResetCmd) for RCC_APB1PeriphResetCmd
    stm32f10x_can.o(i.CAN_GetITStatus) refers to stm32f10x_can.o(i.CheckITStatus) for CheckITStatus
    stm32f10x_cec.o(i.CEC_DeInit) refers to stm32f10x_rcc.o(i.RCC_APB1PeriphResetCmd) for RCC_APB1PeriphResetCmd
    stm32f10x_dac.o(i.DAC_DeInit) refers to stm32f10x_rcc.o(i.RCC_APB1PeriphResetCmd) for RCC_APB1PeriphResetCmd
    stm32f10x_flash.o(i.FLASH_EnableWriteProtection) refers to stm32f10x_flash.o(i.FLASH_WaitForLastOperation) for FLASH_WaitForLastOperation
    stm32f10x_flash.o(i.FLASH_EraseAllBank1Pages) refers to stm32f10x_flash.o(i.FLASH_WaitForLastBank1Operation) for FLASH_WaitForLastBank1Operation
    stm32f10x_flash.o(i.FLASH_EraseAllPages) refers to stm32f10x_flash.o(i.FLASH_WaitForLastOperation) for FLASH_WaitForLastOperation
    stm32f10x_flash.o(i.FLASH_EraseOptionBytes) refers to stm32f10x_flash.o(i.FLASH_GetReadOutProtectionStatus) for FLASH_GetReadOutProtectionStatus
    stm32f10x_flash.o(i.FLASH_EraseOptionBytes) refers to stm32f10x_flash.o(i.FLASH_WaitForLastOperation) for FLASH_WaitForLastOperation
    stm32f10x_flash.o(i.FLASH_ErasePage) refers to stm32f10x_flash.o(i.FLASH_WaitForLastOperation) for FLASH_WaitForLastOperation
    stm32f10x_flash.o(i.FLASH_ProgramHalfWord) refers to stm32f10x_flash.o(i.FLASH_WaitForLastOperation) for FLASH_WaitForLastOperation
    stm32f10x_flash.o(i.FLASH_ProgramOptionByteData) refers to stm32f10x_flash.o(i.FLASH_WaitForLastOperation) for FLASH_WaitForLastOperation
    stm32f10x_flash.o(i.FLASH_ProgramWord) refers to stm32f10x_flash.o(i.FLASH_WaitForLastOperation) for FLASH_WaitForLastOperation
    stm32f10x_flash.o(i.FLASH_ReadOutProtection) refers to stm32f10x_flash.o(i.FLASH_WaitForLastOperation) for FLASH_WaitForLastOperation
    stm32f10x_flash.o(i.FLASH_UserOptionByteConfig) refers to stm32f10x_flash.o(i.FLASH_WaitForLastOperation) for FLASH_WaitForLastOperation
[...]
    Removing oled.o(i.OLED_DrawLine), (232 bytes).
    Removing oled.o(i.OLED_DrawPixel), (64 bytes).
    Removing oled.o(i.OLED_FillRect), (94 bytes).
    Removing oled.o(i.OLED_Pow), (20 bytes).
    Removing oled.o(i.OLED_Printf), (572 bytes).
    Removing oled.o(i.OLED_Refresh), (44 bytes).
    Removing oled.o(i.OLED_ShowBinNum), (66 bytes).
    Removing oled.o(i.OLED_ShowChar16x8), (156 bytes).
    Removing oled.o(i.OLED_ShowHexNum), (92 bytes).
    Removing oled.o(i.OLED_ShowNum), (172 bytes).
    Removing oled.o(i.OLED_ShowSignedNum), (104 bytes).
    Removing oled.o(i.OLED_UpdateArea), (108 bytes).
    Removing oled.o(i.OLED_Update_soft), (64 bytes).
    Removing animation.o(i.Animation_Start), (984 bytes).
    Removing animation.o(i.ElementOffset_Init), (30 bytes).
    Removing animation.o(i.ElementOffset_SetTarget), (18 bytes).
    Removing animation.o(i.ElementOffset_Update), (192 bytes).
    Removing animation.o(.data), (120 bytes).
    Removing selectorphysics.o(i.Selector_Draw), (160 bytes).
    Removing selectorphysics.o(i.Selector_Init), (76 bytes).
    Removing selectorphysics.o(i.Selector_SetTarget), (50 bytes).
    Removing selectorphysics.o(i.Selector_Update), (676 bytes).

461 unused section(s) (total 22276 bytes) removed from the image.

==============================================================================

Image Symbol Table

    Local Symbols

    Symbol Name                              Value     Ov Type        Size  Object(Section)

    ../clib/angel/boardlib.s                 0x00000000   Number         0  boardshut.o ABSOLUTE
    ../clib/angel/boardlib.s                 0x00000000   Number         0  boardinit3.o ABSOLUTE
    ../clib/angel/boardlib.s                 0x00000000   Number         0  boardinit2.o ABSOLUTE
    ../clib/angel/boardlib.s                 0x00000000   Number         0  boardinit1.o ABSOLUTE
    ../clib/angel/handlers.s                 0x00000000   Number         0  __scatter_copy.o ABSOLUTE
    ../clib/angel/handlers.s                 0x00000000   Number         0  __scatter_zi.o ABSOLUTE
    ../clib/angel/kernel.s                   0x00000000   Number         0  __rtentry4.o ABSOLUTE
    ../clib/angel/kernel.s                   0x00000000   Number         0  rtexit2.o ABSOLUTE
    ../clib/angel/kernel.s                   0x00000000   Number         0  __rtentry.o ABSOLUTE
    ../clib/angel/kernel.s                   0x00000000   Number         0  __rtentry2.o ABSOLUTE
    ../clib/angel/kernel.s                   0x00000000   Number         0  rtexit.o ABSOLUTE
    ../clib/angel/rt.s                       0x00000000   Number         0  rt_heap_descriptor.o ABSOLUTE
    ../clib/angel/rt.s                       0x00000000   Number         0  rt_errno_addr.o ABSOLUTE
    ../clib/angel/rt.s                       0x00000000   Number         0  rt_heap_descriptor_intlibspace.o ABSOLUTE
    ../clib/angel/rt.s                       0x00000000   Number         0  rt_errno_addr_intlibspace.o ABSOLUTE
    ../clib/angel/rt.s                       0x00000000   Number         0  rt_raise.o ABSOLUTE
    ../clib/angel/scatter.s                  0x00000000   Number         0  __scatter.o ABSOLUTE
    ../clib/angel/startup.s                  0x00000000   Number         0  __main.o ABSOLUTE
    ../clib/angel/sys.s                      0x00000000   Number         0  use_no_semi.o ABSOLUTE
    ../clib/angel/sys.s                      0x00000000   Number         0  libspace.o ABSOLUTE
    ../clib/angel/sys.s                      0x00000000   Number         0  sys_stackheap_outer.o ABSOLUTE
    ../clib/angel/sys.s                      0x00000000   Number         0  indicate_semi.o ABSOLUTE
    ../clib/angel/sys.s                      0x00000000   Number         0  mutex_dummy.o ABSOLUTE
    ../clib/angel/sysapp.c                   0x00000000   Number         0  sys_command.o ABSOLUTE
    ../clib/angel/sysapp.c                   0x00000000   Number         0  sys_exit.o ABSOLUTE
    ../clib/angel/sysapp.c                   0x00000000   Number         0  sys_wrch.o ABSOLUTE
    ../clib/armsys.c                         0x00000000   Number         0  argv_veneer.o ABSOLUTE
    ../clib/armsys.c                         0x00000000   Number         0  argv_veneer.o ABSOLUTE
    ../clib/armsys.c                         0x00000000   Number         0  no_argv.o ABSOLUTE
    ../clib/armsys.c                         0x00000000   Number         0  _get_argv.o ABSOLUTE
    ../clib/armsys.c                         0x00000000   Number         0  _get_argv_nomalloc.o ABSOLUTE
    ../clib/fenv.c                           0x00000000   Number         0  _rserrno.o ABSOLUTE
    ../clib/heap1.c                          0x00000000   Number         0  h1_alloc.o ABSOLUTE
    ../clib/heap1.c                          0x00000000   Number         0  h1_free_mt.o ABSOLUTE
    ../clib/heap1.c                          0x00000000   Number         0  h1_alloc_mt.o ABSOLUTE
    ../clib/heap1.c                          0x00000000   Number         0  h1_extend_mt.o ABSOLUTE
    ../clib/heap1.c                          0x00000000   Number         0  h1_extend.o ABSOLUTE
    ../clib/heap1.c                          0x00000000   Number         0  h1_final_mt.o ABSOLUTE
    ../clib/heap1.c                          0x00000000   Number         0  h1_final.o ABSOLUTE
    ../clib/heap1.c                          0x00000000   Number         0  h1_init_mt.o ABSOLUTE
    ../clib/heap1.c                          0x00000000   Number         0  h1_init.o ABSOLUTE
    ../clib/heap1.c                          0x00000000   Number         0  h1_free.o ABSOLUTE
    ../clib/heap2.c                          0x00000000   Number         0  heap2.o ABSOLUTE
    ../clib/heap2.c                          0x00000000   Number         0  fdtree.o ABSOLUTE
    ../clib/heap2.c                          0x00000000   Number         0  heap2mt.o ABSOLUTE
    ../clib/heapalloc.c                      0x00000000   Number         0  maybetermalloc2.o ABSOLUTE
    ../clib/heapalloc.c                      0x00000000   Number         0  init_alloc.o ABSOLUTE
    ../clib/heapalloc.c                      0x00000000   Number         0  maybetermalloc1.o ABSOLUTE
    ../clib/heapalloc.c                      0x00000000   Number         0  term_alloc.o ABSOLUTE
    ../clib/heapalloc.c                      0x00000000   Number         0  heapstubs.o ABSOLUTE
    ../clib/heapalloc.c                      0x00000000   Number         0  hguard.o ABSOLUTE
    ../clib/heapalloc.c                      0x00000000   Number         0  malloc.o ABSOLUTE
    ../clib/heapalloc.c                      0x00000000   Number         0  hrguard.o ABSOLUTE
    ../clib/heapalloc.c                      0x00000000   Number         0  free.o ABSOLUTE
    ../clib/heapalloc.c                      0x00000000   Number         0  maybetermalloc1.o ABSOLUTE
    ../clib/heapalloc.c                      0x00000000   Number         0  maybetermalloc2.o ABSOLUTE
    ../clib/heapaux.c                        0x00000000   Number         0  heapauxa.o ABSOLUTE
    ../clib/heapaux.c                        0x00000000   Number         0  heapauxi.o ABSOLUTE
    ../clib/libinit.s                        0x00000000   Number         0  libinit2.o ABSOLUTE
    ../clib/libinit.s                        0x00000000   Number         0  libshutdown.o ABSOLUTE
    ../clib/libinit.s                        0x00000000   Number         0  libshutdown2.o ABSOLUTE
    ../clib/libinit.s                        0x00000000   Number         0  libinit.o ABSOLUTE
    ../clib/memcpset.s                       0x00000000   Number         0  aeabi_memset.o ABSOLUTE
    ../clib/memcpset.s                       0x00000000   Number         0  rt_memcpy_v6.o ABSOLUTE
    ../clib/memcpset.s                       0x00000000   Number         0  rt_memcpy_w.o ABSOLUTE
    ../clib/memcpset.s                       0x00000000   Number         0  strcmpv7m.o ABSOLUTE
    ../clib/memcpset.s                       0x00000000   Number         0  rt_memclr_w.o ABSOLUTE
    ../clib/memcpset.s                       0x00000000   Number         0  rt_memclr.o ABSOLUTE
    ../clib/signal.c                         0x00000000   Number         0  defsig_rtmem_formal.o ABSOLUTE
    ../clib/signal.c                         0x00000000   Number         0  defsig_abrt_inner.o ABSOLUTE
    ../clib/signal.c                         0x00000000   Number         0  defsig_fpe_inner.o ABSOLUTE
    ../clib/signal.c                         0x00000000   Number         0  defsig_rtred_inner.o ABSOLUTE
    ../clib/signal.c                         0x00000000   Number         0  defsig_stak_inner.o ABSOLUTE
    ../clib/signal.c                         0x00000000   Number         0  defsig_pvfn_inner.o ABSOLUTE
    ../clib/signal.c                         0x00000000   Number         0  defsig_cppl_inner.o ABSOLUTE
    ../clib/signal.c                         0x00000000   Number         0  defsig_segv_inner.o ABSOLUTE
    ../clib/signal.c                         0x00000000   Number         0  defsig_other.o ABSOLUTE
    ../clib/signal.c                         0x00000000   Number         0  __raise.o ABSOLUTE
    ../clib/signal.c                         0x00000000   Number         0  defsig_rtmem_inner.o ABSOLUTE
    ../clib/signal.c                         0x00000000   Number         0  defsig_exit.o ABSOLUTE
    ../clib/signal.c                         0x00000000   Number         0  defsig_rtmem_outer.o ABSOLUTE
    ../clib/signal.c                         0x00000000   Number         0  defsig_general.o ABSOLUTE
    ../clib/signal.s                         0x00000000   Number         0  defsig.o ABSOLUTE
    ../clib/stdlib.c                         0x00000000   Number         0  exit.o ABSOLUTE
    ../fplib/d2f.s                           0x00000000   Number         0  d2f.o ABSOLUTE
    ../fplib/daddsub.s                       0x00000000   Number         0  daddsub_clz.o ABSOLUTE
    ../fplib/dcmpi.s                         0x00000000   Number         0  dcmpi.o ABSOLUTE
    ../fplib/dflt.s                          0x00000000   Number         0  dflt_clz.o ABSOLUTE
    ../fplib/dleqf.s                         0x00000000   Number         0  dleqf.o ABSOLUTE
    ../fplib/dmul.s                          0x00000000   Number         0  dmul.o ABSOLUTE
    ../fplib/dnaninf.s                       0x00000000   Number         0  dnaninf.o ABSOLUTE
    ../fplib/dretinf.s                       0x00000000   Number         0  dretinf.o ABSOLUTE
    ../fplib/faddsub.s                       0x00000000   Number         0  faddsub_clz.o ABSOLUTE
    ../fplib/fcmpi.s                         0x00000000   Number         0  fcmpi.o ABSOLUTE
    ../fplib/ffix.s                          0x00000000   Number         0  ffix.o ABSOLUTE
    ../fplib/fflt.s                          0x00000000   Number         0  fflt_clz.o ABSOLUTE
    ../fplib/fleqf.s                         0x00000000   Number         0  fleqf.o ABSOLUTE
    ../fplib/fmul.s                          0x00000000   Number         0  fmul.o ABSOLUTE
    ../fplib/fnaninf.s                       0x00000000   Number         0  fnaninf.o ABSOLUTE
    ../fplib/fpinit.s                        0x00000000   Number         0  fpinit.o ABSOLUTE
    ../fplib/fretinf.s                       0x00000000   Number         0  fretinf.o ABSOLUTE
    ../fplib/fsqrt.s                         0x00000000   Number         0  fsqrt.o ABSOLUTE
    ../fplib/usenofp.s                       0x00000000   Number         0  usenofp.o ABSOLUTE
    ../mathlib/sqrtf.c                       0x00000000   Number         0  sqrtf.o ABSOLUTE
    ../mathlib/sqrtf.c                       0x00000000   Number         0  sqrtf_x.o ABSOLUTE
    Animation\Animation.c                    0x00000000   Number         0  animation.o ABSOLUTE
    Animation\SelectorPhysics.c              0x00000000   Number         0  selectorphysics.o ABSOLUTE
    Hardware\Encoder.c                       0x00000000   Number         0  encoder.o ABSOLUTE
    Hardware\HardI2C.c                       0x00000000   Number         0  hardi2c.o ABSOLUTE
    Hardware\Image.c                         0x00000000   Number         0  image.o ABSOLUTE
    Hardware\Key.c                           0x00000000   Number         0  key.o ABSOLUTE
    Hardware\OLED.c                          0x00000000   Number         0  oled.o ABSOLUTE
    Library\misc.c                           0x00000000   Number         0  misc.o ABSOLUTE
    Library\stm32f10x_adc.c                  0x00000000   Number         0  stm32f10x_adc.o ABSOLUTE
    Library\stm32f10x_bkp.c                  0x00000000   Number         0  stm32f10x_bkp.o ABSOLUTE
    Library\stm32f10x_can.c                  0x00000000   Number         0  stm32f10x_can.o ABSOLUTE
    Library\stm32f10x_cec.c                  0x00000000   Number         0  stm32f10x_cec.o ABSOLUTE
    Library\stm32f10x_crc.c                  0x00000000   Number         0  stm32f10x_crc.o ABSOLUTE
    Library\stm32f10x_dac.c                  0x00000000   Number         0  stm32f10x_dac.o ABSOLUTE
    Library\stm32f10x_dbgmcu.c               0x00000000   Number         0  stm32f10x_dbgmcu.o ABSOLUTE
    Library\stm32f10x_dma.c                  0x00000000   Number         0  stm32f10x_dma.o ABSOLUTE
    Library\stm32f10x_exti.c                 0x00000000   Number         0  stm32f10x_exti.o ABSOLUTE
    Library\stm32f10x_flash.c                0x00000000   Number         0  stm32f10x_flash.o ABSOLUTE
    Library\stm32f10x_fsmc.c                 0x00000000   Number         0  stm32f10x_fsmc.o ABSOLUTE
    Library\stm32f10x_gpio.c                 0x00000000   Number         0  stm32f10x_gpio.o ABSOLUTE
    Library\stm32f10x_i2c.c                  0x00000000   Number         0  stm32f10x_i2c.o ABSOLUTE
    Library\stm32f10x_iwdg.c                 0x00000000   Number         0  stm32f10x_iwdg.o ABSOLUTE
    Library\stm32f10x_pwr.c                  0x00000000   Number         0  stm32f10x_pwr.o ABSOLUTE
    Library\stm32f10x_rcc.c                  0x00000000   Number         0  stm32f10x_rcc.o ABSOLUTE
    Library\stm32f10x_rtc.c                  0x00000000   Number         0  stm32f10x_rtc.o ABSOLUTE
    Library\stm32f10x_sdio.c                 0x00000000   Number         0  stm32f10x_sdio.o ABSOLUTE
    Library\stm32f10x_spi.c                  0x00000000   Number         0  stm32f10x_spi.o ABSOLUTE
    Library\stm32f10x_tim.c                  0x00000000   Number         0  stm32f10x_tim.o ABSOLUTE
    Library\stm32f10x_usart.c                0x00000000   Number         0  stm32f10x_usart.o ABSOLUTE
    Library\stm32f10x_wwdg.c                 0x00000000   Number         0  stm32f10x_wwdg.o ABSOLUTE
    Start\\core_cm3.c                        0x00000000   Number         0  core_cm3.o ABSOLUTE
    Start\core_cm3.c                         0x00000000   Number         0  core_cm3.o ABSOLUTE
    Start\startup_stm32f10x_md.s             0x00000000   Number         0  startup_stm32f10x_md.o ABSOLUTE
    Start\system_stm32f10x.c                 0x00000000   Number         0  system_stm32f10x.o ABSOLUTE
    System\Delay.c                           0x00000000   Number         0  delay.o ABSOLUTE
    System\EventBus.c                        0x00000000   Number         0  eventbus.o ABSOLUTE
    System\MyTimer.c                         0x00000000   Number         0  mytimer.o ABSOLUTE
    User\stm32f10x_it.c                      0x00000000   Number         0  stm32f10x_it.o ABSOLUTE
    dc.s                                     0x00000000   Number         0  dc.o ABSOLUTE
    main.c                                   0x00000000   Number         0  main.o ABSOLUTE
    RESET                                    0x08000000   Section      236  startup_stm32f10x_md.o(RESET)
    !!!main                                  0x080000ec   Section        8  __main.o(!!!main)
    !!!scatter                               0x080000f4   Section       52  __scatter.o(!!!scatter)
    !!handler_copy                           0x08000128   Section       26  __scatter_copy.o(!!handler_copy)
    !!handler_zi                             0x08000144   Section       28  __scatter_zi.o(!!handler_zi)
    .ARM.Collect$$libinit$$00000000          0x08000160   Section        2  libinit.o(.ARM.Collect$$libinit$$00000000)
    .ARM.Collect$$libinit$$00000002          0x08000162   Section        0  libinit2.o(.ARM.Collect$$libinit$$00000002)
    .ARM.Collect$$libinit$$00000004          0x08000162   Section        0  libinit2.o(.ARM.Collect$$libinit$$00000004)
    .ARM.Collect$$libinit$$0000000A          0x08000162   Section        0  libinit2.o(.ARM.Collect$$libinit$$0000000A)
    .ARM.Collect$$libinit$$0000000C          0x08000162   Section        0  libinit2.o(.ARM.Collect$$libinit$$0000000C)
    .ARM.Collect$$libinit$$0000000E          0x08000162   Section        0  libinit2.o(.ARM.Collect$$libinit$$0000000E)
    .ARM.Collect$$libinit$$00000011          0x08000162   Section        0  libinit2.o(.ARM.Collect$$libinit$$00000011)
    .ARM.Collect$$libinit$$00000013          0x08000162   Section        0  libinit2.o(.ARM.Collect$$libinit$$00000013)
    .ARM.Collect$$libinit$$00000015          0x08000162   Section        0  libinit2.o(.ARM.Collect$$libinit$$00000015)
    .ARM.Collect$$libinit$$00000017          0x08000162   Section        0  libinit2.o(.ARM.Collect$$libinit$$00000017)
    .ARM.Collect$$libinit$$00000019          0x08000162   Section        0  libinit2.o(.ARM.Collect$$libinit$$00000019)
    .ARM.Collect$$libinit$$0000001B          0x08000162   Section        0  libinit2.o(.ARM.Collect$$libinit$$0000001B)
    .ARM.Collect$$libinit$$0000001D          0x08000162   Section        0  libinit2.o(.ARM.Collect$$libinit$$0000001D)
    .ARM.Collect$$libinit$$0000001F          0x08000162   Section        0  libinit2.o(.ARM.Collect$$libinit$$0000001F)
    .ARM.Collect$$libinit$$00000021          0x08000162   Section        0  libinit2.o(.ARM.Collect$$libinit$$00000021)
    .ARM.Collect$$libinit$$00000023          0x08000162   Section        0  libinit2.o(.ARM.Collect$$libinit$$00000023)
    .ARM.Collect$$libinit$$00000025          0x08000162   Section        0  libinit2.o(.ARM.Collect$$libinit$$00000025)
    .ARM.Collect$$libinit$$0000002C          0x08000162   Section        0  libinit2.o(.ARM.Collect$$libinit$$0000002C)
    .ARM.Collect$$libinit$$0000002E          0x08000162   Section        0  libinit2.o(.ARM.Collect$$libinit$$0000002E)
    .ARM.Collect$$libinit$$00000030          0x08000162   Section        0  libinit2.o(.ARM.Collect$$libinit$$00000030)
    .ARM.Collect$$libinit$$00000032          0x08000162   Section        0  libinit2.o(.ARM.Collect$$libinit$$00000032)
    .ARM.Collect$$libinit$$00000033          0x08000162   Section        2  libinit2.o(.ARM.Collect$$libinit$$00000033)
    .ARM.Collect$$libshutdown$$00000000      0x08000164   Section        2  libshutdown.o(.ARM.Collect$$libshutdown$$00000000)
    .ARM.Collect$$libshutdown$$00000002      0x08000166   Section        0  libshutdown2.o(.ARM.Collect$$libshutdown$$00000002)
    .ARM.Collect$$libshutdown$$00000004      0x08000166   Section        0  libshutdown2.o(.ARM.Collect$$libshutdown$$00000004)
    .ARM.Collect$$libshutdown$$00000007      0x08000166   Section        0  libshutdown2.o(.ARM.Collect$$libshutdown$$00000007)
    .ARM.Collect$$libshutdown$$0000000A      0x08000166   Section        0  libshutdown2.o(.ARM.Collect$$libshutdown$$0000000A)
    .ARM.Collect$$libshutdown$$0000000C      0x08000166   Section        0  libshutdown2.o(.ARM.Collect$$libshutdown$$0000000C)
    .ARM.Collect$$libshutdown$$0000000F      0x08000166   Section        0  libshutdown2.o(.ARM.Collect$$libshutdown$$0000000F)
    .ARM.Collect$$libshutdown$$00000010      0x08000166   Section        2  libshutdown2.o(.ARM.Collect$$libshutdown$$00000010)
    .ARM.Collect$$rtentry$$00000000          0x08000168   Section        0  __rtentry.o(.ARM.Collect$$rtentry$$00000000)
    .ARM.Collect$$rtentry$$00000002          0x08000168   Section        0  __rtentry2.o(.ARM.Collect$$rtentry$$00000002)
    .ARM.Collect$$rtentry$$00000004          0x08000168   Section        6  __rtentry4.o(.ARM.Collect$$rtentry$$00000004)
    .ARM.Collect$$rtentry$$00000009          0x0800016e   Section        0  __rtentry2.o(.ARM.Collect$$rtentry$$00000009)
    .ARM.Collect$$rtentry$$0000000A          0x0800016e   Section        4  __rtentry2.o(.ARM.Collect$$rtentry$$0000000A)
    .ARM.Collect$$rtentry$$0000000C          0x08000172   Section        0  __rtentry2.o(.ARM.Collect$$rtentry$$0000000C)
    .ARM.Collect$$rtentry$$0000000D          0x08000172   Section        8  __rtentry2.o(.ARM.Collect$$rtentry$$0000000D)
    .ARM.Collect$$rtexit$$00000000           0x0800017a   Section        2  rtexit.o(.ARM.Collect$$rtexit$$00000000)
    .ARM.Collect$$rtexit$$00000002           0x0800017c   Section        0  rtexit2.o(.ARM.Collect$$rtexit$$00000002)
    .ARM.Collect$$rtexit$$00000003           0x0800017c   Section        4  rtexit2.o(.ARM.Collect$$rtexit$$00000003)
    .ARM.Collect$$rtexit$$00000004           0x08000180   Section        6  rtexit2.o(.ARM.Collect$$rtexit$$00000004)
    .text                                    0x08000188   Section       64  startup_stm32f10x_md.o(.text)
    .text                                    0x080001c8   Section      138  rt_memcpy_v6.o(.text)
    .text                                    0x08000252   Section       68  rt_memclr.o(.text)
    .text                                    0x08000296   Section       78  rt_memclr_w.o(.text)
    .text                                    0x080002e4   Section      128  strcmpv7m.o(.text)
    .text                                    0x08000364   Section        0  heapauxi.o(.text)
    .text                                    0x0800036a   Section      100  rt_memcpy_w.o(.text)
    .text                                    0x080003d0   Section        8  libspace.o(.text)
    .text                                    0x080003d8   Section        2  use_no_semi.o(.text)
    .text                                    0x080003da   Section       74  sys_stackheap_outer.o(.text)
    .text                                    0x080003da   Section        0  indicate_semi.o(.text)
    .text                                    0x08000424   Section        0  exit.o(.text)
    .text                                    0x08000438   Section        0  sys_exit.o(.text)
    i.BusFault_Handler                       0x08000444   Section        0  stm32f10x_it.o(i.BusFault_Handler)
    i.DMA1_Channel6_IRQHandler               0x08000448   Section        0  hardi2c.o(i.DMA1_Channel6_IRQHandler)
    i.DMA_ClearFlag                          0x080005ac   Section        0  stm32f10x_dma.o(i.DMA_ClearFlag)
    i.DMA_ClearITPendingBit                  0x080005c8   Section        0  stm32f10x_dma.o(i.DMA_ClearITPendingBit)
    i.DMA_Cmd                                0x080005e4   Section        0  stm32f10x_dma.o(i.DMA_Cmd)
    i.DMA_DeInit                             0x080005fc   Section        0  stm32f10x_dma.o(i.DMA_DeInit)
    i.DMA_GetITStatus                        0x08000748   Section        0  stm32f10x_dma.o(i.DMA_GetITStatus)
    i.DMA_ITConfig                           0x08000774   Section        0  stm32f10x_dma.o(i.DMA_ITConfig)
    i.DMA_Init                               0x08000786   Section        0  stm32f10x_dma.o(i.DMA_Init)
    i.DebugMon_Handler                       0x080007c2   Section        0  stm32f10x_it.o(i.DebugMon_Handler)
    i.Delay_ms                               0x080007c4   Section        0  delay.o(i.Delay_ms)
    i.Delay_us                               0x080007dc   Section        0  delay.o(i.Delay_us)
    i.EXTI0_IRQHandler                       0x0800080a   Section        0  key.o(i.EXTI0_IRQHandler)
    i.EXTI15_10_IRQHandler                   0x08000822   Section        0  key.o(i.EXTI15_10_IRQHandler)
    i.EXTI_ClearITPendingBit                 0x08000840   Section        0  stm32f10x_exti.o(i.EXTI_ClearITPendingBit)
    i.EXTI_GetITStatus                       0x0800084c   Section        0  stm32f10x_exti.o(i.EXTI_GetITStatus)
    i.EXTI_Init                              0x08000874   Section        0  stm32f10x_exti.o(i.EXTI_Init)
    i.Encoder_Init                           0x08000908   Section        0  encoder.o(i.Encoder_Init)
    i.EventBus_IsVoid                        0x080009fc   Section        0  eventbus.o(i.EventBus_IsVoid)
    i.EventBus_Publish                       0x08000a14   Section        0  eventbus.o(i.EventBus_Publish)
    i.EventBus_Subscribe                     0x08000a64   Section        0  eventbus.o(i.EventBus_Subscribe)
    i.EventQueue_Dequeue                     0x08000aa8   Section        0  eventbus.o(i.EventQueue_Dequeue)
    i.EventQueue_Enqueue                     0x08000aec   Section        0  eventbus.o(i.EventQueue_Enqueue)
    i.EventQueue_IsEmpty                     0x08000b30   Section        0  eventbus.o(i.EventQueue_IsEmpty)
    i.FPS_Get                                0x08000b4c   Section        0  oled.o(i.FPS_Get)
    i.GPIO_EXTILineConfig                    0x08000b5c   Section        0  stm32f10x_gpio.o(i.GPIO_EXTILineConfig)
    i.GPIO_Init                              0x08000b9c   Section        0  stm32f10x_gpio.o(i.GPIO_Init)
    i.GPIO_PinRemapConfig                    0x08000cb4   Section        0  stm32f10x_gpio.o(i.GPIO_PinRemapConfig)
    i.GPIO_ReadInputDataBit                  0x08000d44   Section        0  stm32f10x_gpio.o(i.GPIO_ReadInputDataBit)
    i.GPIO_SetBits                           0x08000d56   Section        0  stm32f10x_gpio.o(i.GPIO_SetBits)
    i.HardFault_Handler                      0x08000d5a   Section        0  stm32f10x_it.o(i.HardFault_Handler)
    i.I2C1_DMA_Send                          0x08000d60   Section        0  hardi2c.o(i.I2C1_DMA_Send)
    I2C1_DMA_Send                            0x08000d61   Thumb Code   144  hardi2c.o(i.I2C1_DMA_Send)
    i.I2C_CheckEvent                         0x08000e08   Section        0  stm32f10x_i2c.o(i.I2C_CheckEvent)
    i.I2C_ClearFlag                          0x08000e32   Section        0  stm32f10x_i2c.o(i.I2C_ClearFlag)
    i.I2C_Cmd                                0x08000e3e   Section        0  stm32f10x_i2c.o(i.I2C_Cmd)
    i.I2C_DMACmd                             0x08000e56   Section        0  stm32f10x_i2c.o(i.I2C_DMACmd)
    i.I2C_DeInit                             0x08000e70   Section        0  stm32f10x_i2c.o(i.I2C_DeInit)
    i.I2C_GenerateSTART                      0x08000ea8   Section        0  stm32f10x_i2c.o(i.I2C_GenerateSTART)
    i.I2C_GenerateSTOP                       0x08000ec0   Section        0  stm32f10x_i2c.o(i.I2C_GenerateSTOP)
    i.I2C_GetFlagStatus                      0x08000ed8   Section        0  stm32f10x_i2c.o(i.I2C_GetFlagStatus)
    i.I2C_Init                               0x08000f14   Section        0  stm32f10x_i2c.o(i.I2C_Init)
    i.I2C_Send7bitAddress                    0x08001000   Section        0  stm32f10x_i2c.o(i.I2C_Send7bitAddress)
    i.I2C_SendData                           0x08001012   Section        0  stm32f10x_i2c.o(i.I2C_SendData)
    i.I2C_SoftwareResetCmd                   0x08001016   Section        0  stm32f10x_i2c.o(i.I2C_SoftwareResetCmd)
    i.Image_Init                             0x0800102c   Section        0  image.o(i.Image_Init)
    i.Is_KeyPressed                          0x0800112c   Section        0  key.o(i.Is_KeyPressed)
    i.KeyLogic_Process                       0x08001158   Section        0  key.o(i.KeyLogic_Process)
    i.KeyLogic_Process_Back                  0x080011cc   Section        0  key.o(i.KeyLogic_Process_Back)
    i.KeyLogic_Process_OK                    0x080011d6   Section        0  key.o(i.KeyLogic_Process_OK)
    i.Key_Init                               0x080011e0   Section        0  key.o(i.Key_Init)
    i.Left_Shift                             0x080012b0   Section        0  image.o(i.Left_Shift)
    i.MemManage_Handler                      0x080012d8   Section        0  stm32f10x_it.o(i.MemManage_Handler)
    i.MenuBack                               0x080012dc   Section        0  image.o(i.MenuBack)
    i.MenuDown                               0x08001314   Section        0  image.o(i.MenuDown)
    i.MenuForward                            0x08001348   Section        0  image.o(i.MenuForward)
    i.NMI_Handler                            0x080013b4   Section        0  stm32f10x_it.o(i.NMI_Handler)
    i.NVIC_Init                              0x080013b8   Section        0  misc.o(i.NVIC_Init)
    i.NVIC_PriorityGroupConfig               0x08001428   Section        0  misc.o(i.NVIC_PriorityGroupConfig)
    i.OLED_Clear                             0x0800143c   Section        0  oled.o(i.OLED_Clear)
    i.OLED_ClearBuf                          0x08001468   Section        0  oled.o(i.OLED_ClearBuf)
    i.OLED_HardWriteCommand                  0x08001488   Section        0  hardi2c.o(i.OLED_HardWriteCommand)
    i.OLED_I2C_Init                          0x080015dc   Section        0  hardi2c.o(i.OLED_I2C_Init)
    i.OLED_Init                              0x08001748   Section        0  oled.o(i.OLED_Init)
    i.OLED_OffsetUpdate                      0x08001810   Section        0  oled.o(i.OLED_OffsetUpdate)
    i.OLED_ReverseArea                       0x08001864   Section        0  oled.o(i.OLED_ReverseArea)
    i.OLED_SetCursor                         0x080019f8   Section        0  oled.o(i.OLED_SetCursor)
    i.OLED_ShowChar                          0x08001a1c   Section        0  oled.o(i.OLED_ShowChar)
    i.OLED_ShowChinese                       0x08001acc   Section        0  oled.o(i.OLED_ShowChinese)
    i.OLED_ShowImage                         0x08001c34   Section        0  oled.o(i.OLED_ShowImage)
    i.OLED_ShowString                        0x0800223c   Section        0  oled.o(i.OLED_ShowString)
    i.OLED_Update                            0x080022d0   Section        0  oled.o(i.OLED_Update)
    i.OLED_WriteData                         0x08002434   Section        0  hardi2c.o(i.OLED_WriteData)
    i.PendSV_Handler                         0x08002442   Section        0  stm32f10x_it.o(i.PendSV_Handler)
    i.RCC_AHBPeriphClockCmd                  0x08002444   Section        0  stm32f10x_rcc.o(i.RCC_AHBPeriphClockCmd)
    i.RCC_APB1PeriphClockCmd                 0x08002464   Section        0  stm32f10x_rcc.o(i.RCC_APB1PeriphClockCmd)
    i.RCC_APB1PeriphResetCmd                 0x08002484   Section        0  stm32f10x_rcc.o(i.RCC_APB1PeriphResetCmd)
    i.RCC_APB2PeriphClockCmd                 0x080024a4   Section        0  stm32f10x_rcc.o(i.RCC_APB2PeriphClockCmd)
    i.RCC_GetClocksFreq                      0x080024c4   Section        0  stm32f10x_rcc.o(i.RCC_GetClocksFreq)
    i.Right_Shift                            0x08002598   Section        0  image.o(i.Right_Shift)
    i.SH1106_SendPage                        0x080025c0   Section        0  hardi2c.o(i.SH1106_SendPage)
    i.SVC_Handler                            0x080026a4   Section        0  stm32f10x_it.o(i.SVC_Handler)
    i.SetSysClock                            0x080026a6   Section        0  system_stm32f10x.o(i.SetSysClock)
    SetSysClock                              0x080026a7   Thumb Code     8  system_stm32f10x.o(i.SetSysClock)
    i.SetSysClockTo72                        0x080026b0   Section        0  system_stm32f10x.o(i.SetSysClockTo72)
    SetSysClockTo72                          0x080026b1   Thumb Code   214  system_stm32f10x.o(i.SetSysClockTo72)
    i.ShowArrow                              0x08002790   Section        0  image.o(i.ShowArrow)
    i.ShowMenu                               0x080027ac   Section        0  image.o(i.ShowMenu)
    i.ShowText                               0x08002868   Section        0  image.o(i.ShowText)
    i.SysTick_Handler                        0x080028a4   Section        0  stm32f10x_it.o(i.SysTick_Handler)
    i.SystemInit                             0x08002934   Section        0  system_stm32f10x.o(i.SystemInit)
    i.TIM2_IRQHandler                        0x08002994   Section        0  mytimer.o(i.TIM2_IRQHandler)
    i.TIM3_IRQHandler                        0x080029fc   Section        0  encoder.o(i.TIM3_IRQHandler)
    i.TIM_ClearFlag                          0x08002a54   Section        0  stm32f10x_tim.o(i.TIM_ClearFlag)
    i.TIM_ClearITPendingBit                  0x08002a5a   Section        0  stm32f10x_tim.o(i.TIM_ClearITPendingBit)
    i.TIM_Cmd                                0x08002a60   Section        0  stm32f10x_tim.o(i.TIM_Cmd)
    i.TIM_EncoderInterfaceConfig             0x08002a78   Section        0  stm32f10x_tim.o(i.TIM_EncoderInterfaceConfig)
    i.TIM_GetITStatus                        0x08002aba   Section        0  stm32f10x_tim.o(i.TIM_GetITStatus)
    i.TIM_ITConfig                           0x08002adc   Section        0  stm32f10x_tim.o(i.TIM_ITConfig)
    i.TIM_InternalClockConfig                0x08002aee   Section        0  stm32f10x_tim.o(i.TIM_InternalClockConfig)
    i.TIM_OC1Init                            0x08002afc   Section        0  stm32f10x_tim.o(i.TIM_OC1Init)
    i.TIM_OC2Init                            0x08002b94   Section        0  stm32f10x_tim.o(i.TIM_OC2Init)
    i.TIM_OCStructInit                       0x08002c38   Section        0  stm32f10x_tim.o(i.TIM_OCStructInit)
    i.TIM_SetCounter                         0x08002c4c   Section        0  stm32f10x_tim.o(i.TIM_SetCounter)
    i.TIM_TimeBaseInit                       0x08002c50   Section        0  stm32f10x_tim.o(i.TIM_TimeBaseInit)
    i.Timer_Init                             0x08002cf4   Section        0  mytimer.o(i.Timer_Init)
    i.UsageFault_Handler                     0x08002d7c   Section        0  stm32f10x_it.o(i.UsageFault_Handler)
    i.main                                   0x08002d80   Section        0  main.o(i.main)
    i.scale24x32_to36x48                     0x08002dac   Section        0  image.o(i.scale24x32_to36x48)
    i.scale_1bit                             0x08002e70   Section        0  image.o(i.scale_1bit)
    .constdata                               0x08002f62   Section     4110  oled.o(.constdata)
    .constdata                               0x08003f70   Section      632  image.o(.constdata)
    .conststring                             0x080041e8   Section       37  image.o(.conststring)
    .data                                    0x20000000   Section       20  system_stm32f10x.o(.data)
    .data                                    0x20000014   Section       20  stm32f10x_rcc.o(.data)
    APBAHBPrescTable                         0x20000014   Data          16  stm32f10x_rcc.o(.data)
    ADCPrescTable                            0x20000024   Data           4  stm32f10x_rcc.o(.data)
    .data                                    0x20000028   Section        3  mytimer.o(.data)
    Count                                    0x2000002a   Data           1  mytimer.o(.data)
    .data                                    0x2000002b   Section        6  eventbus.o(.data)
    queue                                    0x2000002b   Data           3  eventbus.o(.data)
    head                                     0x2000002f   Data           1  eventbus.o(.data)
    tail                                     0x20000030   Data           1  eventbus.o(.data)
    .data                                    0x20000032   Section        3  stm32f10x_it.o(.data)
    eventTemp                                0x20000034   Data           1  stm32f10x_it.o(.data)
    .data                                    0x20000035   Section        6  hardi2c.o(.data)
    i2c_buf                                  0x20000035   Data           2  hardi2c.o(.data)
    .data                                    0x2000003b   Section        3  oled.o(.data)
    .data                                    0x20000040   Section      148  image.o(.data)
    .data                                    0x200000d4   Section        3  encoder.o(.data)
    .bss                                     0x200000d8   Section      363  eventbus.o(.bss)
    handlers                                 0x200000d8   Data         352  eventbus.o(.bss)
    handler_count                            0x20000238   Data          11  eventbus.o(.bss)
    .bss                                     0x20000243   Section     3072  oled.o(.bss)
    .bss                                     0x20000e44   Section      120  image.o(.bss)
    .bss                                     0x20000ebc   Section       96  libspace.o(.bss)
    HEAP                                     0x20000f20   Section     1536  startup_stm32f10x_md.o(HEAP)
    Heap_Mem                                 0x20000f20   Data        1536  startup_stm32f10x_md.o(HEAP)
    STACK                                    0x20001520   Section     2048  startup_stm32f10x_md.o(STACK)
    Stack_Mem                                0x20001520   Data        2048  startup_stm32f10x_md.o(STACK)
    __initial_sp                             0x20001d20   Data           0  startup_stm32f10x_md.o(STACK)

    Global Symbols

    Symbol Name                              Value     Ov Type        Size  Object(Section)

    BuildAttributes$$THM_ISAv4$P$D$K$B$S$PE$A:L22UL41UL21$X:L11$S22US41US21$IEEE1$IW$USESV6$~STKCKD$USESV7$~SHL$OTIME$ROPI$IEEEJ$EBA8$UX$STANDARDLIB$REQ8$PRES8$EABIv2 0x00000000   Number         0  anon$$obj.o ABSOLUTE
    __ARM_use_no_argv                        0x00000000   Number         0  main.o ABSOLUTE
    __ARM_exceptions_init                     - Undefined Weak Reference
    __alloca_initialize                       - Undefined Weak Reference
    __arm_preinit_                            - Undefined Weak Reference
    __cpp_initialize__aeabi_                  - Undefined Weak Reference
    __cxa_finalize                            - Undefined Weak Reference
    __rt_locale                               - Undefined Weak Reference
    __sigvec_lookup                           - Undefined Weak Reference
    __user_heap_extent                        - Undefined Weak Reference
    _atexit_init                              - Undefined Weak Reference
    _call_atexit_fns                          - Undefined Weak Reference
    _clock_init                               - Undefined Weak Reference
    _fp_trap_init                             - Undefined Weak Reference
    _fp_trap_shutdown                         - Undefined Weak Reference
    _get_lc_collate                           - Undefined Weak Reference
    _get_lc_ctype                             - Undefined Weak Reference
    _get_lc_monetary                          - Undefined Weak Reference
    _get_lc_numeric                           - Undefined Weak Reference
    _get_lc_time                              - Undefined Weak Reference
    _getenv_init                              - Undefined Weak Reference
    _handle_redirection                       - Undefined Weak Reference
    _initio                                   - Undefined Weak Reference
    _mutex_acquire                            - Undefined Weak Reference
    _mutex_free                               - Undefined Weak Reference
    _mutex_release                            - Undefined Weak Reference
    _rand_init                                - Undefined Weak Reference
    _signal_finish                            - Undefined Weak Reference
    _signal_init                              - Undefined Weak Reference
    _terminateio                              - Undefined Weak Reference
    __Vectors_Size                           0x000000ec   Number         0  startup_stm32f10x_md.o ABSOLUTE
    __Vectors                                0x08000000   Data           4  startup_stm32f10x_md.o(RESET)
    __Vectors_End                            0x080000ec   Data           0  startup_stm32f10x_md.o(RESET)
    __main                                   0x080000ed   Thumb Code     8  __main.o(!!!main)
    __scatterload                            0x080000f5   Thumb Code     0  __scatter.o(!!!scatter)
    __scatterload_rt2                        0x080000f5   Thumb Code    44  __scatter.o(!!!scatter)
    __scatterload_rt2_thumb_only             0x080000f5   Thumb Code     0  __scatter.o(!!!scatter)
    __scatterload_null                       0x08000103   Thumb Code     0  __scatter.o(!!!scatter)
    __scatterload_copy                       0x08000129   Thumb Code    26  __scatter_copy.o(!!handler_copy)
    __scatterload_zeroinit                   0x08000145   Thumb Code    28  __scatter_zi.o(!!handler_zi)
    __rt_lib_init                            0x08000161   Thumb Code     0  libinit.o(.ARM.Collect$$libinit$$00000000)
    __rt_lib_init_alloca_1                   0x08000163   Thumb Code     0  libinit2.o(.ARM.Collect$$libinit$$0000002E)
    __rt_lib_init_argv_1                     0x08000163   Thumb Code     0  libinit2.o(.ARM.Collect$$libinit$$0000002C)
    __rt_lib_init_atexit_1                   0x08000163   Thumb Code     0  libinit2.o(.ARM.Collect$$libinit$$0000001B)
    __rt_lib_init_clock_1                    0x08000163   Thumb Code     0  libinit2.o(.ARM.Collect$$libinit$$00000021)
    __rt_lib_init_cpp_1                      0x08000163   Thumb Code     0  libinit2.o(.ARM.Collect$$libinit$$00000032)
    __rt_lib_init_exceptions_1               0x08000163   Thumb Code     0  libinit2.o(.ARM.Collect$$libinit$$00000030)
    __rt_lib_init_fp_1                       0x08000163   Thumb Code     0  libinit2.o(.ARM.Collect$$libinit$$00000002)
    __rt_lib_init_fp_trap_1                  0x08000163   Thumb Code     0  libinit2.o(.ARM.Collect$$libinit$$0000001F)
    __rt_lib_init_getenv_1                   0x08000163   Thumb Code     0  libinit2.o(.ARM.Collect$$libinit$$00000023)
    __rt_lib_init_heap_1                     0x08000163   Thumb Code     0  libinit2.o(.ARM.Collect$$libinit$$0000000A)
    __rt_lib_init_lc_collate_1               0x08000163   Thumb Code     0  libinit2.o(.ARM.Collect$$libinit$$00000011)
    __rt_lib_init_lc_ctype_1                 0x08000163   Thumb Code     0  libinit2.o(.ARM.Collect$$libinit$$00000013)
    __rt_lib_init_lc_monetary_1              0x08000163   Thumb Code     0  libinit2.o(.ARM.Collect$$libinit$$00000015)
    __rt_lib_init_lc_numeric_1               0x08000163   Thumb Code     0  libinit2.o(.ARM.Collect$$libinit$$00000017)
    __rt_lib_init_lc_time_1                  0x08000163   Thumb Code     0  libinit2.o(.ARM.Collect$$libinit$$00000019)
    __rt_lib_init_preinit_1                  0x08000163   Thumb Code     0  libinit2.o(.ARM.Collect$$libinit$$00000004)
    __rt_lib_init_rand_1                     0x08000163   Thumb Code     0  libinit2.o(.ARM.Collect$$libinit$$0000000E)
    __rt_lib_init_return                     0x08000163   Thumb Code     0  libinit2.o(.ARM.Collect$$libinit$$00000033)
    __rt_lib_init_signal_1                   0x08000163   Thumb Code     0  libinit2.o(.ARM.Collect$$libinit$$0000001D)
    __rt_lib_init_stdio_1                    0x08000163   Thumb Code     0  libinit2.o(.ARM.Collect$$libinit$$00000025)
    __rt_lib_init_user_alloc_1               0x08000163   Thumb Code     0  libinit2.o(.ARM.Collect$$libinit$$0000000C)
    __rt_lib_shutdown                        0x08000165   Thumb Code     0  libshutdown.o(.ARM.Collect$$libshutdown$$00000000)
    __rt_lib_shutdown_cpp_1                  0x08000167   Thumb Code     0  libshutdown2.o(.ARM.Collect$$libshutdown$$00000002)
    __rt_lib_shutdown_fp_trap_1              0x08000167   Thumb Code     0  libshutdown2.o(.ARM.Collect$$libshutdown$$00000007)
    __rt_lib_shutdown_heap_1                 0x08000167   Thumb Code     0  libshutdown2.o(.ARM.Collect$$libshutdown$$0000000F)
    __rt_lib_shutdown_return                 0x08000167   Thumb Code     0  libshutdown2.o(.ARM.Collect$$libshutdown$$00000010)
    __rt_lib_shutdown_signal_1               0x08000167   Thumb Code     0  libshutdown2.o(.ARM.Collect$$libshutdown$$0000000A)
    __rt_lib_shutdown_stdio_1                0x08000167   Thumb Code     0  libshutdown2.o(.ARM.Collect$$libshutdown$$00000004)
    __rt_lib_shutdown_user_alloc_1           0x08000167   Thumb Code     0  libshutdown2.o(.ARM.Collect$$libshutdown$$0000000C)
    __rt_entry                               0x08000169   Thumb Code     0  __rtentry.o(.ARM.Collect$$rtentry$$00000000)
    __rt_entry_presh_1                       0x08000169   Thumb Code     0  __rtentry2.o(.ARM.Collect$$rtentry$$00000002)
    __rt_entry_sh                            0x08000169   Thumb Code     0  __rtentry4.o(.ARM.Collect$$rtentry$$00000004)
    __rt_entry_li                            0x0800016f   Thumb Code     0  __rtentry2.o(.ARM.Collect$$rtentry$$0000000A)
    __rt_entry_postsh_1                      0x0800016f   Thumb Code     0  __rtentry2.o(.ARM.Collect$$rtentry$$00000009)
    __rt_entry_main                          0x08000173   Thumb Code     0  __rtentry2.o(.ARM.Collect$$rtentry$$0000000D)
    __rt_entry_postli_1                      0x08000173   Thumb Code     0  __rtentry2.o(.ARM.Collect$$rtentry$$0000000C)
    __rt_exit                                0x0800017b   Thumb Code     0  rtexit.o(.ARM.Collect$$rtexit$$00000000)
    __rt_exit_ls                             0x0800017d   Thumb Code     0  rtexit2.o(.ARM.Collect$$rtexit$$00000003)
    __rt_exit_prels_1                        0x0800017d   Thumb Code     0  rtexit2.o(.ARM.Collect$$rtexit$$00000002)
    __rt_exit_exit                           0x08000181   Thumb Code     0  rtexit2.o(.ARM.Collect$$rtexit$$00000004)
    Reset_Handler                            0x08000189   Thumb Code     8  startup_stm32f10x_md.o(.text)
    ADC1_2_IRQHandler                        0x080001a3   Thumb Code     0  startup_stm32f10x_md.o(.text)
    CAN1_RX1_IRQHandler                      0x080001a3   Thumb Code     0  startup_stm32f10x_md.o(.text)
    CAN1_SCE_IRQHandler                      0x080001a3   Thumb Code     0  startup_stm32f10x_md.o(.text)
    DMA1_Channel1_IRQHandler                 0x080001a3   Thumb Code     0  startup_stm32f10x_md.o(.text)
    DMA1_Channel2_IRQHandler                 0x080001a3   Thumb Code     0  startup_stm32f10x_md.o(.text)
    DMA1_Channel3_IRQHandler                 0x080001a3   Thumb Code     0  startup_stm32f10x_md.o(.text)
    DMA1_Channel4_IRQHandler                 0x080001a3   Thumb Code     0  startup_stm32f10x_md.o(.text)
    DMA1_Channel5_IRQHandler                 0x080001a3   Thumb Code     0  startup_stm32f10x_md.o(.text)
    DMA1_Channel7_IRQHandler                 0x080001a3   Thumb Code     0  startup_stm32f10x_md.o(.text)
    EXTI1_IRQHandler                         0x080001a3   Thumb Code     0  startup_stm32f10x_md.o(.text)
    EXTI2_IRQHandler                         0x080001a3   Thumb Code     0  startup_stm32f10x_md.o(.text)
    EXTI3_IRQHandler                         0x080001a3   Thumb Code     0  startup_stm32f10x_md.o(.text)
    EXTI4_IRQHandler                         0x080001a3   Thumb Code     0  startup_stm32f10x_md.o(.text)
    EXTI9_5_IRQHandler                       0x080001a3   Thumb Code     0  startup_stm32f10x_md.o(.text)
    FLASH_IRQHandler                         0x080001a3   Thumb Code     0  startup_stm32f10x_md.o(.text)
    I2C1_ER_IRQHandler                       0x080001a3   Thumb Code     0  startup_stm32f10x_md.o(.text)
    I2C1_EV_IRQHandler                       0x080001a3   Thumb Code     0  startup_stm32f10x_md.o(.text)
    I2C2_ER_IRQHandler                       0x080001a3   Thumb Code     0  startup_stm32f10x_md.o(.text)
    I2C2_EV_IRQHandler                       0x080001a3   Thumb Code     0  startup_stm32f10x_md.o(.text)
    PVD_IRQHandler                           0x080001a3   Thumb Code     0  startup_stm32f10x_md.o(.text)
    RCC_IRQHandler                           0x080001a3   Thumb Code     0  startup_stm32f10x_md.o(.text)
    RTCAlarm_IRQHandler                      0x080001a3   Thumb Code     0  startup_stm32f10x_md.o(.text)
    RTC_IRQHandler                           0x080001a3   Thumb Code     0  startup_stm32f10x_md.o(.text)
    SPI1_IRQHandler                          0x080001a3   Thumb Code     0  startup_stm32f10x_md.o(.text)
    SPI2_IRQHandler                          0x080001a3   Thumb Code     0  startup_stm32f10x_md.o(.text)
    TAMPER_IRQHandler                        0x080001a3   Thumb Code     0  startup_stm32f10x_md.o(.text)
    TIM1_BRK_IRQHandler                      0x080001a3   Thumb Code     0  startup_stm32f10x_md.o(.text)
    TIM1_CC_IRQHandler                       0x080001a3   Thumb Code     0  startup_stm32f10x_md.o(.text)
    TIM1_TRG_COM_IRQHandler                  0x080001a3   Thumb Code     0  startup_stm32f10x_md.o(.text)
    TIM1_UP_IRQHandler                       0x080001a3   Thumb Code     0  startup_stm32f10x_md.o(.text)
    TIM4_IRQHandler                          0x080001a3   Thumb Code     0  startup_stm32f10x_md.o(.text)
    USART1_IRQHandler                        0x080001a3   Thumb Code     0  startup_stm32f10x_md.o(.text)
    USART2_IRQHandler                        0x080001a3   Thumb Code     0  startup_stm32f10x_md.o(.text)
    USART3_IRQHandler                        0x080001a3   Thumb Code     0  startup_stm32f10x_md.o(.text)
    USBWakeUp_IRQHandler                     0x080001a3   Thumb Code     0  startup_stm32f10x_md.o(.text)
    USB_HP_CAN1_TX_IRQHandler                0x080001a3   Thumb Code     0  startup_stm32f10x_md.o(.text)
    USB_LP_CAN1_RX0_IRQHandler               0x080001a3   Thumb Code     0  startup_stm32f10x_md.o(.text)
    WWDG_IRQHandler                          0x080001a3   Thumb Code     0  startup_stm32f10x_md.o(.text)
    __user_initial_stackheap                 0x080001a5   Thumb Code     0  startup_stm32f10x_md.o(.text)
    __aeabi_memcpy                           0x080001c9   Thumb Code     0  rt_memcpy_v6.o(.text)
    __rt_memcpy                              0x080001c9   Thumb Code   138  rt_memcpy_v6.o(.text)
    _memcpy_lastbytes                        0x0800022f   Thumb Code     0  rt_memcpy_v6.o(.text)
    __aeabi_memclr                           0x08000253   Thumb Code     0  rt_memclr.o(.text)
    __rt_memclr                              0x08000253   Thumb Code    68  rt_memclr.o(.text)
    _memset                                  0x08000257   Thumb Code     0  rt_memclr.o(.text)
    __aeabi_memclr4                          0x08000297   Thumb Code     0  rt_memclr_w.o(.text)
    __aeabi_memclr8                          0x08000297   Thumb Code     0  rt_memclr_w.o(.text)
    __rt_memclr_w                            0x08000297   Thumb Code    78  rt_memclr_w.o(.text)
    _memset_w                                0x0800029b   Thumb Code     0  rt_memclr_w.o(.text)
    strcmp                                   0x080002e5   Thumb Code   128  strcmpv7m.o(.text)
    __use_two_region_memory                  0x08000365   Thumb Code     2  heapauxi.o(.text)
    __rt_heap_escrow                         0x08000367   Thumb Code     2  heapauxi.o(.text)
    __rt_heap_expand                         0x08000369   Thumb Code     2  heapauxi.o(.text)
    __aeabi_memcpy4                          0x0800036b   Thumb Code     0  rt_memcpy_w.o(.text)
    __aeabi_memcpy8                          0x0800036b   Thumb Code     0  rt_memcpy_w.o(.text)
    __rt_memcpy_w                            0x0800036b   Thumb Code   100  rt_memcpy_w.o(.text)
    _memcpy_lastbytes_aligned                0x080003b3   Thumb Code     0  rt_memcpy_w.o(.text)
    __user_libspace                          0x080003d1   Thumb Code     8  libspace.o(.text)
    __user_perproc_libspace                  0x080003d1   Thumb Code     0  libspace.o(.text)
    __user_perthread_libspace                0x080003d1   Thumb Code     0  libspace.o(.text)
    __I$use$semihosting                      0x080003d9   Thumb Code     0  use_no_semi.o(.text)
    __use_no_semihosting_swi                 0x080003d9   Thumb Code     2  use_no_semi.o(.text)
    __semihosting_library_function           0x080003db   Thumb Code     0  indicate_semi.o(.text)
    __user_setup_stackheap                   0x080003db   Thumb Code    74  sys_stackheap_outer.o(.text)
    exit                                     0x08000425   Thumb Code    18  exit.o(.text)
    _sys_exit                                0x08000439   Thumb Code     8  sys_exit.o(.text)
    BusFault_Handler                         0x08000445   Thumb Code     4  stm32f10x_it.o(i.BusFault_Handler)
    DMA1_Channel6_IRQHandler                 0x08000449   Thumb Code   316  hardi2c.o(i.DMA1_Channel6_IRQHandler)
    DMA_ClearFlag                            0x080005ad   Thumb Code    18  stm32f10x_dma.o(i.DMA_ClearFlag)
    DMA_ClearITPendingBit                    0x080005c9   Thumb Code    18  stm32f10x_dma.o(i.DMA_ClearITPendingBit)
    DMA_Cmd                                  0x080005e5   Thumb Code    24  stm32f10x_dma.o(i.DMA_Cmd)
    DMA_DeInit                               0x080005fd   Thumb Code   324  stm32f10x_dma.o(i.DMA_DeInit)
    DMA_GetITStatus                          0x08000749   Thumb Code    36  stm32f10x_dma.o(i.DMA_GetITStatus)
    DMA_ITConfig                             0x08000775   Thumb Code    18  stm32f10x_dma.o(i.DMA_ITConfig)
    DMA_Init                                 0x08000787   Thumb Code    60  stm32f10x_dma.o(i.DMA_Init)
    DebugMon_Handler                         0x080007c3   Thumb Code     2  stm32f10x_it.o(i.DebugMon_Handler)
    Delay_ms                                 0x080007c5   Thumb Code    24  delay.o(i.Delay_ms)
    Delay_us                                 0x080007dd   Thumb Code    46  delay.o(i.Delay_us)
    EXTI0_IRQHandler                         0x0800080b   Thumb Code    24  key.o(i.EXTI0_IRQHandler)
    EXTI15_10_IRQHandler                     0x08000823   Thumb Code    28  key.o(i.EXTI15_10_IRQHandler)
    EXTI_ClearITPendingBit                   0x08000841   Thumb Code     6  stm32f10x_exti.o(i.EXTI_ClearITPendingBit)
    EXTI_GetITStatus                         0x0800084d   Thumb Code    34  stm32f10x_exti.o(i.EXTI_GetITStatus)
    EXTI_Init                                0x08000875   Thumb Code   142  stm32f10x_exti.o(i.EXTI_Init)
    Encoder_Init                             0x08000909   Thumb Code   226  encoder.o(i.Encoder_Init)
    EventBus_IsVoid                          0x080009fd   Thumb Code    20  eventbus.o(i.EventBus_IsVoid)
    EventBus_Publish                         0x08000a15   Thumb Code    72  eventbus.o(i.EventBus_Publish)
    EventBus_Subscribe                       0x08000a65   Thumb Code    58  eventbus.o(i.EventBus_Subscribe)
    EventQueue_Dequeue                       0x08000aa9   Thumb Code    52  eventbus.o(i.EventQueue_Dequeue)
    EventQueue_Enqueue                       0x08000aed   Thumb Code    56  eventbus.o(i.EventQueue_Enqueue)
    EventQueue_IsEmpty                       0x08000b31   Thumb Code    20  eventbus.o(i.EventQueue_IsEmpty)
    FPS_Get                                  0x08000b4d   Thumb Code    12  oled.o(i.FPS_Get)
    GPIO_EXTILineConfig                      0x08000b5d   Thumb Code    60  stm32f10x_gpio.o(i.GPIO_EXTILineConfig)
    GPIO_Init                                0x08000b9d   Thumb Code   278  stm32f10x_gpio.o(i.GPIO_Init)
    GPIO_PinRemapConfig                      0x08000cb5   Thumb Code   138  stm32f10x_gpio.o(i.GPIO_PinRemapConfig)
    GPIO_ReadInputDataBit                    0x08000d45   Thumb Code    18  stm32f10x_gpio.o(i.GPIO_ReadInputDataBit)
    GPIO_SetBits                             0x08000d57   Thumb Code     4  stm32f10x_gpio.o(i.GPIO_SetBits)
    HardFault_Handler                        0x08000d5b   Thumb Code     4  stm32f10x_it.o(i.HardFault_Handler)
    I2C_CheckEvent                           0x08000e09   Thumb Code    42  stm32f10x_i2c.o(i.I2C_CheckEvent)
    I2C_ClearFlag                            0x08000e33   Thumb Code    12  stm32f10x_i2c.o(i.I2C_ClearFlag)
    I2C_Cmd                                  0x08000e3f   Thumb Code    24  stm32f10x_i2c.o(i.I2C_Cmd)
    I2C_DMACmd                               0x08000e57   Thumb Code    24  stm32f10x_i2c.o(i.I2C_DMACmd)
    I2C_DeInit                               0x08000e71   Thumb Code    50  stm32f10x_i2c.o(i.I2C_DeInit)
    I2C_GenerateSTART                        0x08000ea9   Thumb Code    24  stm32f10x_i2c.o(i.I2C_GenerateSTART)
    I2C_GenerateSTOP                         0x08000ec1   Thumb Code    24  stm32f10x_i2c.o(i.I2C_GenerateSTOP)
    I2C_GetFlagStatus                        0x08000ed9   Thumb Code    58  stm32f10x_i2c.o(i.I2C_GetFlagStatus)
    I2C_Init                                 0x08000f15   Thumb Code   222  stm32f10x_i2c.o(i.I2C_Init)
    I2C_Send7bitAddress                      0x08001001   Thumb Code    18  stm32f10x_i2c.o(i.I2C_Send7bitAddress)
    I2C_SendData                             0x08001013   Thumb Code     4  stm32f10x_i2c.o(i.I2C_SendData)
    I2C_SoftwareResetCmd                     0x08001017   Thumb Code    22  stm32f10x_i2c.o(i.I2C_SoftwareResetCmd)
    Image_Init                               0x0800102d   Thumb Code   210  image.o(i.Image_Init)
    Is_KeyPressed                            0x0800112d   Thumb Code    40  key.o(i.Is_KeyPressed)
    KeyLogic_Process                         0x08001159   Thumb Code   100  key.o(i.KeyLogic_Process)
    KeyLogic_Process_Back                    0x080011cd   Thumb Code    10  key.o(i.KeyLogic_Process_Back)
    KeyLogic_Process_OK                      0x080011d7   Thumb Code    10  key.o(i.KeyLogic_Process_OK)
    Key_Init                                 0x080011e1   Thumb Code   188  key.o(i.Key_Init)
    Left_Shift                               0x080012b1   Thumb Code    34  image.o(i.Left_Shift)
    MemManage_Handler                        0x080012d9   Thumb Code     4  stm32f10x_it.o(i.MemManage_Handler)
    MenuBack                                 0x080012dd   Thumb Code    52  image.o(i.MenuBack)
    MenuDown                                 0x08001315   Thumb Code    38  image.o(i.MenuDown)
    MenuForward                              0x08001349   Thumb Code    92  image.o(i.MenuForward)
    NMI_Handler                              0x080013b5   Thumb Code     2  stm32f10x_it.o(i.NMI_Handler)
    NVIC_Init                                0x080013b9   Thumb Code   100  misc.o(i.NVIC_Init)
    NVIC_PriorityGroupConfig                 0x08001429   Thumb Code    10  misc.o(i.NVIC_PriorityGroupConfig)
    OLED_Clear                               0x0800143d   Thumb Code    42  oled.o(i.OLED_Clear)
    OLED_ClearBuf                            0x08001469   Thumb Code    22  oled.o(i.OLED_ClearBuf)
    OLED_HardWriteCommand                    0x08001489   Thumb Code   322  hardi2c.o(i.OLED_HardWriteCommand)
    OLED_I2C_Init                            0x080015dd   Thumb Code   314  hardi2c.o(i.OLED_I2C_Init)
    OLED_Init                                0x08001749   Thumb Code   194  oled.o(i.OLED_Init)
    OLED_OffsetUpdate                        0x08001811   Thumb Code    74  oled.o(i.OLED_OffsetUpdate)
    OLED_ReverseArea                         0x08001865   Thumb Code   394  oled.o(i.OLED_ReverseArea)
    OLED_SetCursor                           0x080019f9   Thumb Code    34  oled.o(i.OLED_SetCursor)
    OLED_ShowChar                            0x08001a1d   Thumb Code   170  oled.o(i.OLED_ShowChar)
    OLED_ShowChinese                         0x08001acd   Thumb Code   352  oled.o(i.OLED_ShowChinese)
    OLED_ShowImage                           0x08001c35   Thumb Code  1534  oled.o(i.OLED_ShowImage)
    OLED_ShowString                          0x0800223d   Thumb Code   148  oled.o(i.OLED_ShowString)
    OLED_Update                              0x080022d1   Thumb Code   306  oled.o(i.OLED_Update)
    OLED_WriteData                           0x08002435   Thumb Code    14  hardi2c.o(i.OLED_WriteData)
    PendSV_Handler                           0x08002443   Thumb Code     2  stm32f10x_it.o(i.PendSV_Handler)
    RCC_AHBPeriphClockCmd                    0x08002445   Thumb Code    26  stm32f10x_rcc.o(i.RCC_AHBPeriphClockCmd)
    RCC_APB1PeriphClockCmd                   0x08002465   Thumb Code    26  stm32f10x_rcc.o(i.RCC_APB1PeriphClockCmd)
    RCC_APB1PeriphResetCmd                   0x08002485   Thumb Code    26  stm32f10x_rcc.o(i.RCC_APB1PeriphResetCmd)
    RCC_APB2PeriphClockCmd                   0x080024a5   Thumb Code    26  stm32f10x_rcc.o(i.RCC_APB2PeriphClockCmd)
    RCC_GetClocksFreq                        0x080024c5   Thumb Code   192  stm32f10x_rcc.o(i.RCC_GetClocksFreq)
    Right_Shift                              0x08002599   Thumb Code    34  image.o(i.Right_Shift)
    SH1106_SendPage                          0x080025c1   Thumb Code   202  hardi2c.o(i.SH1106_SendPage)
    SVC_Handler                              0x080026a5   Thumb Code     2  stm32f10x_it.o(i.SVC_Handler)
    ShowArrow                                0x08002791   Thumb Code    24  image.o(i.ShowArrow)
    ShowMenu                                 0x080027ad   Thumb Code   178  image.o(i.ShowMenu)
    ShowText                                 0x08002869   Thumb Code    52  image.o(i.ShowText)
    SysTick_Handler                          0x080028a5   Thumb Code   130  stm32f10x_it.o(i.SysTick_Handler)
    SystemInit                               0x08002935   Thumb Code    78  system_stm32f10x.o(i.SystemInit)
    TIM2_IRQHandler                          0x08002995   Thumb Code    90  mytimer.o(i.TIM2_IRQHandler)
    TIM3_IRQHandler                          0x080029fd   Thumb Code    78  encoder.o(i.TIM3_IRQHandler)
    TIM_ClearFlag                            0x08002a55   Thumb Code     6  stm32f10x_tim.o(i.TIM_ClearFlag)
    TIM_ClearITPendingBit                    0x08002a5b   Thumb Code     6  stm32f10x_tim.o(i.TIM_ClearITPendingBit)
    TIM_Cmd                                  0x08002a61   Thumb Code    24  stm32f10x_tim.o(i.TIM_Cmd)
    TIM_EncoderInterfaceConfig               0x08002a79   Thumb Code    66  stm32f10x_tim.o(i.TIM_EncoderInterfaceConfig)
    TIM_GetITStatus                          0x08002abb   Thumb Code    34  stm32f10x_tim.o(i.TIM_GetITStatus)
    TIM_ITConfig                             0x08002add   Thumb Code    18  stm32f10x_tim.o(i.TIM_ITConfig)
    TIM_InternalClockConfig                  0x08002aef   Thumb Code    12  stm32f10x_tim.o(i.TIM_InternalClockConfig)
    TIM_OC1Init                              0x08002afd   Thumb Code   132  stm32f10x_tim.o(i.TIM_OC1Init)
    TIM_OC2Init                              0x08002b95   Thumb Code   154  stm32f10x_tim.o(i.TIM_OC2Init)
    TIM_OCStructInit                         0x08002c39   Thumb Code    20  stm32f10x_tim.o(i.TIM_OCStructInit)
    TIM_SetCounter                           0x08002c4d   Thumb Code     4  stm32f10x_tim.o(i.TIM_SetCounter)
    TIM_TimeBaseInit                         0x08002c51   Thumb Code   122  stm32f10x_tim.o(i.TIM_TimeBaseInit)
    Timer_Init                               0x08002cf5   Thumb Code   132  mytimer.o(i.Timer_Init)
    UsageFault_Handler                       0x08002d7d   Thumb Code     4  stm32f10x_it.o(i.UsageFault_Handler)
    main                                     0x08002d81   Thumb Code    44  main.o(i.main)
    scale24x32_to36x48                       0x08002dad   Thumb Code   196  image.o(i.scale24x32_to36x48)
    scale_1bit                               0x08002e71   Thumb Code   242  image.o(i.scale_1bit)
    OLED_F8x16                               0x08002f62   Data        1520  oled.o(.constdata)
    OLED_CF16x16                             0x08003552   Data        2590  oled.o(.constdata)
    Image0                                   0x08003f70   Data          96  image.o(.constdata)
    Image1                                   0x08003fd0   Data         240  image.o(.constdata)
    Image2                                   0x080040c0   Data          96  image.o(.constdata)
    Image3                                   0x08004120   Data          96  image.o(.constdata)
    Image4                                   0x08004180   Data          96  image.o(.constdata)
    Arrow                                    0x080041e0   Data           8  image.o(.constdata)
    Region$$Table$$Base                      0x08004210   Number         0  anon$$obj.o(Region$$Table)
    Region$$Table$$Limit                     0x08004230   Number         0  anon$$obj.o(Region$$Table)
    SystemCoreClock                          0x20000000   Data           4  system_stm32f10x.o(.data)
    AHBPrescTable                            0x20000004   Data          16  system_stm32f10x.o(.data)
    TaskTimer                                0x20000028   Data           1  mytimer.o(.data)
    FPS                                      0x20000029   Data           1  mytimer.o(.data)
    CurrentEvent                             0x2000002e   Data           1  eventbus.o(.data)
    PressDuration                            0x20000032   Data           2  stm32f10x_it.o(.data)
    dma_done                                 0x20000037   Data           1  hardi2c.o(.data)
    g_oled_type                              0x20000038   Data           1  hardi2c.o(.data)
    dma_chain_page                           0x20000039   Data           1  hardi2c.o(.data)
    dma_chain_busy                           0x2000003a   Data           1  hardi2c.o(.data)
    buf_idx                                  0x2000003b   Data           1  oled.o(.data)
    Update_Count                             0x2000003c   Data           1  oled.o(.data)
    OledOptions                              0x2000003d   Data           1  oled.o(.data)
    menuOptions                              0x20000040   Data           3  image.o(.data)
    NodeA                                    0x20000044   Data          28  image.o(.data)
    NodeB                                    0x20000060   Data          28  image.o(.data)
    NodeC                                    0x2000007c   Data          28  image.o(.data)
    NodeD                                    0x20000098   Data          28  image.o(.data)
    NodeE                                    0x200000b4   Data          28  image.o(.data)
    pCurrentQueue                            0x200000d0   Data           4  image.o(.data)
    Encoder_Count                            0x200000d4   Data           2  encoder.o(.data)
    Speed                                    0x200000d6   Data           1  encoder.o(.data)
    OLED_BUF                                 0x20000243   Data        2048  oled.o(.bss)
    ImageTemp                                0x20000a43   Data        1024  oled.o(.bss)
    QNode0                                   0x20000e44   Data          20  image.o(.bss)
    QNode1                                   0x20000e58   Data          20  image.o(.bss)
    QNode2                                   0x20000e6c   Data          20  image.o(.bss)
    QNode3                                   0x20000e80   Data          20  image.o(.bss)
    QNode4                                   0x20000e94   Data          20  image.o(.bss)
    RootQueue                                0x20000ea8   Data          20  image.o(.bss)
    __libspace_start                         0x20000ebc   Data          96  libspace.o(.bss)
    __temporary_stack_top$libspace           0x20000f1c   Data           0  libspace.o(.bss)



==============================================================================

Memory Map of the image

  Image Entry point : 0x08000189

  Load Region LR_1 (Base: 0x08000000, Size: 0x00004308, Max: 0xffffffff, ABSOLUTE)

    Execution Region ER_RO (Exec base: 0x08000000, Load base: 0x08000000, Size: 0x00004230, Max: 0xffffffff, ABSOLUTE)

    Exec Addr    Load Addr    Size         Type   Attr      Idx    E Section Name        Object

    0x08000000   0x08000000   0x000000ec   Data   RO            3    RESET               startup_stm32f10x_md.o
    0x080000ec   0x080000ec   0x00000008   Code   RO         4266  * !!!main             c_w.l(__main.o)
    0x080000f4   0x080000f4   0x00000034   Code   RO         4537    !!!scatter          c_w.l(__scatter.o)
    0x08000128   0x08000128   0x0000001a   Code   RO         4539    !!handler_copy      c_w.l(__scatter_copy.o)
    0x08000142   0x08000142   0x00000002   PAD
    0x08000144   0x08000144   0x0000001c   Code   RO         4541    !!handler_zi        c_w.l(__scatter_zi.o)
    0x08000160   0x08000160   0x00000002   Code   RO         4476    .ARM.Collect$$libinit$$00000000  c_w.l(libinit.o)
    0x08000162   0x08000162   0x00000000   Code   RO         4349    .ARM.Collect$$libinit$$00000002  c_w.l(libinit2.o)
    0x08000162   0x08000162   0x00000000   Code   RO         4351    .ARM.Collect$$libinit$$00000004  c_w.l(libinit2.o)
    0x08000162   0x08000162   0x00000000   Code   RO         4354    .ARM.Collect$$libinit$$0000000A  c_w.l(libinit2.o)
    0x08000162   0x08000162   0x00000000   Code   RO         4356    .ARM.Collect$$libinit$$0000000C  c_w.l(libinit2.o)
    0x08000162   0x08000162   0x00000000   Code   RO         4358    .ARM.Collect$$libinit$$0000000E  c_w.l(libinit2.o)
    0x08000162   0x08000162   0x00000000   Code   RO         4361    .ARM.Collect$$libinit$$00000011  c_w.l(libinit2.o)
    0x08000162   0x08000162   0x00000000   Code   RO         4363    .ARM.Collect$$libinit$$00000013  c_w.l(libinit2.o)
    0x08000162   0x08000162   0x00000000   Code   RO         4365    .ARM.Collect$$libinit$$00000015  c_w.l(libinit2.o)
    0x08000162   0x08000162   0x00000000   Code   RO         4367    .ARM.Collect$$libinit$$00000017  c_w.l(libinit2.o)
    0x08000162   0x08000162   0x00000000   Code   RO         4369    .ARM.Collect$$libinit$$00000019  c_w.l(libinit2.o)
    0x08000162   0x08000162   0x00000000   Code   RO         4371    .ARM.Collect$$libinit$$0000001B  c_w.l(libinit2.o)
    0x08000162   0x08000162   0x00000000   Code   RO         4373    .ARM.Collect$$libinit$$0000001D  c_w.l(libinit2.o)
    0x08000162   0x08000162   0x00000000   Code   RO         4375    .ARM.Collect$$libinit$$0000001F  c_w.l(libinit2.o)
    0x08000162   0x08000162   0x00000000   Code   RO         4377    .ARM.Collect$$libinit$$00000021  c_w.l(libinit2.o)
    0x08000162   0x08000162   0x00000000   Code   RO         4379    .ARM.Collect$$libinit$$00000023  c_w.l(libinit2.o)
    0x08000162   0x08000162   0x00000000   Code   RO         4381    .ARM.Collect$$libinit$$00000025  c_w.l(libinit2.o)
    0x08000162   0x08000162   0x00000000   Code   RO         4385    .ARM.Collect$$libinit$$0000002C  c_w.l(libinit2.o)
    0x08000162   0x08000162   0x00000000   Code   RO         4387    .ARM.Collect$$libinit$$0000002E  c_w.l(libinit2.o)
    0x08000162   0x08000162   0x00000000   Code   RO         4389    .ARM.Collect$$libinit$$00000030  c_w.l(libinit2.o)
    0x08000162   0x08000162   0x00000000   Code   RO         4391    .ARM.Collect$$libinit$$00000032  c_w.l(libinit2.o)
    0x08000162   0x08000162   0x00000002   Code   RO         4392    .ARM.Collect$$libinit$$00000033  c_w.l(libinit2.o)
    0x08000164   0x08000164   0x00000002   Code   RO         4534    .ARM.Collect$$libshutdown$$00000000  c_w.l(libshutdown.o)
    0x08000166   0x08000166   0x00000000   Code   RO         4490    .ARM.Collect$$libshutdown$$00000002  c_w.l(libshutdown2.o)
    0x08000166   0x08000166   0x00000000   Code   RO         4492    .ARM.Collect$$libshutdown$$00000004  c_w.l(libshutdown2.o)
    0x08000166   0x08000166   0x00000000   Code   RO         4495    .ARM.Collect$$libshutdown$$00000007  c_w.l(libshutdown2.o)
    0x08000166   0x08000166   0x00000000   Code   RO         4498    .ARM.Collect$$libshutdown$$0000000A  c_w.l(libshutdown2.o)
    0x08000166   0x08000166   0x00000000   Code   RO         4500    .ARM.Collect$$libshutdown$$0000000C  c_w.l(libshutdown2.o)
    0x08000166   0x08000166   0x00000000   Code   RO         4503    .ARM.Collect$$libshutdown$$0000000F  c_w.l(libshutdown2.o)
    0x08000166   0x08000166   0x00000002   Code   RO         4504    .ARM.Collect$$libshutdown$$00000010  c_w.l(libshutdown2.o)
    0x08000168   0x08000168   0x00000000   Code   RO         4316    .ARM.Collect$$rtentry$$00000000  c_w.l(__rtentry.o)
    0x08000168   0x08000168   0x00000000   Code   RO         4414    .ARM.Collect$$rtentry$$00000002  c_w.l(__rtentry2.o)
    0x08000168   0x08000168   0x00000006   Code   RO         4426    .ARM.Collect$$rtentry$$00000004  c_w.l(__rtentry4.o)
    0x0800016e   0x0800016e   0x00000000   Code   RO         4416    .ARM.Collect$$rtentry$$00000009  c_w.l(__rtentry2.o)
    0x0800016e   0x0800016e   0x00000004   Code   RO         4417    .ARM.Collect$$rtentry$$0000000A  c_w.l(__rtentry2.o)
    0x08000172   0x08000172   0x00000000   Code   RO         4419    .ARM.Collect$$rtentry$$0000000C  c_w.l(__rtentry2.o)
    0x08000172   0x08000172   0x00000008   Code   RO         4420    .ARM.Collect$$rtentry$$0000000D  c_w.l(__rtentry2.o)
    0x0800017a   0x0800017a   0x00000002   Code   RO         4479    .ARM.Collect$$rtexit$$00000000  c_w.l(rtexit.o)
    0x0800017c   0x0800017c   0x00000000   Code   RO         4508    .ARM.Collect$$rtexit$$00000002  c_w.l(rtexit2.o)
    0x0800017c   0x0800017c   0x00000004   Code   RO         4509    .ARM.Collect$$rtexit$$00000003  c_w.l(rtexit2.o)
    0x08000180   0x08000180   0x00000006   Code   RO         4510    .ARM.Collect$$rtexit$$00000004  c_w.l(rtexit2.o)
    0x08000186   0x08000186   0x00000002   PAD
    0x08000188   0x08000188   0x00000040   Code   RO            4  * .text               startup_stm32f10x_md.o
    0x080001c8   0x080001c8   0x0000008a   Code   RO         4254    .text               c_w.l(rt_memcpy_v6.o)
    0x08000252   0x08000252   0x00000044   Code   RO         4258    .text               c_w.l(rt_memclr.o)
    0x08000296   0x08000296   0x0000004e   Code   RO         4260    .text               c_w.l(rt_memclr_w.o)
    0x080002e4   0x080002e4   0x00000080   Code   RO         4262    .text               c_w.l(strcmpv7m.o)
    0x08000364   0x08000364   0x00000006   Code   RO         4264    .text               c_w.l(heapauxi.o)
    0x0800036a   0x0800036a   0x00000064   Code   RO         4344    .text               c_w.l(rt_memcpy_w.o)
    0x080003ce   0x080003ce   0x00000002   PAD
    0x080003d0   0x080003d0   0x00000008   Code   RO         4410    .text               c_w.l(libspace.o)
    0x080003d8   0x080003d8   0x00000002   Code   RO         4452    .text               c_w.l(use_no_semi.o)
    0x080003da   0x080003da   0x00000000   Code   RO         4454    .text               c_w.l(indicate_semi.o)
    0x080003da   0x080003da   0x0000004a   Code   RO         4455    .text               c_w.l(sys_stackheap_outer.o)
    0x08000424   0x08000424   0x00000012   Code   RO         4461    .text               c_w.l(exit.o)
    0x08000436   0x08000436   0x00000002   PAD
    0x08000438   0x08000438   0x0000000c   Code   RO         4477    .text               c_w.l(sys_exit.o)
    0x08000444   0x08000444   0x00000004   Code   RO         3514    i.BusFault_Handler  stm32f10x_it.o
    0x08000448   0x08000448   0x00000164   Code   RO         3650    i.DMA1_Channel6_IRQHandler  hardi2c.o
    0x080005ac   0x080005ac   0x0000001c   Code   RO          909    i.DMA_ClearFlag     stm32f10x_dma.o
    0x080005c8   0x080005c8   0x0000001c   Code   RO          910    i.DMA_ClearITPendingBit  stm32f10x_dma.o
    0x080005e4   0x080005e4   0x00000018   Code   RO          911    i.DMA_Cmd           stm32f10x_dma.o
    0x080005fc   0x080005fc   0x0000014c   Code   RO          912    i.DMA_DeInit        stm32f10x_dma.o
    0x08000748   0x08000748   0x0000002c   Code   RO          915    i.DMA_GetITStatus   stm32f10x_dma.o
    0x08000774   0x08000774   0x00000012   Code   RO          916    i.DMA_ITConfig      stm32f10x_dma.o
    0x08000786   0x08000786   0x0000003c   Code   RO          917    i.DMA_Init          stm32f10x_dma.o
    0x080007c2   0x080007c2   0x00000002   Code   RO         3515    i.DebugMon_Handler  stm32f10x_it.o
    0x080007c4   0x080007c4   0x00000018   Code   RO         3196    i.Delay_ms          delay.o
    0x080007dc   0x080007dc   0x0000002e   Code   RO         3198    i.Delay_us          delay.o
    0x0800080a   0x0800080a   0x00000018   Code   RO         3587    i.EXTI0_IRQHandler  key.o
    0x08000822   0x08000822   0x0000001c   Code   RO         3588    i.EXTI15_10_IRQHandler  key.o
    0x0800083e   0x0800083e   0x00000002   PAD
    0x08000840   0x08000840   0x0000000c   Code   RO          985    i.EXTI_ClearITPendingBit  stm32f10x_exti.o
    0x0800084c   0x0800084c   0x00000028   Code   RO          989    i.EXTI_GetITStatus  stm32f10x_exti.o
    0x08000874   0x08000874   0x00000094   Code   RO          990    i.EXTI_Init         stm32f10x_exti.o
    0x08000908   0x08000908   0x000000f4   Code   RO         4083    i.Encoder_Init      encoder.o
    0x080009fc   0x080009fc   0x00000018   Code   RO         3351    i.EventBus_IsVoid   eventbus.o
    0x08000a14   0x08000a14   0x00000050   Code   RO         3352    i.EventBus_Publish  eventbus.o
    0x08000a64   0x08000a64   0x00000044   Code   RO         3353    i.EventBus_Subscribe  eventbus.o
    0x08000aa8   0x08000aa8   0x00000044   Code   RO         3357    i.EventQueue_Dequeue  eventbus.o
    0x08000aec   0x08000aec   0x00000044   Code   RO         3358    i.EventQueue_Enqueue  eventbus.o
    0x08000b30   0x08000b30   0x0000001c   Code   RO         3360    i.EventQueue_IsEmpty  eventbus.o
    0x08000b4c   0x08000b4c   0x00000010   Code   RO         3793    i.FPS_Get           oled.o
    0x08000b5c   0x08000b5c   0x00000040   Code   RO         1344    i.GPIO_EXTILineConfig  stm32f10x_gpio.o
    0x08000b9c   0x08000b9c   0x00000116   Code   RO         1347    i.GPIO_Init         stm32f10x_gpio.o
    0x08000cb2   0x08000cb2   0x00000002   PAD
    0x08000cb4   0x08000cb4   0x00000090   Code   RO         1349    i.GPIO_PinRemapConfig  stm32f10x_gpio.o
    0x08000d44   0x08000d44   0x00000012   Code   RO         1351    i.GPIO_ReadInputDataBit  stm32f10x_gpio.o
    0x08000d56   0x08000d56   0x00000004   Code   RO         1355    i.GPIO_SetBits      stm32f10x_gpio.o
    0x08000d5a   0x08000d5a   0x00000004   Code   RO         3516    i.HardFault_Handler  stm32f10x_it.o
    0x08000d5e   0x08000d5e   0x00000002   PAD
    0x08000d60   0x08000d60   0x000000a8   Code   RO         3651    i.I2C1_DMA_Send     hardi2c.o
    0x08000e08   0x08000e08   0x0000002a   Code   RO         1461    i.I2C_CheckEvent    stm32f10x_i2c.o
    0x08000e32   0x08000e32   0x0000000c   Code   RO         1462    i.I2C_ClearFlag     stm32f10x_i2c.o
    0x08000e3e   0x08000e3e   0x00000018   Code   RO         1464    i.I2C_Cmd           stm32f10x_i2c.o
    0x08000e56   0x08000e56   0x00000018   Code   RO         1465    i.I2C_DMACmd        stm32f10x_i2c.o
    0x08000e6e   0x08000e6e   0x00000002   PAD
    0x08000e70   0x08000e70   0x00000038   Code   RO         1467    i.I2C_DeInit        stm32f10x_i2c.o
    0x08000ea8   0x08000ea8   0x00000018   Code   RO         1471    i.I2C_GenerateSTART  stm32f10x_i2c.o
    0x08000ec0   0x08000ec0   0x00000018   Code   RO         1472    i.I2C_GenerateSTOP  stm32f10x_i2c.o
    0x08000ed8   0x08000ed8   0x0000003a   Code   RO         1473    i.I2C_GetFlagStatus  stm32f10x_i2c.o
    0x08000f12   0x08000f12   0x00000002   PAD
    0x08000f14   0x08000f14   0x000000ec   Code   RO         1478    i.I2C_Init          stm32f10x_i2c.o
    0x08001000   0x08001000   0x00000012   Code   RO         1485    i.I2C_Send7bitAddress  stm32f10x_i2c.o
    0x08001012   0x08001012   0x00000004   Code   RO         1486    i.I2C_SendData      stm32f10x_i2c.o
    0x08001016   0x08001016   0x00000016   Code   RO         1487    i.I2C_SoftwareResetCmd  stm32f10x_i2c.o
    0x0800102c   0x0800102c   0x00000100   Code   RO         3990    i.Image_Init        image.o
    0x0800112c   0x0800112c   0x0000002c   Code   RO         3589    i.Is_KeyPressed     key.o
    0x08001158   0x08001158   0x00000074   Code   RO         3590    i.KeyLogic_Process  key.o
    0x080011cc   0x080011cc   0x0000000a   Code   RO         3591    i.KeyLogic_Process_Back  key.o
    0x080011d6   0x080011d6   0x0000000a   Code   RO         3592    i.KeyLogic_Process_OK  key.o
    0x080011e0   0x080011e0   0x000000d0   Code   RO         3593    i.Key_Init          key.o
    0x080012b0   0x080012b0   0x00000028   Code   RO         3991    i.Left_Shift        image.o
    0x080012d8   0x080012d8   0x00000004   Code   RO         3517    i.MemManage_Handler  stm32f10x_it.o
    0x080012dc   0x080012dc   0x00000038   Code   RO         3992    i.MenuBack          image.o
    0x08001314   0x08001314   0x00000034   Code   RO         3993    i.MenuDown          image.o
    0x08001348   0x08001348   0x0000006c   Code   RO         3994    i.MenuForward       image.o
    0x080013b4   0x080013b4   0x00000002   Code   RO         3518    i.NMI_Handler       stm32f10x_it.o
    0x080013b6   0x080013b6   0x00000002   PAD
    0x080013b8   0x080013b8   0x00000070   Code   RO          137    i.NVIC_Init         misc.o
    0x08001428   0x08001428   0x00000014   Code   RO          138    i.NVIC_PriorityGroupConfig  misc.o
    0x0800143c   0x0800143c   0x0000002a   Code   RO         3795    i.OLED_Clear        oled.o
    0x08001466   0x08001466   0x00000002   PAD
    0x08001468   0x08001468   0x00000020   Code   RO         3796    i.OLED_ClearBuf     oled.o
    0x08001488   0x08001488   0x00000154   Code   RO         3652    i.OLED_HardWriteCommand  hardi2c.o
    0x080015dc   0x080015dc   0x0000016c   Code   RO         3653    i.OLED_I2C_Init     hardi2c.o
    0x08001748   0x08001748   0x000000c8   Code   RO         3802    i.OLED_Init         oled.o
    0x08001810   0x08001810   0x00000054   Code   RO         3803    i.OLED_OffsetUpdate  oled.o
    0x08001864   0x08001864   0x00000194   Code   RO         3807    i.OLED_ReverseArea  oled.o
    0x080019f8   0x080019f8   0x00000022   Code   RO         3808    i.OLED_SetCursor    oled.o
    0x08001a1a   0x08001a1a   0x00000002   PAD
    0x08001a1c   0x08001a1c   0x000000b0   Code   RO         3810    i.OLED_ShowChar     oled.o
    0x08001acc   0x08001acc   0x00000168   Code   RO         3812    i.OLED_ShowChinese  oled.o
    0x08001c34   0x08001c34   0x00000608   Code   RO         3814    i.OLED_ShowImage    oled.o
    0x0800223c   0x0800223c   0x00000094   Code   RO         3817    i.OLED_ShowString   oled.o
    0x080022d0   0x080022d0   0x00000164   Code   RO         3818    i.OLED_Update       oled.o
    0x08002434   0x08002434   0x0000000e   Code   RO         3655    i.OLED_WriteData    hardi2c.o
    0x08002442   0x08002442   0x00000002   Code   RO         3519    i.PendSV_Handler    stm32f10x_it.o
    0x08002444   0x08002444   0x00000020   Code   RO         1774    i.RCC_AHBPeriphClockCmd  stm32f10x_rcc.o
    0x08002464   0x08002464   0x00000020   Code   RO         1775    i.RCC_APB1PeriphClockCmd  stm32f10x_rcc.o
    0x08002484   0x08002484   0x00000020   Code   RO         1776    i.RCC_APB1PeriphResetCmd  stm32f10x_rcc.o
    0x080024a4   0x080024a4   0x00000020   Code   RO         1777    i.RCC_APB2PeriphClockCmd  stm32f10x_rcc.o
    0x080024c4   0x080024c4   0x000000d4   Code   RO         1785    i.RCC_GetClocksFreq  stm32f10x_rcc.o
    0x08002598   0x08002598   0x00000028   Code   RO         3995    i.Right_Shift       image.o
    0x080025c0   0x080025c0   0x000000e4   Code   RO         3656    i.SH1106_SendPage   hardi2c.o
    0x080026a4   0x080026a4   0x00000002   Code   RO         3520    i.SVC_Handler       stm32f10x_it.o
    0x080026a6   0x080026a6   0x00000008   Code   RO           24    i.SetSysClock       system_stm32f10x.o
    0x080026ae   0x080026ae   0x00000002   PAD
    0x080026b0   0x080026b0   0x000000e0   Code   RO           25    i.SetSysClockTo72   system_stm32f10x.o
    0x08002790   0x08002790   0x0000001c   Code   RO         3996    i.ShowArrow         image.o
    0x080027ac   0x080027ac   0x000000bc   Code   RO         3997    i.ShowMenu          image.o
    0x08002868   0x08002868   0x0000003c   Code   RO         3998    i.ShowText          image.o
    0x080028a4   0x080028a4   0x00000090   Code   RO         3521    i.SysTick_Handler   stm32f10x_it.o
    0x08002934   0x08002934   0x00000060   Code   RO           27    i.SystemInit        system_stm32f10x.o
    0x08002994   0x08002994   0x00000068   Code   RO         3220    i.TIM2_IRQHandler   mytimer.o
    0x080029fc   0x080029fc   0x00000058   Code   RO         4084    i.TIM3_IRQHandler   encoder.o
    0x08002a54   0x08002a54   0x00000006   Code   RO         2415    i.TIM_ClearFlag     stm32f10x_tim.o
    0x08002a5a   0x08002a5a   0x00000006   Code   RO         2416    i.TIM_ClearITPendingBit  stm32f10x_tim.o
    0x08002a60   0x08002a60   0x00000018   Code   RO         2421    i.TIM_Cmd           stm32f10x_tim.o
    0x08002a78   0x08002a78   0x00000042   Code   RO         2430    i.TIM_EncoderInterfaceConfig  stm32f10x_tim.o
    0x08002aba   0x08002aba   0x00000022   Code   RO         2442    i.TIM_GetITStatus   stm32f10x_tim.o
    0x08002adc   0x08002adc   0x00000012   Code   RO         2446    i.TIM_ITConfig      stm32f10x_tim.o
    0x08002aee   0x08002aee   0x0000000c   Code   RO         2448    i.TIM_InternalClockConfig  stm32f10x_tim.o
    0x08002afa   0x08002afa   0x00000002   PAD
    0x08002afc   0x08002afc   0x00000098   Code   RO         2450    i.TIM_OC1Init       stm32f10x_tim.o
    0x08002b94   0x08002b94   0x000000a4   Code   RO         2455    i.TIM_OC2Init       stm32f10x_tim.o
    0x08002c38   0x08002c38   0x00000014   Code   RO         2468    i.TIM_OCStructInit  stm32f10x_tim.o
    0x08002c4c   0x08002c4c   0x00000004   Code   RO         2486    i.TIM_SetCounter    stm32f10x_tim.o
    0x08002c50   0x08002c50   0x000000a4   Code   RO         2492    i.TIM_TimeBaseInit  stm32f10x_tim.o
    0x08002cf4   0x08002cf4   0x00000088   Code   RO         3221    i.Timer_Init        mytimer.o
    0x08002d7c   0x08002d7c   0x00000004   Code   RO         3522    i.UsageFault_Handler  stm32f10x_it.o
    0x08002d80   0x08002d80   0x0000002c   Code   RO         3445    i.main              main.o
    0x08002dac   0x08002dac   0x000000c4   Code   RO         3999    i.scale24x32_to36x48  image.o
    0x08002e70   0x08002e70   0x000000f2   Code   RO         4000    i.scale_1bit        image.o
    0x08002f62   0x08002f62   0x0000100e   Data   RO         3822    .constdata          oled.o
    0x08003f70   0x08003f70   0x00000278   Data   RO         4002    .constdata          image.o
    0x080041e8   0x080041e8   0x00000025   Data   RO         4003    .conststring        image.o
    0x0800420d   0x0800420d   0x00000003   PAD
    0x08004210   0x08004210   0x00000020   Data   RO         4535    Region$$Table       anon$$obj.o


    Execution Region ER_RW (Exec base: 0x20000000, Load base: 0x08004230, Size: 0x000000d8, Max: 0xffffffff, ABSOLUTE)

    Exec Addr    Load Addr    Size         Type   Attr      Idx    E Section Name        Object

    0x20000000   0x08004230   0x00000014   Data   RW           28    .data               system_stm32f10x.o
    0x20000014   0x08004244   0x00000014   Data   RW         1805    .data               stm32f10x_rcc.o
    0x20000028   0x08004258   0x00000003   Data   RW         3223    .data               mytimer.o
    0x2000002b   0x0800425b   0x00000006   Data   RW         3362    .data               eventbus.o
    0x20000031   0x08004261   0x00000001   PAD
    0x20000032   0x08004262   0x00000003   Data   RW         3523    .data               stm32f10x_it.o
    0x20000035   0x08004265   0x00000006   Data   RW         3657    .data               hardi2c.o
    0x2000003b   0x0800426b   0x00000003   Data   RW         3823    .data               oled.o
    0x2000003e   0x0800426e   0x00000002   PAD
    0x20000040   0x08004270   0x00000094   Data   RW         4004    .data               image.o
    0x200000d4   0x08004304   0x00000003   Data   RW         4085    .data               encoder.o


    Execution Region ER_ZI (Exec base: 0x200000d8, Load base: 0x08004308, Size: 0x00001c48, Max: 0xffffffff, ABSOLUTE)

    Exec Addr    Load Addr    Size         Type   Attr      Idx    E Section Name        Object

    0x200000d8        -       0x0000016b   Zero   RW         3361    .bss                eventbus.o
    0x20000243        -       0x00000c00   Zero   RW         3821    .bss                oled.o
    0x20000e43   0x08004308   0x00000001   PAD
    0x20000e44        -       0x00000078   Zero   RW         4001    .bss                image.o
    0x20000ebc        -       0x00000060   Zero   RW         4411    .bss                c_w.l(libspace.o)
    0x20000f1c   0x08004308   0x00000004   PAD
    0x20000f20        -       0x00000600   Zero   RW            2    HEAP                startup_stm32f10x_md.o
    0x20001520        -       0x00000800   Zero   RW            1    STACK               startup_stm32f10x_md.o


==============================================================================

Image component sizes


      Code (inc. data)   RO Data    RW Data    ZI Data      Debug   Object Name

         0          0          0          0          0       4508   core_cm3.o
        70          0          0          0          0        906   delay.o
       332         28          0          3          0       1451   encoder.o
       336         58          0          6        363       4768   eventbus.o
      1470        158          0          6          0     234639   hardi2c.o
      1266        114        669        148        120       9528   image.o
       440         40          0          0          0      18673   key.o
        44          0          0          0          0        479   main.o
       132         22          0          0          0     204703   misc.o
       240         18          0          3          0     236390   mytimer.o
      3396        114       4110          3       3072      11176   oled.o
        64         26        236          0       3584        812   startup_stm32f10x_md.o
       534         36          0          0          0      15055   stm32f10x_dma.o
       200         18          0          0          0       4044   stm32f10x_exti.o
       508         10          0          0          0      12607   stm32f10x_gpio.o
       544         20          0          0          0      16111   stm32f10x_i2c.o
       168         14          0          3          0       4882   stm32f10x_it.o
       340         44          0         20          0      13951   stm32f10x_rcc.o
       670         72          0          0          0      27621   stm32f10x_tim.o
       328         28          0         20          0      10773   system_stm32f10x.o

    ----------------------------------------------------------------------
     11102        820       5050        216       7140     833077   Object Totals
         0          0         32          0          0          0   (incl. Generated)
        20          0          3          4          1          0   (incl. Padding)

    ----------------------------------------------------------------------

      Code (inc. data)   RO Data    RW Data    ZI Data      Debug   Library Member Name

         8          0          0          0          0         68   __main.o
         0          0          0          0          0          0   __rtentry.o
        12          0          0          0          0          0   __rtentry2.o
         6          0          0          0          0          0   __rtentry4.o
        52          8          0          0          0          0   __scatter.o
        26          0          0          0          0          0   __scatter_copy.o
        28          0          0          0          0          0   __scatter_zi.o
        18          0          0          0          0         80   exit.o
         6          0          0          0          0        152   heapauxi.o
         0          0          0          0          0          0   indicate_semi.o
         2          0          0          0          0          0   libinit.o
         2          0          0          0          0          0   libinit2.o
         2          0          0          0          0          0   libshutdown.o
         2          0          0          0          0          0   libshutdown2.o
         8          4          0          0         96         68   libspace.o
        68          0          0          0          0         68   rt_memclr.o
        78          0          0          0          0         80   rt_memclr_w.o
       138          0          0          0          0         68   rt_memcpy_v6.o
       100          0          0          0          0         80   rt_memcpy_w.o
         2          0          0          0          0          0   rtexit.o
        10          0          0          0          0          0   rtexit2.o
       128          0          0          0          0         68   strcmpv7m.o
        12          4          0          0          0         68   sys_exit.o
        74          0          0          0          0         80   sys_stackheap_outer.o
         2          0          0          0          0         68   use_no_semi.o

    ----------------------------------------------------------------------
       792         16          0          0        100        948   Library Totals
         8          0          0          0          4          0   (incl. Padding)

    ----------------------------------------------------------------------

      Code (inc. data)   RO Data    RW Data    ZI Data      Debug   Library Name

       784         16          0          0         96        948   c_w.l

    ----------------------------------------------------------------------
       792         16          0          0        100        948   Library Totals

    ----------------------------------------------------------------------

==============================================================================


      Code (inc. data)   RO Data    RW Data    ZI Data      Debug   

     11894        836       5050        216       7240     828249   Grand Totals
     11894        836       5050        216       7240     828249   ELF Image Totals
     11894        836       5050        216          0          0   ROM Totals

==============================================================================

    Total RO  Size (Code + RO Data)                16944 (  16.55kB)
    Total RW  Size (RW Data + ZI Data)              7456 (   7.28kB)
    Total ROM Size (Code + RO Data + RW Data)      17160 (  16.76kB)

==============================================================================

