Component: ARM Compiler 5.06 update 5 (build 528) Tool: armlink [4d35e2]

==============================================================================

Section Cross References

    startup_stm32f10x_md.o(STACK) refers (Special) to heapauxi.o(.text) for __use_two_region_memory
    startup_stm32f10x_md.o(HEAP) refers (Special) to heapauxi.o(.text) for __use_two_region_memory
    startup_stm32f10x_md.o(RESET) refers (Special) to heapauxi.o(.text) for __use_two_region_memory
    startup_stm32f10x_md.o(RESET) refers to startup_stm32f10x_md.o(STACK) for __initial_sp
    startup_stm32f10x_md.o(RESET) refers to startup_stm32f10x_md.o(.text) for Reset_Handler
    startup_stm32f10x_md.o(RESET) refers to stm32f10x_it.o(i.NMI_Handler) for NMI_Handler
    startup_stm32f10x_md.o(RESET) refers to stm32f10x_it.o(i.HardFault_Handler) for HardFault_Handler
    startup_stm32f10x_md.o(RESET) refers to stm32f10x_it.o(i.MemManage_Handler) for MemManage_Handler
    startup_stm32f10x_md.o(RESET) refers to stm32f10x_it.o(i.BusFault_Handler) for BusFault_Handler
    startup_stm32f10x_md.o(RESET) refers to stm32f10x_it.o(i.UsageFault_Handler) for UsageFault_Handler
    startup_stm32f10x_md.o(RESET) refers to stm32f10x_it.o(i.SVC_Handler) for SVC_Handler
    startup_stm32f10x_md.o(RESET) refers to stm32f10x_it.o(i.DebugMon_Handler) for DebugMon_Handler
    startup_stm32f10x_md.o(RESET) refers to stm32f10x_it.o(i.PendSV_Handler) for PendSV_Handler
    startup_stm32f10x_md.o(RESET) refers to stm32f10x_it.o(i.SysTick_Handler) for SysTick_Handler
    startup_stm32f10x_md.o(RESET) refers to key.o(i.EXTI0_IRQHandler) for EXTI0_IRQHandler
    startup_stm32f10x_md.o(RESET) refers to hardi2c.o(i.DMA1_Channel6_IRQHandler) for DMA1_Channel6_IRQHandler
    startup_stm32f10x_md.o(RESET) refers to mytimer.o(i.TIM2_IRQHandler) for TIM2_IRQHandler
    startup_stm32f10x_md.o(RESET) refers to encoder.o(i.TIM3_IRQHandler) for TIM3_IRQHandler
    startup_stm32f10x_md.o(RESET) refers to key.o(i.EXTI15_10_IRQHandler) for EXTI15_10_IRQHandler
    startup_stm32f10x_md.o(.text) refers (Special) to heapauxi.o(.text) for __use_two_region_memory
    startup_stm32f10x_md.o(.text) refers to system_stm32f10x.o(i.SystemInit) for SystemInit
    startup_stm32f10x_md.o(.text) refers to __main.o(!!!main) for __main
    startup_stm32f10x_md.o(.text) refers to startup_stm32f10x_md.o(HEAP) for Heap_Mem
    startup_stm32f10x_md.o(.text) refers to startup_stm32f10x_md.o(STACK) for Stack_Mem
    system_stm32f10x.o(i.SetSysClock) refers to system_stm32f10x.o(i.SetSysClockTo72) for SetSysClockTo72
    system_stm32f10x.o(i.SystemCoreClockUpdate) refers to system_stm32f10x.o(.data) for SystemCoreClock
    system_stm32f10x.o(i.SystemInit) refers to system_stm32f10x.o(i.SetSysClock) for SetSysClock
    stm32f10x_adc.o(i.ADC_DeInit) refers to stm32f10x_rcc.o(i.RCC_APB2PeriphResetCmd) for RCC_APB2PeriphResetCmd
    stm32f10x_bkp.o(i.BKP_DeInit) refers to stm32f10x_rcc.o(i.RCC_BackupResetCmd) for RCC_BackupResetCmd
    stm32f10x_can.o(i.CAN_DeInit) refers to stm32f10x_rcc.o(i.RCC_APB1PeriphResetCmd) for RCC_APB1PeriphResetCmd
    stm32f10x_can.o(i.CAN_GetITStatus) refers to stm32f10x_can.o(i.CheckITStatus) for CheckITStatus
    stm32f10x_cec.o(i.CEC_DeInit) refers to stm32f10x_rcc.o(i.RCC_APB1PeriphResetCmd) for RCC_APB1PeriphResetCmd
    stm32f10x_dac.o(i.DAC_DeInit) refers to stm32f10x_rcc.o(i.RCC_APB1PeriphResetCmd) for RCC_APB1PeriphResetCmd
    stm32f10x_flash.o(i.FLASH_EnableWriteProtection) refers to stm32f10x_flash.o(i.FLASH_WaitForLastOperation) for FLASH_WaitForLastOperation
    stm32f10x_flash.o(i.FLASH_EraseAllBank1Pages) refers to stm32f10x_flash.o(i.FLASH_WaitForLastBank1Operation) for FLASH_WaitForLastBank1Operation
    stm32f10x_flash.o(i.FLASH_EraseAllPages) refers to stm32f10x_flash.o(i.FLASH_WaitForLastOperation) for FLASH_WaitForLastOperation
    stm32f10x_flash.o(i.FLASH_EraseOptionBytes) refers to stm32f10x_flash.o(i.FLASH_GetReadOutProtectionStatus) for FLASH_GetReadOutProtectionStatus
    stm32f10x_flash.o(i.FLASH_EraseOptionBytes) refers to stm32f10x_flash.o(i.FLASH_WaitForLastOperation) for FLASH_WaitForLastOperation
    stm32f10x_flash.o(i.FLASH_ErasePage) refers to stm32f10x_flash.o(i.FLASH_WaitForLastOperation) for FLASH_WaitForLastOperation
    stm32f10x_flash.o(i.FLASH_ProgramHalfWord) refers to stm32f10x_flash.o(i.FLASH_WaitForLastOperation) for FLASH_WaitForLastOperation
    stm32f10x_flash.o(i.FLASH_ProgramOptionByteData) refers to stm32f10x_flash.o(i.FLASH_WaitForLastOperation) for FLASH_WaitForLastOperation
    stm32f10x_flash.o(i.FLASH_ProgramWord) refers to stm32f10x_flash.o(i.FLASH_WaitForLastOperation) for FLASH_WaitForLastOperation
    stm32f10x_flash.o(i.FLASH_ReadOutProtection) refers to stm32f10x_flash.o(i.FLASH_WaitForLastOperation) for FLASH_WaitForLastOperation
    stm32f10x_flash.o(i.FLASH_UserOptionByteConfig) refers to stm32f10x_flash.o(i.FLASH_WaitForLastOperation) for FLASH_WaitForLastOperation
[...]
    .ARM.Collect$$libinit$$0000000A          0x080001aa   Section        0  libinit2.o(.ARM.Collect$$libinit$$0000000A)
    .ARM.Collect$$libinit$$0000000C          0x080001aa   Section        0  libinit2.o(.ARM.Collect$$libinit$$0000000C)
    .ARM.Collect$$libinit$$0000000E          0x080001aa   Section        0  libinit2.o(.ARM.Collect$$libinit$$0000000E)
    .ARM.Collect$$libinit$$00000011          0x080001aa   Section        0  libinit2.o(.ARM.Collect$$libinit$$00000011)
    .ARM.Collect$$libinit$$00000013          0x080001aa   Section        0  libinit2.o(.ARM.Collect$$libinit$$00000013)
    .ARM.Collect$$libinit$$00000015          0x080001aa   Section        0  libinit2.o(.ARM.Collect$$libinit$$00000015)
    .ARM.Collect$$libinit$$00000017          0x080001aa   Section        0  libinit2.o(.ARM.Collect$$libinit$$00000017)
    .ARM.Collect$$libinit$$00000019          0x080001aa   Section        0  libinit2.o(.ARM.Collect$$libinit$$00000019)
    .ARM.Collect$$libinit$$0000001B          0x080001aa   Section        0  libinit2.o(.ARM.Collect$$libinit$$0000001B)
    .ARM.Collect$$libinit$$0000001D          0x080001aa   Section        0  libinit2.o(.ARM.Collect$$libinit$$0000001D)
    .ARM.Collect$$libinit$$0000001F          0x080001aa   Section        0  libinit2.o(.ARM.Collect$$libinit$$0000001F)
    .ARM.Collect$$libinit$$00000021          0x080001aa   Section        0  libinit2.o(.ARM.Collect$$libinit$$00000021)
    .ARM.Collect$$libinit$$00000023          0x080001aa   Section        0  libinit2.o(.ARM.Collect$$libinit$$00000023)
    .ARM.Collect$$libinit$$00000025          0x080001aa   Section        0  libinit2.o(.ARM.Collect$$libinit$$00000025)
    .ARM.Collect$$libinit$$0000002C          0x080001aa   Section        0  libinit2.o(.ARM.Collect$$libinit$$0000002C)
    .ARM.Collect$$libinit$$0000002E          0x080001aa   Section        0  libinit2.o(.ARM.Collect$$libinit$$0000002E)
    .ARM.Collect$$libinit$$00000030          0x080001aa   Section        0  libinit2.o(.ARM.Collect$$libinit$$00000030)
    .ARM.Collect$$libinit$$00000032          0x080001aa   Section        0  libinit2.o(.ARM.Collect$$libinit$$00000032)
    .ARM.Collect$$libinit$$00000033          0x080001aa   Section        2  libinit2.o(.ARM.Collect$$libinit$$00000033)
    .ARM.Collect$$libshutdown$$00000000      0x080001ac   Section        2  libshutdown.o(.ARM.Collect$$libshutdown$$00000000)
    .ARM.Collect$$libshutdown$$00000002      0x080001ae   Section        0  libshutdown2.o(.ARM.Collect$$libshutdown$$00000002)
    .ARM.Collect$$libshutdown$$00000004      0x080001ae   Section        0  libshutdown2.o(.ARM.Collect$$libshutdown$$00000004)
    .ARM.Collect$$libshutdown$$00000007      0x080001ae   Section        0  libshutdown2.o(.ARM.Collect$$libshutdown$$00000007)
    .ARM.Collect$$libshutdown$$0000000A      0x080001ae   Section        0  libshutdown2.o(.ARM.Collect$$libshutdown$$0000000A)
    .ARM.Collect$$libshutdown$$0000000C      0x080001ae   Section        0  libshutdown2.o(.ARM.Collect$$libshutdown$$0000000C)
    .ARM.Collect$$libshutdown$$0000000F      0x080001ae   Section        0  libshutdown2.o(.ARM.Collect$$libshutdown$$0000000F)
    .ARM.Collect$$libshutdown$$00000010      0x080001ae   Section        2  libshutdown2.o(.ARM.Collect$$libshutdown$$00000010)
    .ARM.Collect$$rtentry$$00000000          0x080001b0   Section        0  __rtentry.o(.ARM.Collect$$rtentry$$00000000)
    .ARM.Collect$$rtentry$$00000002          0x080001b0   Section        0  __rtentry2.o(.ARM.Collect$$rtentry$$00000002)
    .ARM.Collect$$rtentry$$00000004          0x080001b0   Section        6  __rtentry4.o(.ARM.Collect$$rtentry$$00000004)
    .ARM.Collect$$rtentry$$00000009          0x080001b6   Section        0  __rtentry2.o(.ARM.Collect$$rtentry$$00000009)
    .ARM.Collect$$rtentry$$0000000A          0x080001b6   Section        4  __rtentry2.o(.ARM.Collect$$rtentry$$0000000A)
    .ARM.Collect$$rtentry$$0000000C          0x080001ba   Section        0  __rtentry2.o(.ARM.Collect$$rtentry$$0000000C)
    .ARM.Collect$$rtentry$$0000000D          0x080001ba   Section        8  __rtentry2.o(.ARM.Collect$$rtentry$$0000000D)
    .ARM.Collect$$rtexit$$00000000           0x080001c2   Section        2  rtexit.o(.ARM.Collect$$rtexit$$00000000)
    .ARM.Collect$$rtexit$$00000002           0x080001c4   Section        0  rtexit2.o(.ARM.Collect$$rtexit$$00000002)
    .ARM.Collect$$rtexit$$00000003           0x080001c4   Section        4  rtexit2.o(.ARM.Collect$$rtexit$$00000003)
    .ARM.Collect$$rtexit$$00000004           0x080001c8   Section        6  rtexit2.o(.ARM.Collect$$rtexit$$00000004)
    .emb_text                                0x080001d0   Section        0  maybetermalloc1.o(.emb_text)
    .text                                    0x080001d0   Section       64  startup_stm32f10x_md.o(.text)
    .text                                    0x08000210   Section        0  h1_alloc.o(.text)
    .text                                    0x0800026e   Section        0  h1_free.o(.text)
    .text                                    0x080002bc   Section      138  rt_memcpy_v6.o(.text)
    .text                                    0x08000346   Section      100  rt_memcpy_w.o(.text)
    .text                                    0x080003aa   Section       68  rt_memclr.o(.text)
    .text                                    0x080003ee   Section       78  rt_memclr_w.o(.text)
    .text                                    0x0800043c   Section      128  strcmpv7m.o(.text)
    .text                                    0x080004bc   Section        0  mktime.o(.text)
    _tm_carry                                0x080004bd   Thumb Code    62  mktime.o(.text)
    .text                                    0x08000668   Section        0  heapauxi.o(.text)
    .text                                    0x08000670   Section        8  rt_heap_descriptor_intlibspace.o(.text)
    .text                                    0x08000678   Section        0  hguard.o(.text)
    .text                                    0x0800067c   Section        0  init_alloc.o(.text)
    .text                                    0x08000706   Section        0  h1_init.o(.text)
    .text                                    0x08000714   Section        8  libspace.o(.text)
    .text                                    0x0800071c   Section        0  h1_extend.o(.text)
    .text                                    0x08000750   Section        0  defsig_rtmem_outer.o(.text)
    .text                                    0x0800075e   Section        2  use_no_semi.o(.text)
    .text                                    0x08000760   Section        0  indicate_semi.o(.text)
    .text                                    0x08000760   Section       74  sys_stackheap_outer.o(.text)
    .text                                    0x080007aa   Section        0  exit.o(.text)
    .text                                    0x080007bc   Section        0  defsig_exit.o(.text)
    .text                                    0x080007c8   Section        0  defsig_rtmem_inner.o(.text)
    .text                                    0x08000818   Section        0  sys_exit.o(.text)
    .text                                    0x08000824   Section        0  defsig_general.o(.text)
    .text                                    0x08000856   Section        0  sys_wrch.o(.text)
    i.Animation_Start                        0x08000864   Section        0  animation.o(i.Animation_Start)
    i.BKP_ReadBackupRegister                 0x08000c3c   Section        0  stm32f10x_bkp.o(i.BKP_ReadBackupRegister)
    i.BKP_WriteBackupRegister                0x08000c58   Section        0  stm32f10x_bkp.o(i.BKP_WriteBackupRegister)
    i.BusFault_Handler                       0x08000c74   Section        0  stm32f10x_it.o(i.BusFault_Handler)
    i.DMA1_Channel6_IRQHandler               0x08000c78   Section        0  hardi2c.o(i.DMA1_Channel6_IRQHandler)
    i.DMA_ClearFlag                          0x08000ddc   Section        0  stm32f10x_dma.o(i.DMA_ClearFlag)
    i.DMA_ClearITPendingBit                  0x08000df8   Section        0  stm32f10x_dma.o(i.DMA_ClearITPendingBit)
    i.DMA_Cmd                                0x08000e14   Section        0  stm32f10x_dma.o(i.DMA_Cmd)
    i.DMA_DeInit                             0x08000e2c   Section        0  stm32f10x_dma.o(i.DMA_DeInit)
    i.DMA_GetITStatus                        0x08000f78   Section        0  stm32f10x_dma.o(i.DMA_GetITStatus)
    i.DMA_ITConfig                           0x08000fa4   Section        0  stm32f10x_dma.o(i.DMA_ITConfig)
    i.DMA_Init                               0x08000fb6   Section        0  stm32f10x_dma.o(i.DMA_Init)
    i.DebugMon_Handler                       0x08000ff2   Section        0  stm32f10x_it.o(i.DebugMon_Handler)
    i.Delay_ms                               0x08000ff4   Section        0  delay.o(i.Delay_ms)
    i.Delay_us                               0x0800100c   Section        0  delay.o(i.Delay_us)
    i.EXTI0_IRQHandler                       0x0800103a   Section        0  key.o(i.EXTI0_IRQHandler)
    i.EXTI15_10_IRQHandler                   0x08001052   Section        0  key.o(i.EXTI15_10_IRQHandler)
    i.EXTI_ClearITPendingBit                 0x08001070   Section        0  stm32f10x_exti.o(i.EXTI_ClearITPendingBit)
    i.EXTI_GetITStatus                       0x0800107c   Section        0  stm32f10x_exti.o(i.EXTI_GetITStatus)
    i.EXTI_Init                              0x080010a4   Section        0  stm32f10x_exti.o(i.EXTI_Init)
    i.Encoder_Init                           0x08001138   Section        0  encoder.o(i.Encoder_Init)
    i.EventBus_IsVoid                        0x0800122c   Section        0  eventbus.o(i.EventBus_IsVoid)
    i.EventBus_Publish                       0x08001244   Section        0  eventbus.o(i.EventBus_Publish)
    i.EventBus_Subscribe                     0x08001294   Section        0  eventbus.o(i.EventBus_Subscribe)
    i.EventQueue_Dequeue                     0x080012d8   Section        0  eventbus.o(i.EventQueue_Dequeue)
    i.EventQueue_Enqueue                     0x0800131c   Section        0  eventbus.o(i.EventQueue_Enqueue)
    i.EventQueue_IsEmpty                     0x08001360   Section        0  eventbus.o(i.EventQueue_IsEmpty)
    i.FPS_Get                                0x0800137c   Section        0  oled.o(i.FPS_Get)
    i.GPIO_EXTILineConfig                    0x0800138c   Section        0  stm32f10x_gpio.o(i.GPIO_EXTILineConfig)
    i.GPIO_Init                              0x080013cc   Section        0  stm32f10x_gpio.o(i.GPIO_Init)
    i.GPIO_PinRemapConfig                    0x080014e4   Section        0  stm32f10x_gpio.o(i.GPIO_PinRemapConfig)
    i.GPIO_ReadInputDataBit                  0x08001574   Section        0  stm32f10x_gpio.o(i.GPIO_ReadInputDataBit)
    i.GPIO_SetBits                           0x08001586   Section        0  stm32f10x_gpio.o(i.GPIO_SetBits)
    i.HardFault_Handler                      0x0800158a   Section        0  stm32f10x_it.o(i.HardFault_Handler)
    i.I2C1_DMA_Send                          0x08001590   Section        0  hardi2c.o(i.I2C1_DMA_Send)
    I2C1_DMA_Send                            0x08001591   Thumb Code   144  hardi2c.o(i.I2C1_DMA_Send)
    i.I2C_CheckEvent                         0x08001638   Section        0  stm32f10x_i2c.o(i.I2C_CheckEvent)
    i.I2C_ClearFlag                          0x08001662   Section        0  stm32f10x_i2c.o(i.I2C_ClearFlag)
    i.I2C_Cmd                                0x0800166e   Section        0  stm32f10x_i2c.o(i.I2C_Cmd)
    i.I2C_DMACmd                             0x08001686   Section        0  stm32f10x_i2c.o(i.I2C_DMACmd)
    i.I2C_DeInit                             0x080016a0   Section        0  stm32f10x_i2c.o(i.I2C_DeInit)
    i.I2C_GenerateSTART                      0x080016d8   Section        0  stm32f10x_i2c.o(i.I2C_GenerateSTART)
    i.I2C_GenerateSTOP                       0x080016f0   Section        0  stm32f10x_i2c.o(i.I2C_GenerateSTOP)
    i.I2C_GetFlagStatus                      0x08001708   Section        0  stm32f10x_i2c.o(i.I2C_GetFlagStatus)
    i.I2C_Init                               0x08001744   Section        0  stm32f10x_i2c.o(i.I2C_Init)
    i.I2C_Send7bitAddress                    0x08001830   Section        0  stm32f10x_i2c.o(i.I2C_Send7bitAddress)
    i.I2C_SendData                           0x08001842   Section        0  stm32f10x_i2c.o(i.I2C_SendData)
    i.I2C_SoftwareResetCmd                   0x08001846   Section        0  stm32f10x_i2c.o(i.I2C_SoftwareResetCmd)
    i.Image_Init                             0x0800185c   Section        0  image.o(i.Image_Init)
    i.Is_KeyPressed                          0x0800195c   Section        0  key.o(i.Is_KeyPressed)
    i.KeyLogic_Process                       0x08001988   Section        0  key.o(i.KeyLogic_Process)
    i.KeyLogic_Process_Back                  0x080019fc   Section        0  key.o(i.KeyLogic_Process_Back)
    i.KeyLogic_Process_OK                    0x08001a06   Section        0  key.o(i.KeyLogic_Process_OK)
    i.Key_Init                               0x08001a10   Section        0  key.o(i.Key_Init)
    i.Left_Shift                             0x08001ae0   Section        0  image.o(i.Left_Shift)
    i.Link_Init                              0x08001b20   Section        0  menutree.o(i.Link_Init)
    i.MemManage_Handler                      0x08001b5e   Section        0  stm32f10x_it.o(i.MemManage_Handler)
    i.MenuBack                               0x08001b64   Section        0  image.o(i.MenuBack)
    i.MenuDown                               0x08001bb0   Section        0  image.o(i.MenuDown)
    i.MenuForward                            0x08001c28   Section        0  image.o(i.MenuForward)
    i.Menu_Init                              0x08001ccc   Section        0  createmenu.o(i.Menu_Init)
    i.MyRTC_Init                             0x08001d18   Section        0  myrtc.o(i.MyRTC_Init)
    i.MyRTC_SetTime                          0x08001d8c   Section        0  myrtc.o(i.MyRTC_SetTime)
    i.NMI_Handler                            0x08001dd8   Section        0  stm32f10x_it.o(i.NMI_Handler)
    i.NVIC_Init                              0x08001ddc   Section        0  misc.o(i.NVIC_Init)
    i.NVIC_PriorityGroupConfig               0x08001e4c   Section        0  misc.o(i.NVIC_PriorityGroupConfig)
    i.OLED_Clear                             0x08001e60   Section        0  oled.o(i.OLED_Clear)
    i.OLED_ClearBuf                          0x08001e8c   Section        0  oled.o(i.OLED_ClearBuf)
    i.OLED_ClearBufArea                      0x08001eac   Section        0  oled.o(i.OLED_ClearBufArea)
    i.OLED_HardWriteCommand                  0x08001fd4   Section        0  hardi2c.o(i.OLED_HardWriteCommand)
    i.OLED_I2C_Init                          0x08002128   Section        0  hardi2c.o(i.OLED_I2C_Init)
    i.OLED_Init                              0x08002294   Section        0  oled.o(i.OLED_Init)
    i.OLED_OffsetUpdate                      0x0800235c   Section        0  oled.o(i.OLED_OffsetUpdate)
    i.OLED_Pow                               0x080023b0   Section        0  oled.o(i.OLED_Pow)
    i.OLED_ReverseArea                       0x080023c4   Section        0  oled.o(i.OLED_ReverseArea)
    i.OLED_SetCursor                         0x08002558   Section        0  oled.o(i.OLED_SetCursor)
    i.OLED_ShowChar                          0x0800257c   Section        0  oled.o(i.OLED_ShowChar)
    i.OLED_ShowChinese                       0x0800262c   Section        0  oled.o(i.OLED_ShowChinese)
    i.OLED_ShowImage                         0x08002794   Section        0  oled.o(i.OLED_ShowImage)
    i.OLED_ShowNum                           0x08002d9c   Section        0  oled.o(i.OLED_ShowNum)
    i.OLED_ShowString                        0x08002e48   Section        0  oled.o(i.OLED_ShowString)
    i.OLED_Update                            0x08002edc   Section        0  oled.o(i.OLED_Update)
    i.OLED_WriteData                         0x08003040   Section        0  hardi2c.o(i.OLED_WriteData)
    i.PWR_BackupAccessCmd                    0x08003050   Section        0  stm32f10x_pwr.o(i.PWR_BackupAccessCmd)
    i.PendSV_Handler                         0x0800305c   Section        0  stm32f10x_it.o(i.PendSV_Handler)
    i.Queue_Destroy                          0x0800305e   Section        0  menutree.o(i.Queue_Destroy)
    i.Queue_Init                             0x0800308c   Section        0  menutree.o(i.Queue_Init)
    i.RCC_AHBPeriphClockCmd                  0x080031c0   Section        0  stm32f10x_rcc.o(i.RCC_AHBPeriphClockCmd)
    i.RCC_APB1PeriphClockCmd                 0x080031e0   Section        0  stm32f10x_rcc.o(i.RCC_APB1PeriphClockCmd)
    i.RCC_APB1PeriphResetCmd                 0x08003200   Section        0  stm32f10x_rcc.o(i.RCC_APB1PeriphResetCmd)
    i.RCC_APB2PeriphClockCmd                 0x08003220   Section        0  stm32f10x_rcc.o(i.RCC_APB2PeriphClockCmd)
    i.RCC_GetClocksFreq                      0x08003240   Section        0  stm32f10x_rcc.o(i.RCC_GetClocksFreq)
    i.RCC_GetFlagStatus                      0x08003314   Section        0  stm32f10x_rcc.o(i.RCC_GetFlagStatus)
    i.RCC_LSEConfig                          0x08003350   Section        0  stm32f10x_rcc.o(i.RCC_LSEConfig)
    i.RCC_RTCCLKCmd                          0x08003384   Section        0  stm32f10x_rcc.o(i.RCC_RTCCLKCmd)
    i.RCC_RTCCLKConfig                       0x08003390   Section        0  stm32f10x_rcc.o(i.RCC_RTCCLKConfig)
    i.RTC_EnterConfigMode                    0x080033a0   Section        0  stm32f10x_rtc.o(i.RTC_EnterConfigMode)
    i.RTC_ExitConfigMode                     0x080033b4   Section        0  stm32f10x_rtc.o(i.RTC_ExitConfigMode)
    i.RTC_SetCounter                         0x080033c8   Section        0  stm32f10x_rtc.o(i.RTC_SetCounter)
    i.RTC_SetPrescaler                       0x080033e4   Section        0  stm32f10x_rtc.o(i.RTC_SetPrescaler)
    i.RTC_WaitForLastTask                    0x08003404   Section        0  stm32f10x_rtc.o(i.RTC_WaitForLastTask)
    i.RTC_WaitForSynchro                     0x08003418   Section        0  stm32f10x_rtc.o(i.RTC_WaitForSynchro)
    i.Right_Shift                            0x0800343c   Section        0  image.o(i.Right_Shift)
    i.SH1106_SendPage                        0x0800347c   Section        0  hardi2c.o(i.SH1106_SendPage)
    i.SVC_Handler                            0x08003560   Section        0  stm32f10x_it.o(i.SVC_Handler)
    i.SetSysClock                            0x08003562   Section        0  system_stm32f10x.o(i.SetSysClock)
    SetSysClock                              0x08003563   Thumb Code     8  system_stm32f10x.o(i.SetSysClock)
    i.SetSysClockTo72                        0x0800356c   Section        0  system_stm32f10x.o(i.SetSysClockTo72)
    SetSysClockTo72                          0x0800356d   Thumb Code   214  system_stm32f10x.o(i.SetSysClockTo72)
    i.ShowArrow                              0x0800364c   Section        0  image.o(i.ShowArrow)
    i.ShowMenu                               0x08003668   Section        0  image.o(i.ShowMenu)
    i.ShowText                               0x08003724   Section        0  image.o(i.ShowText)
    i.SysTick_Handler                        0x08003760   Section        0  stm32f10x_it.o(i.SysTick_Handler)
    i.SystemInit                             0x080037f0   Section        0  system_stm32f10x.o(i.SystemInit)
    i.TIM2_IRQHandler                        0x08003850   Section        0  mytimer.o(i.TIM2_IRQHandler)
    i.TIM3_IRQHandler                        0x080038b8   Section        0  encoder.o(i.TIM3_IRQHandler)
    i.TIM_ClearFlag                          0x08003910   Section        0  stm32f10x_tim.o(i.TIM_ClearFlag)
    i.TIM_ClearITPendingBit                  0x08003916   Section        0  stm32f10x_tim.o(i.TIM_ClearITPendingBit)
    i.TIM_Cmd                                0x0800391c   Section        0  stm32f10x_tim.o(i.TIM_Cmd)
    i.TIM_EncoderInterfaceConfig             0x08003934   Section        0  stm32f10x_tim.o(i.TIM_EncoderInterfaceConfig)
    i.TIM_GetITStatus                        0x08003976   Section        0  stm32f10x_tim.o(i.TIM_GetITStatus)
    i.TIM_ITConfig                           0x08003998   Section        0  stm32f10x_tim.o(i.TIM_ITConfig)
    i.TIM_InternalClockConfig                0x080039aa   Section        0  stm32f10x_tim.o(i.TIM_InternalClockConfig)
    i.TIM_OC1Init                            0x080039b8   Section        0  stm32f10x_tim.o(i.TIM_OC1Init)
    i.TIM_OC2Init                            0x08003a50   Section        0  stm32f10x_tim.o(i.TIM_OC2Init)
    i.TIM_OCStructInit                       0x08003af4   Section        0  stm32f10x_tim.o(i.TIM_OCStructInit)
    i.TIM_SetCounter                         0x08003b08   Section        0  stm32f10x_tim.o(i.TIM_SetCounter)
    i.TIM_TimeBaseInit                       0x08003b0c   Section        0  stm32f10x_tim.o(i.TIM_TimeBaseInit)
    i.Timer_Init                             0x08003bb0   Section        0  mytimer.o(i.Timer_Init)
    i.UsageFault_Handler                     0x08003c38   Section        0  stm32f10x_it.o(i.UsageFault_Handler)
    i.main                                   0x08003c3c   Section        0  main.o(i.main)
    i.scale24x32_to36x48                     0x08003c70   Section        0  image.o(i.scale24x32_to36x48)
    i.scale_1bit_1p5x                        0x08003d34   Section        0  image.o(i.scale_1bit_1p5x)
    .constdata                               0x08003e26   Section     4110  oled.o(.constdata)
    .constdata                               0x08004e34   Section      632  image.o(.constdata)
    .constdata                               0x080050ac   Section     1152  createmenu.o(.constdata)
    .constdata                               0x0800552c   Section       12  _monlen.o(.constdata)
    .conststring                             0x08005538   Section       37  image.o(.conststring)
    .data                                    0x20000000   Section       20  system_stm32f10x.o(.data)
    .data                                    0x20000014   Section       20  stm32f10x_rcc.o(.data)
    APBAHBPrescTable                         0x20000014   Data          16  stm32f10x_rcc.o(.data)
    ADCPrescTable                            0x20000024   Data           4  stm32f10x_rcc.o(.data)
    .data                                    0x20000028   Section        3  mytimer.o(.data)
    Count                                    0x2000002a   Data           1  mytimer.o(.data)
    .data                                    0x2000002c   Section       12  myrtc.o(.data)
    .data                                    0x20000038   Section        6  eventbus.o(.data)
    queue                                    0x20000038   Data           3  eventbus.o(.data)
    head                                     0x2000003c   Data           1  eventbus.o(.data)
    tail                                     0x2000003d   Data           1  eventbus.o(.data)
    .data                                    0x2000003e   Section        3  stm32f10x_it.o(.data)
    eventTemp                                0x20000040   Data           1  stm32f10x_it.o(.data)
    .data                                    0x20000041   Section        6  hardi2c.o(.data)
    i2c_buf                                  0x20000041   Data           2  hardi2c.o(.data)
    .data                                    0x20000047   Section        3  oled.o(.data)
    .data                                    0x2000004c   Section      148  image.o(.data)
    .data                                    0x200000e0   Section        3  encoder.o(.data)
    .data                                    0x200000e4   Section      120  animation.o(.data)
    .bss                                     0x2000015c   Section      363  eventbus.o(.bss)
    handlers                                 0x2000015c   Data         352  eventbus.o(.bss)
    handler_count                            0x200002bc   Data          11  eventbus.o(.bss)
    .bss                                     0x200002c7   Section     3072  oled.o(.bss)
    .bss                                     0x20000ec8   Section      120  image.o(.bss)
    .bss                                     0x20000f40   Section       96  libspace.o(.bss)
    HEAP                                     0x20000fa0   Section     1536  startup_stm32f10x_md.o(HEAP)
    Heap_Mem                                 0x20000fa0   Data        1536  startup_stm32f10x_md.o(HEAP)
    STACK                                    0x200015a0   Section     2048  startup_stm32f10x_md.o(STACK)
    Stack_Mem                                0x200015a0   Data        2048  startup_stm32f10x_md.o(STACK)
    __initial_sp                             0x20001da0   Data           0  startup_stm32f10x_md.o(STACK)

    Global Symbols

    Symbol Name                              Value     Ov Type        Size  Object(Section)

    BuildAttributes$$THM_ISAv4$P$D$K$B$S$PE$A:L22UL41UL21$X:L11$S22US41US21$IEEE1$IW$USESV6$~STKCKD$USESV7$~SHL$OTIME$ROPI$IEEEJ$EBA8$UX$STANDARDLIB$REQ8$PRES8$EABIv2 0x00000000   Number         0  anon$$obj.o ABSOLUTE
    __ARM_use_no_argv                        0x00000000   Number         0  main.o ABSOLUTE
    __ARM_exceptions_init                     - Undefined Weak Reference
    __alloca_initialize                       - Undefined Weak Reference
    __arm_preinit_                            - Undefined Weak Reference
    __cpp_initialize__aeabi_                  - Undefined Weak Reference
    __cxa_finalize                            - Undefined Weak Reference
    __rt_locale                               - Undefined Weak Reference
    __sigvec_lookup                           - Undefined Weak Reference
    __user_heap_extent                        - Undefined Weak Reference
    _atexit_init                              - Undefined Weak Reference
    _call_atexit_fns                          - Undefined Weak Reference
    _clock_init                               - Undefined Weak Reference
    _fp_trap_init                             - Undefined Weak Reference
    _fp_trap_shutdown                         - Undefined Weak Reference
    _get_lc_collate                           - Undefined Weak Reference
    _get_lc_ctype                             - Undefined Weak Reference
    _get_lc_monetary                          - Undefined Weak Reference
    _get_lc_numeric                           - Undefined Weak Reference
    _get_lc_time                              - Undefined Weak Reference
    _getenv_init                              - Undefined Weak Reference
    _handle_redirection                       - Undefined Weak Reference
    _initio                                   - Undefined Weak Reference
    _mutex_acquire                            - Undefined Weak Reference
    _mutex_free                               - Undefined Weak Reference
    _mutex_release                            - Undefined Weak Reference
    _rand_init                                - Undefined Weak Reference
    _signal_finish                            - Undefined Weak Reference
    _signal_init                              - Undefined Weak Reference
    _terminateio                              - Undefined Weak Reference
    __Vectors_Size                           0x000000ec   Number         0  startup_stm32f10x_md.o ABSOLUTE
    __Vectors                                0x08000000   Data           4  startup_stm32f10x_md.o(RESET)
    __Vectors_End                            0x080000ec   Data           0  startup_stm32f10x_md.o(RESET)
    __main                                   0x080000ed   Thumb Code     8  __main.o(!!!main)
    __scatterload                            0x080000f5   Thumb Code     0  __scatter.o(!!!scatter)
    __scatterload_rt2                        0x080000f5   Thumb Code    44  __scatter.o(!!!scatter)
    __scatterload_rt2_thumb_only             0x080000f5   Thumb Code     0  __scatter.o(!!!scatter)
    __scatterload_null                       0x08000103   Thumb Code     0  __scatter.o(!!!scatter)
    __decompress                             0x08000129   Thumb Code    90  __dczerorl2.o(!!dczerorl2)
    __decompress1                            0x08000129   Thumb Code     0  __dczerorl2.o(!!dczerorl2)
    __scatterload_zeroinit                   0x08000185   Thumb Code    28  __scatter_zi.o(!!handler_zi)
    __rt_lib_init                            0x080001a1   Thumb Code     0  libinit.o(.ARM.Collect$$libinit$$00000000)
    __rt_lib_init_fp_1                       0x080001a3   Thumb Code     0  libinit2.o(.ARM.Collect$$libinit$$00000002)
    __rt_lib_init_heap_2                     0x080001a3   Thumb Code     0  libinit2.o(.ARM.Collect$$libinit$$00000005)
    __rt_lib_init_preinit_1                  0x080001a3   Thumb Code     0  libinit2.o(.ARM.Collect$$libinit$$00000004)
    __rt_lib_init_alloca_1                   0x080001ab   Thumb Code     0  libinit2.o(.ARM.Collect$$libinit$$0000002E)
    __rt_lib_init_argv_1                     0x080001ab   Thumb Code     0  libinit2.o(.ARM.Collect$$libinit$$0000002C)
    __rt_lib_init_atexit_1                   0x080001ab   Thumb Code     0  libinit2.o(.ARM.Collect$$libinit$$0000001B)
    __rt_lib_init_clock_1                    0x080001ab   Thumb Code     0  libinit2.o(.ARM.Collect$$libinit$$00000021)
    __rt_lib_init_cpp_1                      0x080001ab   Thumb Code     0  libinit2.o(.ARM.Collect$$libinit$$00000032)
    __rt_lib_init_exceptions_1               0x080001ab   Thumb Code     0  libinit2.o(.ARM.Collect$$libinit$$00000030)
    __rt_lib_init_fp_trap_1                  0x080001ab   Thumb Code     0  libinit2.o(.ARM.Collect$$libinit$$0000001F)
    __rt_lib_init_getenv_1                   0x080001ab   Thumb Code     0  libinit2.o(.ARM.Collect$$libinit$$00000023)
    __rt_lib_init_heap_1                     0x080001ab   Thumb Code     0  libinit2.o(.ARM.Collect$$libinit$$0000000A)
    __rt_lib_init_lc_collate_1               0x080001ab   Thumb Code     0  libinit2.o(.ARM.Collect$$libinit$$00000011)
    __rt_lib_init_lc_ctype_1                 0x080001ab   Thumb Code     0  libinit2.o(.ARM.Collect$$libinit$$00000013)
    __rt_lib_init_lc_monetary_1              0x080001ab   Thumb Code     0  libinit2.o(.ARM.Collect$$libinit$$00000015)
    __rt_lib_init_lc_numeric_1               0x080001ab   Thumb Code     0  libinit2.o(.ARM.Collect$$libinit$$00000017)
    __rt_lib_init_lc_time_1                  0x080001ab   Thumb Code     0  libinit2.o(.ARM.Collect$$libinit$$00000019)
    __rt_lib_init_rand_1                     0x080001ab   Thumb Code     0  libinit2.o(.ARM.Collect$$libinit$$0000000E)
    __rt_lib_init_return                     0x080001ab   Thumb Code     0  libinit2.o(.ARM.Collect$$libinit$$00000033)
    __rt_lib_init_signal_1                   0x080001ab   Thumb Code     0  libinit2.o(.ARM.Collect$$libinit$$0000001D)
    __rt_lib_init_stdio_1                    0x080001ab   Thumb Code     0  libinit2.o(.ARM.Collect$$libinit$$00000025)
    __rt_lib_init_user_alloc_1               0x080001ab   Thumb Code     0  libinit2.o(.ARM.Collect$$libinit$$0000000C)
    __rt_lib_shutdown                        0x080001ad   Thumb Code     0  libshutdown.o(.ARM.Collect$$libshutdown$$00000000)
    __rt_lib_shutdown_cpp_1                  0x080001af   Thumb Code     0  libshutdown2.o(.ARM.Collect$$libshutdown$$00000002)
    __rt_lib_shutdown_fp_trap_1              0x080001af   Thumb Code     0  libshutdown2.o(.ARM.Collect$$libshutdown$$00000007)
    __rt_lib_shutdown_heap_1                 0x080001af   Thumb Code     0  libshutdown2.o(.ARM.Collect$$libshutdown$$0000000F)
    __rt_lib_shutdown_return                 0x080001af   Thumb Code     0  libshutdown2.o(.ARM.Collect$$libshutdown$$00000010)
    __rt_lib_shutdown_signal_1               0x080001af   Thumb Code     0  libshutdown2.o(.ARM.Collect$$libshutdown$$0000000A)
    __rt_lib_shutdown_stdio_1                0x080001af   Thumb Code     0  libshutdown2.o(.ARM.Collect$$libshutdown$$00000004)
    __rt_lib_shutdown_user_alloc_1           0x080001af   Thumb Code     0  libshutdown2.o(.ARM.Collect$$libshutdown$$0000000C)
    __rt_entry                               0x080001b1   Thumb Code     0  __rtentry.o(.ARM.Collect$$rtentry$$00000000)
    __rt_entry_presh_1                       0x080001b1   Thumb Code     0  __rtentry2.o(.ARM.Collect$$rtentry$$00000002)
    __rt_entry_sh                            0x080001b1   Thumb Code     0  __rtentry4.o(.ARM.Collect$$rtentry$$00000004)
    __rt_entry_li                            0x080001b7   Thumb Code     0  __rtentry2.o(.ARM.Collect$$rtentry$$0000000A)
    __rt_entry_postsh_1                      0x080001b7   Thumb Code     0  __rtentry2.o(.ARM.Collect$$rtentry$$00000009)
    __rt_entry_main                          0x080001bb   Thumb Code     0  __rtentry2.o(.ARM.Collect$$rtentry$$0000000D)
    __rt_entry_postli_1                      0x080001bb   Thumb Code     0  __rtentry2.o(.ARM.Collect$$rtentry$$0000000C)
    __rt_exit                                0x080001c3   Thumb Code     0  rtexit.o(.ARM.Collect$$rtexit$$00000000)
    __rt_exit_ls                             0x080001c5   Thumb Code     0  rtexit2.o(.ARM.Collect$$rtexit$$00000003)
    __rt_exit_prels_1                        0x080001c5   Thumb Code     0  rtexit2.o(.ARM.Collect$$rtexit$$00000002)
    __rt_exit_exit                           0x080001c9   Thumb Code     0  rtexit2.o(.ARM.Collect$$rtexit$$00000004)
    Reset_Handler                            0x080001d1   Thumb Code     8  startup_stm32f10x_md.o(.text)
    _maybe_terminate_alloc                   0x080001d1   Thumb Code     0  maybetermalloc1.o(.emb_text)
    ADC1_2_IRQHandler                        0x080001eb   Thumb Code     0  startup_stm32f10x_md.o(.text)
    CAN1_RX1_IRQHandler                      0x080001eb   Thumb Code     0  startup_stm32f10x_md.o(.text)
    CAN1_SCE_IRQHandler                      0x080001eb   Thumb Code     0  startup_stm32f10x_md.o(.text)
    DMA1_Channel1_IRQHandler                 0x080001eb   Thumb Code     0  startup_stm32f10x_md.o(.text)
    DMA1_Channel2_IRQHandler                 0x080001eb   Thumb Code     0  startup_stm32f10x_md.o(.text)
    DMA1_Channel3_IRQHandler                 0x080001eb   Thumb Code     0  startup_stm32f10x_md.o(.text)
    DMA1_Channel4_IRQHandler                 0x080001eb   Thumb Code     0  startup_stm32f10x_md.o(.text)
    DMA1_Channel5_IRQHandler                 0x080001eb   Thumb Code     0  startup_stm32f10x_md.o(.text)
    DMA1_Channel7_IRQHandler                 0x080001eb   Thumb Code     0  startup_stm32f10x_md.o(.text)
    EXTI1_IRQHandler                         0x080001eb   Thumb Code     0  startup_stm32f10x_md.o(.text)
    EXTI2_IRQHandler                         0x080001eb   Thumb Code     0  startup_stm32f10x_md.o(.text)
    EXTI3_IRQHandler                         0x080001eb   Thumb Code     0  startup_stm32f10x_md.o(.text)
    EXTI4_IRQHandler                         0x080001eb   Thumb Code     0  startup_stm32f10x_md.o(.text)
    EXTI9_5_IRQHandler                       0x080001eb   Thumb Code     0  startup_stm32f10x_md.o(.text)
    FLASH_IRQHandler                         0x080001eb   Thumb Code     0  startup_stm32f10x_md.o(.text)
    I2C1_ER_IRQHandler                       0x080001eb   Thumb Code     0  startup_stm32f10x_md.o(.text)
    I2C1_EV_IRQHandler                       0x080001eb   Thumb Code     0  startup_stm32f10x_md.o(.text)
    I2C2_ER_IRQHandler                       0x080001eb   Thumb Code     0  startup_stm32f10x_md.o(.text)
    I2C2_EV_IRQHandler                       0x080001eb   Thumb Code     0  startup_stm32f10x_md.o(.text)
    PVD_IRQHandler                           0x080001eb   Thumb Code     0  startup_stm32f10x_md.o(.text)
    RCC_IRQHandler                           0x080001eb   Thumb Code     0  startup_stm32f10x_md.o(.text)
    RTCAlarm_IRQHandler                      0x080001eb   Thumb Code     0  startup_stm32f10x_md.o(.text)
    RTC_IRQHandler                           0x080001eb   Thumb Code     0  startup_stm32f10x_md.o(.text)
    SPI1_IRQHandler                          0x080001eb   Thumb Code     0  startup_stm32f10x_md.o(.text)
    SPI2_IRQHandler                          0x080001eb   Thumb Code     0  startup_stm32f10x_md.o(.text)
    TAMPER_IRQHandler                        0x080001eb   Thumb Code     0  startup_stm32f10x_md.o(.text)
    TIM1_BRK_IRQHandler                      0x080001eb   Thumb Code     0  startup_stm32f10x_md.o(.text)
    TIM1_CC_IRQHandler                       0x080001eb   Thumb Code     0  startup_stm32f10x_md.o(.text)
    TIM1_TRG_COM_IRQHandler                  0x080001eb   Thumb Code     0  startup_stm32f10x_md.o(.text)
    TIM1_UP_IRQHandler                       0x080001eb   Thumb Code     0  startup_stm32f10x_md.o(.text)
    TIM4_IRQHandler                          0x080001eb   Thumb Code     0  startup_stm32f10x_md.o(.text)
    USART1_IRQHandler                        0x080001eb   Thumb Code     0  startup_stm32f10x_md.o(.text)
    USART2_IRQHandler                        0x080001eb   Thumb Code     0  startup_stm32f10x_md.o(.text)
    USART3_IRQHandler                        0x080001eb   Thumb Code     0  startup_stm32f10x_md.o(.text)
    USBWakeUp_IRQHandler                     0x080001eb   Thumb Code     0  startup_stm32f10x_md.o(.text)
    USB_HP_CAN1_TX_IRQHandler                0x080001eb   Thumb Code     0  startup_stm32f10x_md.o(.text)
    USB_LP_CAN1_RX0_IRQHandler               0x080001eb   Thumb Code     0  startup_stm32f10x_md.o(.text)
    WWDG_IRQHandler                          0x080001eb   Thumb Code     0  startup_stm32f10x_md.o(.text)
    __user_initial_stackheap                 0x080001ed   Thumb Code     0  startup_stm32f10x_md.o(.text)
    malloc                                   0x08000211   Thumb Code    94  h1_alloc.o(.text)
    free                                     0x0800026f   Thumb Code    78  h1_free.o(.text)
    __aeabi_memcpy                           0x080002bd   Thumb Code     0  rt_memcpy_v6.o(.text)
    __rt_memcpy                              0x080002bd   Thumb Code   138  rt_memcpy_v6.o(.text)
    _memcpy_lastbytes                        0x08000323   Thumb Code     0  rt_memcpy_v6.o(.text)
    __aeabi_memcpy4                          0x08000347   Thumb Code     0  rt_memcpy_w.o(.text)
    __aeabi_memcpy8                          0x08000347   Thumb Code     0  rt_memcpy_w.o(.text)
    __rt_memcpy_w                            0x08000347   Thumb Code   100  rt_memcpy_w.o(.text)
    _memcpy_lastbytes_aligned                0x0800038f   Thumb Code     0  rt_memcpy_w.o(.text)
    __aeabi_memclr                           0x080003ab   Thumb Code     0  rt_memclr.o(.text)
    __rt_memclr                              0x080003ab   Thumb Code    68  rt_memclr.o(.text)
    _memset                                  0x080003af   Thumb Code     0  rt_memclr.o(.text)
    __aeabi_memclr4                          0x080003ef   Thumb Code     0  rt_memclr_w.o(.text)
    __aeabi_memclr8                          0x080003ef   Thumb Code     0  rt_memclr_w.o(.text)
    __rt_memclr_w                            0x080003ef   Thumb Code    78  rt_memclr_w.o(.text)
    _memset_w                                0x080003f3   Thumb Code     0  rt_memclr_w.o(.text)
    strcmp                                   0x0800043d   Thumb Code   128  strcmpv7m.o(.text)
    mktime                                   0x080004fb   Thumb Code   356  mktime.o(.text)
    __use_two_region_memory                  0x08000669   Thumb Code     2  heapauxi.o(.text)
    __rt_heap_escrow                         0x0800066b   Thumb Code     2  heapauxi.o(.text)
    __rt_heap_expand                         0x0800066d   Thumb Code     2  heapauxi.o(.text)
    __rt_heap_descriptor                     0x08000671   Thumb Code     8  rt_heap_descriptor_intlibspace.o(.text)
    __use_no_heap                            0x08000679   Thumb Code     2  hguard.o(.text)
    __heap$guard                             0x0800067b   Thumb Code     2  hguard.o(.text)
    _terminate_user_alloc                    0x0800067d   Thumb Code     2  init_alloc.o(.text)
    _init_user_alloc                         0x0800067f   Thumb Code     2  init_alloc.o(.text)
    __Heap_Full                              0x08000681   Thumb Code    34  init_alloc.o(.text)
    __Heap_Broken                            0x080006a3   Thumb Code     6  init_alloc.o(.text)
    _init_alloc                              0x080006a9   Thumb Code    94  init_alloc.o(.text)
    __Heap_Initialize                        0x08000707   Thumb Code    10  h1_init.o(.text)
    __Heap_DescSize                          0x08000711   Thumb Code     4  h1_init.o(.text)
    __user_libspace                          0x08000715   Thumb Code     8  libspace.o(.text)
    __user_perproc_libspace                  0x08000715   Thumb Code     0  libspace.o(.text)
    __user_perthread_libspace                0x08000715   Thumb Code     0  libspace.o(.text)
    __Heap_ProvideMemory                     0x0800071d   Thumb Code    52  h1_extend.o(.text)
    __rt_SIGRTMEM                            0x08000751   Thumb Code    14  defsig_rtmem_outer.o(.text)
    __I$use$semihosting                      0x0800075f   Thumb Code     0  use_no_semi.o(.text)
    __use_no_semihosting_swi                 0x0800075f   Thumb Code     2  use_no_semi.o(.text)
    __semihosting_library_function           0x08000761   Thumb Code     0  indicate_semi.o(.text)
    __user_setup_stackheap                   0x08000761   Thumb Code    74  sys_stackheap_outer.o(.text)
    exit                                     0x080007ab   Thumb Code    18  exit.o(.text)
    __sig_exit                               0x080007bd   Thumb Code    10  defsig_exit.o(.text)
    __rt_SIGRTMEM_inner                      0x080007c9   Thumb Code    22  defsig_rtmem_inner.o(.text)
    _sys_exit                                0x08000819   Thumb Code     8  sys_exit.o(.text)
    __default_signal_display                 0x08000825   Thumb Code    50  defsig_general.o(.text)
    _ttywrch                                 0x08000857   Thumb Code    14  sys_wrch.o(.text)
    Animation_Start                          0x08000865   Thumb Code   970  animation.o(i.Animation_Start)
    BKP_ReadBackupRegister                   0x08000c3d   Thumb Code    24  stm32f10x_bkp.o(i.BKP_ReadBackupRegister)
    BKP_WriteBackupRegister                  0x08000c59   Thumb Code    22  stm32f10x_bkp.o(i.BKP_WriteBackupRegister)
    BusFault_Handler                         0x08000c75   Thumb Code     4  stm32f10x_it.o(i.BusFault_Handler)
    DMA1_Channel6_IRQHandler                 0x08000c79   Thumb Code   316  hardi2c.o(i.DMA1_Channel6_IRQHandler)
    DMA_ClearFlag                            0x08000ddd   Thumb Code    18  stm32f10x_dma.o(i.DMA_ClearFlag)
    DMA_ClearITPendingBit                    0x08000df9   Thumb Code    18  stm32f10x_dma.o(i.DMA_ClearITPendingBit)
    DMA_Cmd                                  0x08000e15   Thumb Code    24  stm32f10x_dma.o(i.DMA_Cmd)
    DMA_DeInit                               0x08000e2d   Thumb Code   324  stm32f10x_dma.o(i.DMA_DeInit)
    DMA_GetITStatus                          0x08000f79   Thumb Code    36  stm32f10x_dma.o(i.DMA_GetITStatus)
    DMA_ITConfig                             0x08000fa5   Thumb Code    18  stm32f10x_dma.o(i.DMA_ITConfig)
    DMA_Init                                 0x08000fb7   Thumb Code    60  stm32f10x_dma.o(i.DMA_Init)
    DebugMon_Handler                         0x08000ff3   Thumb Code     2  stm32f10x_it.o(i.DebugMon_Handler)
    Delay_ms                                 0x08000ff5   Thumb Code    24  delay.o(i.Delay_ms)
    Delay_us                                 0x0800100d   Thumb Code    46  delay.o(i.Delay_us)
    EXTI0_IRQHandler                         0x0800103b   Thumb Code    24  key.o(i.EXTI0_IRQHandler)
    EXTI15_10_IRQHandler                     0x08001053   Thumb Code    28  key.o(i.EXTI15_10_IRQHandler)
    EXTI_ClearITPendingBit                   0x08001071   Thumb Code     6  stm32f10x_exti.o(i.EXTI_ClearITPendingBit)
    EXTI_GetITStatus                         0x0800107d   Thumb Code    34  stm32f10x_exti.o(i.EXTI_GetITStatus)
    EXTI_Init                                0x080010a5   Thumb Code   142  stm32f10x_exti.o(i.EXTI_Init)
    Encoder_Init                             0x08001139   Thumb Code   226  encoder.o(i.Encoder_Init)
    EventBus_IsVoid                          0x0800122d   Thumb Code    20  eventbus.o(i.EventBus_IsVoid)
    EventBus_Publish                         0x08001245   Thumb Code    72  eventbus.o(i.EventBus_Publish)
    EventBus_Subscribe                       0x08001295   Thumb Code    58  eventbus.o(i.EventBus_Subscribe)
    EventQueue_Dequeue                       0x080012d9   Thumb Code    52  eventbus.o(i.EventQueue_Dequeue)
    EventQueue_Enqueue                       0x0800131d   Thumb Code    56  eventbus.o(i.EventQueue_Enqueue)
    EventQueue_IsEmpty                       0x08001361   Thumb Code    20  eventbus.o(i.EventQueue_IsEmpty)
    FPS_Get                                  0x0800137d   Thumb Code    12  oled.o(i.FPS_Get)
    GPIO_EXTILineConfig                      0x0800138d   Thumb Code    60  stm32f10x_gpio.o(i.GPIO_EXTILineConfig)
    GPIO_Init                                0x080013cd   Thumb Code   278  stm32f10x_gpio.o(i.GPIO_Init)
    GPIO_PinRemapConfig                      0x080014e5   Thumb Code   138  stm32f10x_gpio.o(i.GPIO_PinRemapConfig)
    GPIO_ReadInputDataBit                    0x08001575   Thumb Code    18  stm32f10x_gpio.o(i.GPIO_ReadInputDataBit)
    GPIO_SetBits                             0x08001587   Thumb Code     4  stm32f10x_gpio.o(i.GPIO_SetBits)
    HardFault_Handler                        0x0800158b   Thumb Code     4  stm32f10x_it.o(i.HardFault_Handler)
    I2C_CheckEvent                           0x08001639   Thumb Code    42  stm32f10x_i2c.o(i.I2C_CheckEvent)
    I2C_ClearFlag                            0x08001663   Thumb Code    12  stm32f10x_i2c.o(i.I2C_ClearFlag)
    I2C_Cmd                                  0x0800166f   Thumb Code    24  stm32f10x_i2c.o(i.I2C_Cmd)
    I2C_DMACmd                               0x08001687   Thumb Code    24  stm32f10x_i2c.o(i.I2C_DMACmd)
    I2C_DeInit                               0x080016a1   Thumb Code    50  stm32f10x_i2c.o(i.I2C_DeInit)
    I2C_GenerateSTART                        0x080016d9   Thumb Code    24  stm32f10x_i2c.o(i.I2C_GenerateSTART)
    I2C_GenerateSTOP                         0x080016f1   Thumb Code    24  stm32f10x_i2c.o(i.I2C_GenerateSTOP)
    I2C_GetFlagStatus                        0x08001709   Thumb Code    58  stm32f10x_i2c.o(i.I2C_GetFlagStatus)
    I2C_Init                                 0x08001745   Thumb Code   222  stm32f10x_i2c.o(i.I2C_Init)
    I2C_Send7bitAddress                      0x08001831   Thumb Code    18  stm32f10x_i2c.o(i.I2C_Send7bitAddress)
    I2C_SendData                             0x08001843   Thumb Code     4  stm32f10x_i2c.o(i.I2C_SendData)
    I2C_SoftwareResetCmd                     0x08001847   Thumb Code    22  stm32f10x_i2c.o(i.I2C_SoftwareResetCmd)
    Image_Init                               0x0800185d   Thumb Code   210  image.o(i.Image_Init)
    Is_KeyPressed                            0x0800195d   Thumb Code    40  key.o(i.Is_KeyPressed)
    KeyLogic_Process                         0x08001989   Thumb Code   100  key.o(i.KeyLogic_Process)
    KeyLogic_Process_Back                    0x080019fd   Thumb Code    10  key.o(i.KeyLogic_Process_Back)
    KeyLogic_Process_OK                      0x08001a07   Thumb Code    10  key.o(i.KeyLogic_Process_OK)
    Key_Init                                 0x08001a11   Thumb Code   188  key.o(i.Key_Init)
    Left_Shift                               0x08001ae1   Thumb Code    52  image.o(i.Left_Shift)
    Link_Init                                0x08001b21   Thumb Code    62  menutree.o(i.Link_Init)
    MemManage_Handler                        0x08001b5f   Thumb Code     4  stm32f10x_it.o(i.MemManage_Handler)
    MenuBack                                 0x08001b65   Thumb Code    70  image.o(i.MenuBack)
    MenuDown                                 0x08001bb1   Thumb Code   108  image.o(i.MenuDown)
    MenuForward                              0x08001c29   Thumb Code   146  image.o(i.MenuForward)
    Menu_Init                                0x08001ccd   Thumb Code    40  createmenu.o(i.Menu_Init)
    MyRTC_Init                               0x08001d19   Thumb Code   114  myrtc.o(i.MyRTC_Init)
    MyRTC_SetTime                            0x08001d8d   Thumb Code    70  myrtc.o(i.MyRTC_SetTime)
    NMI_Handler                              0x08001dd9   Thumb Code     2  stm32f10x_it.o(i.NMI_Handler)
    NVIC_Init                                0x08001ddd   Thumb Code   100  misc.o(i.NVIC_Init)
    NVIC_PriorityGroupConfig                 0x08001e4d   Thumb Code    10  misc.o(i.NVIC_PriorityGroupConfig)
    OLED_Clear                               0x08001e61   Thumb Code    42  oled.o(i.OLED_Clear)
    OLED_ClearBuf                            0x08001e8d   Thumb Code    22  oled.o(i.OLED_ClearBuf)
    OLED_ClearBufArea                        0x08001ead   Thumb Code   286  oled.o(i.OLED_ClearBufArea)
    OLED_HardWriteCommand                    0x08001fd5   Thumb Code   322  hardi2c.o(i.OLED_HardWriteCommand)
    OLED_I2C_Init                            0x08002129   Thumb Code   314  hardi2c.o(i.OLED_I2C_Init)
    OLED_Init                                0x08002295   Thumb Code   194  oled.o(i.OLED_Init)
    OLED_OffsetUpdate                        0x0800235d   Thumb Code    74  oled.o(i.OLED_OffsetUpdate)
    OLED_Pow                                 0x080023b1   Thumb Code    20  oled.o(i.OLED_Pow)
    OLED_ReverseArea                         0x080023c5   Thumb Code   394  oled.o(i.OLED_ReverseArea)
    OLED_SetCursor                           0x08002559   Thumb Code    34  oled.o(i.OLED_SetCursor)
    OLED_ShowChar                            0x0800257d   Thumb Code   170  oled.o(i.OLED_ShowChar)
    OLED_ShowChinese                         0x0800262d   Thumb Code   352  oled.o(i.OLED_ShowChinese)
    OLED_ShowImage                           0x08002795   Thumb Code  1534  oled.o(i.OLED_ShowImage)
    OLED_ShowNum                             0x08002d9d   Thumb Code   172  oled.o(i.OLED_ShowNum)
    OLED_ShowString                          0x08002e49   Thumb Code   148  oled.o(i.OLED_ShowString)
    OLED_Update                              0x08002edd   Thumb Code   306  oled.o(i.OLED_Update)
    OLED_WriteData                           0x08003041   Thumb Code    14  hardi2c.o(i.OLED_WriteData)
    PWR_BackupAccessCmd                      0x08003051   Thumb Code     6  stm32f10x_pwr.o(i.PWR_BackupAccessCmd)
    PendSV_Handler                           0x0800305d   Thumb Code     2  stm32f10x_it.o(i.PendSV_Handler)
    Queue_Destroy                            0x0800305f   Thumb Code    46  menutree.o(i.Queue_Destroy)
    Queue_Init                               0x0800308d   Thumb Code   294  menutree.o(i.Queue_Init)
    RCC_AHBPeriphClockCmd                    0x080031c1   Thumb Code    26  stm32f10x_rcc.o(i.RCC_AHBPeriphClockCmd)
    RCC_APB1PeriphClockCmd                   0x080031e1   Thumb Code    26  stm32f10x_rcc.o(i.RCC_APB1PeriphClockCmd)
    RCC_APB1PeriphResetCmd                   0x08003201   Thumb Code    26  stm32f10x_rcc.o(i.RCC_APB1PeriphResetCmd)
    RCC_APB2PeriphClockCmd                   0x08003221   Thumb Code    26  stm32f10x_rcc.o(i.RCC_APB2PeriphClockCmd)
    RCC_GetClocksFreq                        0x08003241   Thumb Code   192  stm32f10x_rcc.o(i.RCC_GetClocksFreq)
    RCC_GetFlagStatus                        0x08003315   Thumb Code    56  stm32f10x_rcc.o(i.RCC_GetFlagStatus)
    RCC_LSEConfig                            0x08003351   Thumb Code    46  stm32f10x_rcc.o(i.RCC_LSEConfig)
    RCC_RTCCLKCmd                            0x08003385   Thumb Code     6  stm32f10x_rcc.o(i.RCC_RTCCLKCmd)
    RCC_RTCCLKConfig                         0x08003391   Thumb Code    12  stm32f10x_rcc.o(i.RCC_RTCCLKConfig)
    RTC_EnterConfigMode                      0x080033a1   Thumb Code    14  stm32f10x_rtc.o(i.RTC_EnterConfigMode)
    RTC_ExitConfigMode                       0x080033b5   Thumb Code    16  stm32f10x_rtc.o(i.RTC_ExitConfigMode)
    RTC_SetCounter                           0x080033c9   Thumb Code    24  stm32f10x_rtc.o(i.RTC_SetCounter)
    RTC_SetPrescaler                         0x080033e5   Thumb Code    26  stm32f10x_rtc.o(i.RTC_SetPrescaler)
    RTC_WaitForLastTask                      0x08003405   Thumb Code    16  stm32f10x_rtc.o(i.RTC_WaitForLastTask)
    RTC_WaitForSynchro                       0x08003419   Thumb Code    30  stm32f10x_rtc.o(i.RTC_WaitForSynchro)
    Right_Shift                              0x0800343d   Thumb Code    52  image.o(i.Right_Shift)
    SH1106_SendPage                          0x0800347d   Thumb Code   202  hardi2c.o(i.SH1106_SendPage)
    SVC_Handler                              0x08003561   Thumb Code     2  stm32f10x_it.o(i.SVC_Handler)
    ShowArrow                                0x0800364d   Thumb Code    24  image.o(i.ShowArrow)
    ShowMenu                                 0x08003669   Thumb Code   178  image.o(i.ShowMenu)
    ShowText                                 0x08003725   Thumb Code    52  image.o(i.ShowText)
    SysTick_Handler                          0x08003761   Thumb Code   130  stm32f10x_it.o(i.SysTick_Handler)
    SystemInit                               0x080037f1   Thumb Code    78  system_stm32f10x.o(i.SystemInit)
    TIM2_IRQHandler                          0x08003851   Thumb Code    90  mytimer.o(i.TIM2_IRQHandler)
    TIM3_IRQHandler                          0x080038b9   Thumb Code    78  encoder.o(i.TIM3_IRQHandler)
    TIM_ClearFlag                            0x08003911   Thumb Code     6  stm32f10x_tim.o(i.TIM_ClearFlag)
    TIM_ClearITPendingBit                    0x08003917   Thumb Code     6  stm32f10x_tim.o(i.TIM_ClearITPendingBit)
    TIM_Cmd                                  0x0800391d   Thumb Code    24  stm32f10x_tim.o(i.TIM_Cmd)
    TIM_EncoderInterfaceConfig               0x08003935   Thumb Code    66  stm32f10x_tim.o(i.TIM_EncoderInterfaceConfig)
    TIM_GetITStatus                          0x08003977   Thumb Code    34  stm32f10x_tim.o(i.TIM_GetITStatus)
    TIM_ITConfig                             0x08003999   Thumb Code    18  stm32f10x_tim.o(i.TIM_ITConfig)
    TIM_InternalClockConfig                  0x080039ab   Thumb Code    12  stm32f10x_tim.o(i.TIM_InternalClockConfig)
    TIM_OC1Init                              0x080039b9   Thumb Code   132  stm32f10x_tim.o(i.TIM_OC1Init)
    TIM_OC2Init                              0x08003a51   Thumb Code   154  stm32f10x_tim.o(i.TIM_OC2Init)
    TIM_OCStructInit                         0x08003af5   Thumb Code    20  stm32f10x_tim.o(i.TIM_OCStructInit)
    TIM_SetCounter                           0x08003b09   Thumb Code     4  stm32f10x_tim.o(i.TIM_SetCounter)
    TIM_TimeBaseInit                         0x08003b0d   Thumb Code   122  stm32f10x_tim.o(i.TIM_TimeBaseInit)
    Timer_Init                               0x08003bb1   Thumb Code   132  mytimer.o(i.Timer_Init)
    UsageFault_Handler                       0x08003c39   Thumb Code     4  stm32f10x_it.o(i.UsageFault_Handler)
    main                                     0x08003c3d   Thumb Code    52  main.o(i.main)
    scale24x32_to36x48                       0x08003c71   Thumb Code   196  image.o(i.scale24x32_to36x48)
    scale_1bit_1p5x                          0x08003d35   Thumb Code   242  image.o(i.scale_1bit_1p5x)
    OLED_F8x16                               0x08003e26   Data        1520  oled.o(.constdata)
    OLED_CF16x16                             0x08004416   Data        2590  oled.o(.constdata)
    Image0                                   0x08004e34   Data          96  image.o(.constdata)
    Image1                                   0x08004e94   Data         240  image.o(.constdata)
    Image2                                   0x08004f84   Data          96  image.o(.constdata)
    Image3                                   0x08004fe4   Data          96  image.o(.constdata)
    Image4                                   0x08005044   Data          96  image.o(.constdata)
    Arrow                                    0x080050a4   Data           8  image.o(.constdata)
    ImageB_0                                 0x080050ac   Data          96  createmenu.o(.constdata)
    ImageB_1                                 0x0800510c   Data         240  createmenu.o(.constdata)
    ImageB_2                                 0x080051fc   Data          96  createmenu.o(.constdata)
    ImageB_3                                 0x0800525c   Data          96  createmenu.o(.constdata)
    ImageB_4                                 0x080052bc   Data          96  createmenu.o(.constdata)
    ImageD_0                                 0x0800531c   Data          96  createmenu.o(.constdata)
    ImageD_1                                 0x0800537c   Data         240  createmenu.o(.constdata)
    ImageD_2                                 0x0800546c   Data          96  createmenu.o(.constdata)
    ImageD_3                                 0x080054cc   Data          96  createmenu.o(.constdata)
    _monlen                                  0x0800552c   Data          12  _monlen.o(.constdata)
    Region$$Table$$Base                      0x08005560   Number         0  anon$$obj.o(Region$$Table)
    Region$$Table$$Limit                     0x08005580   Number         0  anon$$obj.o(Region$$Table)
    SystemCoreClock                          0x20000000   Data           4  system_stm32f10x.o(.data)
    AHBPrescTable                            0x20000004   Data          16  system_stm32f10x.o(.data)
    TaskTimer                                0x20000028   Data           1  mytimer.o(.data)
    FPS                                      0x20000029   Data           1  mytimer.o(.data)
    MyRTC_Time                               0x2000002c   Data          12  myrtc.o(.data)
    CurrentEvent                             0x2000003b   Data           1  eventbus.o(.data)
    PressDuration                            0x2000003e   Data           2  stm32f10x_it.o(.data)
    dma_done                                 0x20000043   Data           1  hardi2c.o(.data)
    g_oled_type                              0x20000044   Data           1  hardi2c.o(.data)
    dma_chain_page                           0x20000045   Data           1  hardi2c.o(.data)
    dma_chain_busy                           0x20000046   Data           1  hardi2c.o(.data)
    buf_idx                                  0x20000047   Data           1  oled.o(.data)
    Update_Count                             0x20000048   Data           1  oled.o(.data)
    OledOptions                              0x20000049   Data           1  oled.o(.data)
    menuOptions                              0x2000004c   Data           3  image.o(.data)
    NodeA                                    0x20000050   Data          28  image.o(.data)
    NodeB                                    0x2000006c   Data          28  image.o(.data)
    NodeC                                    0x20000088   Data          28  image.o(.data)
    NodeD                                    0x200000a4   Data          28  image.o(.data)
    NodeE                                    0x200000c0   Data          28  image.o(.data)
    pCurrentQueue                            0x200000dc   Data           4  image.o(.data)
    Encoder_Count                            0x200000e0   Data           2  encoder.o(.data)
    Speed                                    0x200000e2   Data           1  encoder.o(.data)
    Controller                               0x200000e4   Data         120  animation.o(.data)
    OLED_BUF                                 0x200002c7   Data        2048  oled.o(.bss)
    ImageTemp                                0x20000ac7   Data        1024  oled.o(.bss)
    QNode0                                   0x20000ec8   Data          20  image.o(.bss)
    QNode1                                   0x20000edc   Data          20  image.o(.bss)
    QNode2                                   0x20000ef0   Data          20  image.o(.bss)
    QNode3                                   0x20000f04   Data          20  image.o(.bss)
    QNode4                                   0x20000f18   Data          20  image.o(.bss)
    RootQueue                                0x20000f2c   Data          20  image.o(.bss)
    __libspace_start                         0x20000f40   Data          96  libspace.o(.bss)
    __temporary_stack_top$libspace           0x20000fa0   Data           0  libspace.o(.bss)



==============================================================================

Memory Map of the image

  Image Entry point : 0x080001d1

  Load Region LR_1 (Base: 0x08000000, Size: 0x000056dc, Max: 0xffffffff, ABSOLUTE, COMPRESSED[0x00005610])

    Execution Region ER_RO (Exec base: 0x08000000, Load base: 0x08000000, Size: 0x00005580, Max: 0xffffffff, ABSOLUTE)

    Exec Addr    Load Addr    Size         Type   Attr      Idx    E Section Name        Object

    0x08000000   0x08000000   0x000000ec   Data   RO            3    RESET               startup_stm32f10x_md.o
    0x080000ec   0x080000ec   0x00000008   Code   RO         4397  * !!!main             c_w.l(__main.o)
    0x080000f4   0x080000f4   0x00000034   Code   RO         4671    !!!scatter          c_w.l(__scatter.o)
    0x08000128   0x08000128   0x0000005a   Code   RO         4669    !!dczerorl2         c_w.l(__dczerorl2.o)
    0x08000182   0x08000182   0x00000002   PAD
    0x08000184   0x08000184   0x0000001c   Code   RO         4673    !!handler_zi        c_w.l(__scatter_zi.o)
    0x080001a0   0x080001a0   0x00000002   Code   RO         4608    .ARM.Collect$$libinit$$00000000  c_w.l(libinit.o)
    0x080001a2   0x080001a2   0x00000000   Code   RO         4481    .ARM.Collect$$libinit$$00000002  c_w.l(libinit2.o)
    0x080001a2   0x080001a2   0x00000000   Code   RO         4483    .ARM.Collect$$libinit$$00000004  c_w.l(libinit2.o)
    0x080001a2   0x080001a2   0x00000008   Code   RO         4484    .ARM.Collect$$libinit$$00000005  c_w.l(libinit2.o)
    0x080001aa   0x080001aa   0x00000000   Code   RO         4486    .ARM.Collect$$libinit$$0000000A  c_w.l(libinit2.o)
    0x080001aa   0x080001aa   0x00000000   Code   RO         4488    .ARM.Collect$$libinit$$0000000C  c_w.l(libinit2.o)
    0x080001aa   0x080001aa   0x00000000   Code   RO         4490    .ARM.Collect$$libinit$$0000000E  c_w.l(libinit2.o)
    0x080001aa   0x080001aa   0x00000000   Code   RO         4493    .ARM.Collect$$libinit$$00000011  c_w.l(libinit2.o)
    0x080001aa   0x080001aa   0x00000000   Code   RO         4495    .ARM.Collect$$libinit$$00000013  c_w.l(libinit2.o)
    0x080001aa   0x080001aa   0x00000000   Code   RO         4497    .ARM.Collect$$libinit$$00000015  c_w.l(libinit2.o)
    0x080001aa   0x080001aa   0x00000000   Code   RO         4499    .ARM.Collect$$libinit$$00000017  c_w.l(libinit2.o)
    0x080001aa   0x080001aa   0x00000000   Code   RO         4501    .ARM.Collect$$libinit$$00000019  c_w.l(libinit2.o)
    0x080001aa   0x080001aa   0x00000000   Code   RO         4503    .ARM.Collect$$libinit$$0000001B  c_w.l(libinit2.o)
    0x080001aa   0x080001aa   0x00000000   Code   RO         4505    .ARM.Collect$$libinit$$0000001D  c_w.l(libinit2.o)
    0x080001aa   0x080001aa   0x00000000   Code   RO         4507    .ARM.Collect$$libinit$$0000001F  c_w.l(libinit2.o)
    0x080001aa   0x080001aa   0x00000000   Code   RO         4509    .ARM.Collect$$libinit$$00000021  c_w.l(libinit2.o)
    0x080001aa   0x080001aa   0x00000000   Code   RO         4511    .ARM.Collect$$libinit$$00000023  c_w.l(libinit2.o)
    0x080001aa   0x080001aa   0x00000000   Code   RO         4513    .ARM.Collect$$libinit$$00000025  c_w.l(libinit2.o)
    0x080001aa   0x080001aa   0x00000000   Code   RO         4517    .ARM.Collect$$libinit$$0000002C  c_w.l(libinit2.o)
    0x080001aa   0x080001aa   0x00000000   Code   RO         4519    .ARM.Collect$$libinit$$0000002E  c_w.l(libinit2.o)
    0x080001aa   0x080001aa   0x00000000   Code   RO         4521    .ARM.Collect$$libinit$$00000030  c_w.l(libinit2.o)
    0x080001aa   0x080001aa   0x00000000   Code   RO         4523    .ARM.Collect$$libinit$$00000032  c_w.l(libinit2.o)
    0x080001aa   0x080001aa   0x00000002   Code   RO         4524    .ARM.Collect$$libinit$$00000033  c_w.l(libinit2.o)
    0x080001ac   0x080001ac   0x00000002   Code   RO         4666    .ARM.Collect$$libshutdown$$00000000  c_w.l(libshutdown.o)
    0x080001ae   0x080001ae   0x00000000   Code   RO         4622    .ARM.Collect$$libshutdown$$00000002  c_w.l(libshutdown2.o)
    0x080001ae   0x080001ae   0x00000000   Code   RO         4624    .ARM.Collect$$libshutdown$$00000004  c_w.l(libshutdown2.o)
    0x080001ae   0x080001ae   0x00000000   Code   RO         4627    .ARM.Collect$$libshutdown$$00000007  c_w.l(libshutdown2.o)
    0x080001ae   0x080001ae   0x00000000   Code   RO         4630    .ARM.Collect$$libshutdown$$0000000A  c_w.l(libshutdown2.o)
    0x080001ae   0x080001ae   0x00000000   Code   RO         4632    .ARM.Collect$$libshutdown$$0000000C  c_w.l(libshutdown2.o)
    0x080001ae   0x080001ae   0x00000000   Code   RO         4635    .ARM.Collect$$libshutdown$$0000000F  c_w.l(libshutdown2.o)
    0x080001ae   0x080001ae   0x00000002   Code   RO         4636    .ARM.Collect$$libshutdown$$00000010  c_w.l(libshutdown2.o)
    0x080001b0   0x080001b0   0x00000000   Code   RO         4447    .ARM.Collect$$rtentry$$00000000  c_w.l(__rtentry.o)
    0x080001b0   0x080001b0   0x00000000   Code   RO         4546    .ARM.Collect$$rtentry$$00000002  c_w.l(__rtentry2.o)
    0x080001b0   0x080001b0   0x00000006   Code   RO         4558    .ARM.Collect$$rtentry$$00000004  c_w.l(__rtentry4.o)
    0x080001b6   0x080001b6   0x00000000   Code   RO         4548    .ARM.Collect$$rtentry$$00000009  c_w.l(__rtentry2.o)
    0x080001b6   0x080001b6   0x00000004   Code   RO         4549    .ARM.Collect$$rtentry$$0000000A  c_w.l(__rtentry2.o)
    0x080001ba   0x080001ba   0x00000000   Code   RO         4551    .ARM.Collect$$rtentry$$0000000C  c_w.l(__rtentry2.o)
    0x080001ba   0x080001ba   0x00000008   Code   RO         4552    .ARM.Collect$$rtentry$$0000000D  c_w.l(__rtentry2.o)
    0x080001c2   0x080001c2   0x00000002   Code   RO         4611    .ARM.Collect$$rtexit$$00000000  c_w.l(rtexit.o)
    0x080001c4   0x080001c4   0x00000000   Code   RO         4640    .ARM.Collect$$rtexit$$00000002  c_w.l(rtexit2.o)
    0x080001c4   0x080001c4   0x00000004   Code   RO         4641    .ARM.Collect$$rtexit$$00000003  c_w.l(rtexit2.o)
    0x080001c8   0x080001c8   0x00000006   Code   RO         4642    .ARM.Collect$$rtexit$$00000004  c_w.l(rtexit2.o)
    0x080001ce   0x080001ce   0x00000002   PAD
    0x080001d0   0x080001d0   0x00000000   Code   RO         4567    .emb_text           c_w.l(maybetermalloc1.o)
    0x080001d0   0x080001d0   0x00000040   Code   RO            4  * .text               startup_stm32f10x_md.o
    0x08000210   0x08000210   0x0000005e   Code   RO         4320    .text               c_w.l(h1_alloc.o)
    0x0800026e   0x0800026e   0x0000004e   Code   RO         4322    .text               c_w.l(h1_free.o)
    0x080002bc   0x080002bc   0x0000008a   Code   RO         4378    .text               c_w.l(rt_memcpy_v6.o)
    0x08000346   0x08000346   0x00000064   Code   RO         4380    .text               c_w.l(rt_memcpy_w.o)
    0x080003aa   0x080003aa   0x00000044   Code   RO         4384    .text               c_w.l(rt_memclr.o)
    0x080003ee   0x080003ee   0x0000004e   Code   RO         4386    .text               c_w.l(rt_memclr_w.o)
    0x0800043c   0x0800043c   0x00000080   Code   RO         4388    .text               c_w.l(strcmpv7m.o)
    0x080004bc   0x080004bc   0x000001ac   Code   RO         4393    .text               c_w.l(mktime.o)
    0x08000668   0x08000668   0x00000006   Code   RO         4395    .text               c_w.l(heapauxi.o)
    0x0800066e   0x0800066e   0x00000002   PAD
    0x08000670   0x08000670   0x00000008   Code   RO         4451    .text               c_w.l(rt_heap_descriptor_intlibspace.o)
    0x08000678   0x08000678   0x00000004   Code   RO         4453    .text               c_w.l(hguard.o)
    0x0800067c   0x0800067c   0x0000008a   Code   RO         4455    .text               c_w.l(init_alloc.o)
    0x08000706   0x08000706   0x0000000e   Code   RO         4459    .text               c_w.l(h1_init.o)
    0x08000714   0x08000714   0x00000008   Code   RO         4542    .text               c_w.l(libspace.o)
    0x0800071c   0x0800071c   0x00000034   Code   RO         4569    .text               c_w.l(h1_extend.o)
    0x08000750   0x08000750   0x0000000e   Code   RO         4573    .text               c_w.l(defsig_rtmem_outer.o)
    0x0800075e   0x0800075e   0x00000002   Code   RO         4584    .text               c_w.l(use_no_semi.o)
    0x08000760   0x08000760   0x00000000   Code   RO         4586    .text               c_w.l(indicate_semi.o)
    0x08000760   0x08000760   0x0000004a   Code   RO         4587    .text               c_w.l(sys_stackheap_outer.o)
    0x080007aa   0x080007aa   0x00000012   Code   RO         4593    .text               c_w.l(exit.o)
    0x080007bc   0x080007bc   0x0000000a   Code   RO         4595    .text               c_w.l(defsig_exit.o)
    0x080007c6   0x080007c6   0x00000002   PAD
    0x080007c8   0x080007c8   0x00000050   Code   RO         4597    .text               c_w.l(defsig_rtmem_inner.o)
    0x08000818   0x08000818   0x0000000c   Code   RO         4609    .text               c_w.l(sys_exit.o)
    0x08000824   0x08000824   0x00000032   Code   RO         4619    .text               c_w.l(defsig_general.o)
    0x08000856   0x08000856   0x0000000e   Code   RO         4637    .text               c_w.l(sys_wrch.o)
    0x08000864   0x08000864   0x000003d8   Code   RO         4235    i.Animation_Start   animation.o
    0x08000c3c   0x08000c3c   0x0000001c   Code   RO          431    i.BKP_ReadBackupRegister  stm32f10x_bkp.o
    0x08000c58   0x08000c58   0x0000001c   Code   RO          435    i.BKP_WriteBackupRegister  stm32f10x_bkp.o
    0x08000c74   0x08000c74   0x00000004   Code   RO         3547    i.BusFault_Handler  stm32f10x_it.o
    0x08000c78   0x08000c78   0x00000164   Code   RO         3683    i.DMA1_Channel6_IRQHandler  hardi2c.o
    0x08000ddc   0x08000ddc   0x0000001c   Code   RO          909    i.DMA_ClearFlag     stm32f10x_dma.o
    0x08000df8   0x08000df8   0x0000001c   Code   RO          910    i.DMA_ClearITPendingBit  stm32f10x_dma.o
    0x08000e14   0x08000e14   0x00000018   Code   RO          911    i.DMA_Cmd           stm32f10x_dma.o
    0x08000e2c   0x08000e2c   0x0000014c   Code   RO          912    i.DMA_DeInit        stm32f10x_dma.o
    0x08000f78   0x08000f78   0x0000002c   Code   RO          915    i.DMA_GetITStatus   stm32f10x_dma.o
    0x08000fa4   0x08000fa4   0x00000012   Code   RO          916    i.DMA_ITConfig      stm32f10x_dma.o
    0x08000fb6   0x08000fb6   0x0000003c   Code   RO          917    i.DMA_Init          stm32f10x_dma.o
    0x08000ff2   0x08000ff2   0x00000002   Code   RO         3548    i.DebugMon_Handler  stm32f10x_it.o
    0x08000ff4   0x08000ff4   0x00000018   Code   RO         3196    i.Delay_ms          delay.o
    0x0800100c   0x0800100c   0x0000002e   Code   RO         3198    i.Delay_us          delay.o
    0x0800103a   0x0800103a   0x00000018   Code   RO         3620    i.EXTI0_IRQHandler  key.o
    0x08001052   0x08001052   0x0000001c   Code   RO         3621    i.EXTI15_10_IRQHandler  key.o
    0x0800106e   0x0800106e   0x00000002   PAD
    0x08001070   0x08001070   0x0000000c   Code   RO          985    i.EXTI_ClearITPendingBit  stm32f10x_exti.o
    0x0800107c   0x0800107c   0x00000028   Code   RO          989    i.EXTI_GetITStatus  stm32f10x_exti.o
    0x080010a4   0x080010a4   0x00000094   Code   RO          990    i.EXTI_Init         stm32f10x_exti.o
    0x08001138   0x08001138   0x000000f4   Code   RO         4030    i.Encoder_Init      encoder.o
    0x0800122c   0x0800122c   0x00000018   Code   RO         3384    i.EventBus_IsVoid   eventbus.o
    0x08001244   0x08001244   0x00000050   Code   RO         3385    i.EventBus_Publish  eventbus.o
    0x08001294   0x08001294   0x00000044   Code   RO         3386    i.EventBus_Subscribe  eventbus.o
    0x080012d8   0x080012d8   0x00000044   Code   RO         3390    i.EventQueue_Dequeue  eventbus.o
    0x0800131c   0x0800131c   0x00000044   Code   RO         3391    i.EventQueue_Enqueue  eventbus.o
    0x08001360   0x08001360   0x0000001c   Code   RO         3393    i.EventQueue_IsEmpty  eventbus.o
    0x0800137c   0x0800137c   0x00000010   Code   RO         3740    i.FPS_Get           oled.o
    0x0800138c   0x0800138c   0x00000040   Code   RO         1344    i.GPIO_EXTILineConfig  stm32f10x_gpio.o
    0x080013cc   0x080013cc   0x00000116   Code   RO         1347    i.GPIO_Init         stm32f10x_gpio.o
    0x080014e2   0x080014e2   0x00000002   PAD
    0x080014e4   0x080014e4   0x00000090   Code   RO         1349    i.GPIO_PinRemapConfig  stm32f10x_gpio.o
    0x08001574   0x08001574   0x00000012   Code   RO         1351    i.GPIO_ReadInputDataBit  stm32f10x_gpio.o
    0x08001586   0x08001586   0x00000004   Code   RO         1355    i.GPIO_SetBits      stm32f10x_gpio.o
    0x0800158a   0x0800158a   0x00000004   Code   RO         3549    i.HardFault_Handler  stm32f10x_it.o
    0x0800158e   0x0800158e   0x00000002   PAD
    0x08001590   0x08001590   0x000000a8   Code   RO         3684    i.I2C1_DMA_Send     hardi2c.o
    0x08001638   0x08001638   0x0000002a   Code   RO         1461    i.I2C_CheckEvent    stm32f10x_i2c.o
    0x08001662   0x08001662   0x0000000c   Code   RO         1462    i.I2C_ClearFlag     stm32f10x_i2c.o
    0x0800166e   0x0800166e   0x00000018   Code   RO         1464    i.I2C_Cmd           stm32f10x_i2c.o
    0x08001686   0x08001686   0x00000018   Code   RO         1465    i.I2C_DMACmd        stm32f10x_i2c.o
    0x0800169e   0x0800169e   0x00000002   PAD
    0x080016a0   0x080016a0   0x00000038   Code   RO         1467    i.I2C_DeInit        stm32f10x_i2c.o
    0x080016d8   0x080016d8   0x00000018   Code   RO         1471    i.I2C_GenerateSTART  stm32f10x_i2c.o
    0x080016f0   0x080016f0   0x00000018   Code   RO         1472    i.I2C_GenerateSTOP  stm32f10x_i2c.o
    0x08001708   0x08001708   0x0000003a   Code   RO         1473    i.I2C_GetFlagStatus  stm32f10x_i2c.o
    0x08001742   0x08001742   0x00000002   PAD
    0x08001744   0x08001744   0x000000ec   Code   RO         1478    i.I2C_Init          stm32f10x_i2c.o
    0x08001830   0x08001830   0x00000012   Code   RO         1485    i.I2C_Send7bitAddress  stm32f10x_i2c.o
    0x08001842   0x08001842   0x00000004   Code   RO         1486    i.I2C_SendData      stm32f10x_i2c.o
    0x08001846   0x08001846   0x00000016   Code   RO         1487    i.I2C_SoftwareResetCmd  stm32f10x_i2c.o
    0x0800185c   0x0800185c   0x00000100   Code   RO         3937    i.Image_Init        image.o
    0x0800195c   0x0800195c   0x0000002c   Code   RO         3622    i.Is_KeyPressed     key.o
    0x08001988   0x08001988   0x00000074   Code   RO         3623    i.KeyLogic_Process  key.o
    0x080019fc   0x080019fc   0x0000000a   Code   RO         3624    i.KeyLogic_Process_Back  key.o
    0x08001a06   0x08001a06   0x0000000a   Code   RO         3625    i.KeyLogic_Process_OK  key.o
    0x08001a10   0x08001a10   0x000000d0   Code   RO         3626    i.Key_Init          key.o
    0x08001ae0   0x08001ae0   0x00000040   Code   RO         3938    i.Left_Shift        image.o
    0x08001b20   0x08001b20   0x0000003e   Code   RO         4051    i.Link_Init         menutree.o
    0x08001b5e   0x08001b5e   0x00000004   Code   RO         3550    i.MemManage_Handler  stm32f10x_it.o
    0x08001b62   0x08001b62   0x00000002   PAD
    0x08001b64   0x08001b64   0x0000004c   Code   RO         3939    i.MenuBack          image.o
    0x08001bb0   0x08001bb0   0x00000078   Code   RO         3940    i.MenuDown          image.o
    0x08001c28   0x08001c28   0x000000a4   Code   RO         3941    i.MenuForward       image.o
    0x08001ccc   0x08001ccc   0x0000004c   Code   RO         4178    i.Menu_Init         createmenu.o
    0x08001d18   0x08001d18   0x00000072   Code   RO         3351    i.MyRTC_Init        myrtc.o
    0x08001d8a   0x08001d8a   0x00000002   PAD
    0x08001d8c   0x08001d8c   0x0000004c   Code   RO         3353    i.MyRTC_SetTime     myrtc.o
    0x08001dd8   0x08001dd8   0x00000002   Code   RO         3551    i.NMI_Handler       stm32f10x_it.o
    0x08001dda   0x08001dda   0x00000002   PAD
    0x08001ddc   0x08001ddc   0x00000070   Code   RO          137    i.NVIC_Init         misc.o
    0x08001e4c   0x08001e4c   0x00000014   Code   RO          138    i.NVIC_PriorityGroupConfig  misc.o
    0x08001e60   0x08001e60   0x0000002a   Code   RO         3742    i.OLED_Clear        oled.o
    0x08001e8a   0x08001e8a   0x00000002   PAD
    0x08001e8c   0x08001e8c   0x00000020   Code   RO         3743    i.OLED_ClearBuf     oled.o
    0x08001eac   0x08001eac   0x00000128   Code   RO         3744    i.OLED_ClearBufArea  oled.o
    0x08001fd4   0x08001fd4   0x00000154   Code   RO         3685    i.OLED_HardWriteCommand  hardi2c.o
    0x08002128   0x08002128   0x0000016c   Code   RO         3686    i.OLED_I2C_Init     hardi2c.o
    0x08002294   0x08002294   0x000000c8   Code   RO         3749    i.OLED_Init         oled.o
    0x0800235c   0x0800235c   0x00000054   Code   RO         3750    i.OLED_OffsetUpdate  oled.o
    0x080023b0   0x080023b0   0x00000014   Code   RO         3751    i.OLED_Pow          oled.o
    0x080023c4   0x080023c4   0x00000194   Code   RO         3754    i.OLED_ReverseArea  oled.o
    0x08002558   0x08002558   0x00000022   Code   RO         3755    i.OLED_SetCursor    oled.o
    0x0800257a   0x0800257a   0x00000002   PAD
    0x0800257c   0x0800257c   0x000000b0   Code   RO         3757    i.OLED_ShowChar     oled.o
    0x0800262c   0x0800262c   0x00000168   Code   RO         3759    i.OLED_ShowChinese  oled.o
    0x08002794   0x08002794   0x00000608   Code   RO         3761    i.OLED_ShowImage    oled.o
    0x08002d9c   0x08002d9c   0x000000ac   Code   RO         3762    i.OLED_ShowNum      oled.o
    0x08002e48   0x08002e48   0x00000094   Code   RO         3764    i.OLED_ShowString   oled.o
    0x08002edc   0x08002edc   0x00000164   Code   RO         3765    i.OLED_Update       oled.o
    0x08003040   0x08003040   0x0000000e   Code   RO         3688    i.OLED_WriteData    hardi2c.o
    0x0800304e   0x0800304e   0x00000002   PAD
    0x08003050   0x08003050   0x0000000c   Code   RO         1710    i.PWR_BackupAccessCmd  stm32f10x_pwr.o
    0x0800305c   0x0800305c   0x00000002   Code   RO         3552    i.PendSV_Handler    stm32f10x_it.o
    0x0800305e   0x0800305e   0x0000002e   Code   RO         4053    i.Queue_Destroy     menutree.o
    0x0800308c   0x0800308c   0x00000134   Code   RO         4054    i.Queue_Init        menutree.o
    0x080031c0   0x080031c0   0x00000020   Code   RO         1774    i.RCC_AHBPeriphClockCmd  stm32f10x_rcc.o
    0x080031e0   0x080031e0   0x00000020   Code   RO         1775    i.RCC_APB1PeriphClockCmd  stm32f10x_rcc.o
    0x08003200   0x08003200   0x00000020   Code   RO         1776    i.RCC_APB1PeriphResetCmd  stm32f10x_rcc.o
    0x08003220   0x08003220   0x00000020   Code   RO         1777    i.RCC_APB2PeriphClockCmd  stm32f10x_rcc.o
    0x08003240   0x08003240   0x000000d4   Code   RO         1785    i.RCC_GetClocksFreq  stm32f10x_rcc.o
    0x08003314   0x08003314   0x0000003c   Code   RO         1786    i.RCC_GetFlagStatus  stm32f10x_rcc.o
    0x08003350   0x08003350   0x00000034   Code   RO         1793    i.RCC_LSEConfig     stm32f10x_rcc.o
    0x08003384   0x08003384   0x0000000c   Code   RO         1800    i.RCC_RTCCLKCmd     stm32f10x_rcc.o
    0x08003390   0x08003390   0x00000010   Code   RO         1801    i.RCC_RTCCLKConfig  stm32f10x_rcc.o
    0x080033a0   0x080033a0   0x00000014   Code   RO         1978    i.RTC_EnterConfigMode  stm32f10x_rtc.o
    0x080033b4   0x080033b4   0x00000014   Code   RO         1979    i.RTC_ExitConfigMode  stm32f10x_rtc.o
    0x080033c8   0x080033c8   0x0000001c   Code   RO         1986    i.RTC_SetCounter    stm32f10x_rtc.o
    0x080033e4   0x080033e4   0x00000020   Code   RO         1987    i.RTC_SetPrescaler  stm32f10x_rtc.o
    0x08003404   0x08003404   0x00000014   Code   RO         1988    i.RTC_WaitForLastTask  stm32f10x_rtc.o
    0x08003418   0x08003418   0x00000024   Code   RO         1989    i.RTC_WaitForSynchro  stm32f10x_rtc.o
    0x0800343c   0x0800343c   0x00000040   Code   RO         3942    i.Right_Shift       image.o
    0x0800347c   0x0800347c   0x000000e4   Code   RO         3689    i.SH1106_SendPage   hardi2c.o
    0x08003560   0x08003560   0x00000002   Code   RO         3553    i.SVC_Handler       stm32f10x_it.o
    0x08003562   0x08003562   0x00000008   Code   RO           24    i.SetSysClock       system_stm32f10x.o
    0x0800356a   0x0800356a   0x00000002   PAD
    0x0800356c   0x0800356c   0x000000e0   Code   RO           25    i.SetSysClockTo72   system_stm32f10x.o
    0x0800364c   0x0800364c   0x0000001c   Code   RO         3943    i.ShowArrow         image.o
    0x08003668   0x08003668   0x000000bc   Code   RO         3944    i.ShowMenu          image.o
    0x08003724   0x08003724   0x0000003c   Code   RO         3945    i.ShowText          image.o
    0x08003760   0x08003760   0x00000090   Code   RO         3554    i.SysTick_Handler   stm32f10x_it.o
    0x080037f0   0x080037f0   0x00000060   Code   RO           27    i.SystemInit        system_stm32f10x.o
    0x08003850   0x08003850   0x00000068   Code   RO         3220    i.TIM2_IRQHandler   mytimer.o
    0x080038b8   0x080038b8   0x00000058   Code   RO         4031    i.TIM3_IRQHandler   encoder.o
    0x08003910   0x08003910   0x00000006   Code   RO         2415    i.TIM_ClearFlag     stm32f10x_tim.o
    0x08003916   0x08003916   0x00000006   Code   RO         2416    i.TIM_ClearITPendingBit  stm32f10x_tim.o
    0x0800391c   0x0800391c   0x00000018   Code   RO         2421    i.TIM_Cmd           stm32f10x_tim.o
    0x08003934   0x08003934   0x00000042   Code   RO         2430    i.TIM_EncoderInterfaceConfig  stm32f10x_tim.o
    0x08003976   0x08003976   0x00000022   Code   RO         2442    i.TIM_GetITStatus   stm32f10x_tim.o
    0x08003998   0x08003998   0x00000012   Code   RO         2446    i.TIM_ITConfig      stm32f10x_tim.o
    0x080039aa   0x080039aa   0x0000000c   Code   RO         2448    i.TIM_InternalClockConfig  stm32f10x_tim.o
    0x080039b6   0x080039b6   0x00000002   PAD
    0x080039b8   0x080039b8   0x00000098   Code   RO         2450    i.TIM_OC1Init       stm32f10x_tim.o
    0x08003a50   0x08003a50   0x000000a4   Code   RO         2455    i.TIM_OC2Init       stm32f10x_tim.o
    0x08003af4   0x08003af4   0x00000014   Code   RO         2468    i.TIM_OCStructInit  stm32f10x_tim.o
    0x08003b08   0x08003b08   0x00000004   Code   RO         2486    i.TIM_SetCounter    stm32f10x_tim.o
    0x08003b0c   0x08003b0c   0x000000a4   Code   RO         2492    i.TIM_TimeBaseInit  stm32f10x_tim.o
    0x08003bb0   0x08003bb0   0x00000088   Code   RO         3221    i.Timer_Init        mytimer.o
    0x08003c38   0x08003c38   0x00000004   Code   RO         3555    i.UsageFault_Handler  stm32f10x_it.o
    0x08003c3c   0x08003c3c   0x00000034   Code   RO         3478    i.main              main.o
    0x08003c70   0x08003c70   0x000000c4   Code   RO         3946    i.scale24x32_to36x48  image.o
    0x08003d34   0x08003d34   0x000000f2   Code   RO         3947    i.scale_1bit_1p5x   image.o
    0x08003e26   0x08003e26   0x0000100e   Data   RO         3769    .constdata          oled.o
    0x08004e34   0x08004e34   0x00000278   Data   RO         3949    .constdata          image.o
    0x080050ac   0x080050ac   0x00000480   Data   RO         4179    .constdata          createmenu.o
    0x0800552c   0x0800552c   0x0000000c   Data   RO         4475    .constdata          c_w.l(_monlen.o)
    0x08005538   0x08005538   0x00000025   Data   RO         3950    .conststring        image.o
    0x0800555d   0x0800555d   0x00000003   PAD
    0x08005560   0x08005560   0x00000020   Data   RO         4667    Region$$Table       anon$$obj.o


    Execution Region ER_RW (Exec base: 0x20000000, Load base: 0x08005580, Size: 0x0000015c, Max: 0xffffffff, ABSOLUTE, COMPRESSED[0x00000090])

    Exec Addr    Load Addr    Size         Type   Attr      Idx    E Section Name        Object

    0x20000000   COMPRESSED   0x00000014   Data   RW           28    .data               system_stm32f10x.o
    0x20000014   COMPRESSED   0x00000014   Data   RW         1805    .data               stm32f10x_rcc.o
    0x20000028   COMPRESSED   0x00000003   Data   RW         3223    .data               mytimer.o
    0x2000002b   COMPRESSED   0x00000001   PAD
    0x2000002c   COMPRESSED   0x0000000c   Data   RW         3354    .data               myrtc.o
    0x20000038   COMPRESSED   0x00000006   Data   RW         3395    .data               eventbus.o
    0x2000003e   COMPRESSED   0x00000003   Data   RW         3556    .data               stm32f10x_it.o
    0x20000041   COMPRESSED   0x00000006   Data   RW         3690    .data               hardi2c.o
    0x20000047   COMPRESSED   0x00000003   Data   RW         3770    .data               oled.o
    0x2000004a   COMPRESSED   0x00000002   PAD
    0x2000004c   COMPRESSED   0x00000094   Data   RW         3951    .data               image.o
    0x200000e0   COMPRESSED   0x00000003   Data   RW         4032    .data               encoder.o
    0x200000e3   COMPRESSED   0x00000001   PAD
    0x200000e4   COMPRESSED   0x00000078   Data   RW         4239    .data               animation.o


    Execution Region ER_ZI (Exec base: 0x2000015c, Load base: 0x08005610, Size: 0x00001c44, Max: 0xffffffff, ABSOLUTE)

    Exec Addr    Load Addr    Size         Type   Attr      Idx    E Section Name        Object

    0x2000015c        -       0x0000016b   Zero   RW         3394    .bss                eventbus.o
    0x200002c7        -       0x00000c00   Zero   RW         3768    .bss                oled.o
    0x20000ec7   0x08005610   0x00000001   PAD
    0x20000ec8        -       0x00000078   Zero   RW         3948    .bss                image.o
    0x20000f40        -       0x00000060   Zero   RW         4543    .bss                c_w.l(libspace.o)
    0x20000fa0        -       0x00000600   Zero   RW            2    HEAP                startup_stm32f10x_md.o
    0x200015a0        -       0x00000800   Zero   RW            1    STACK               startup_stm32f10x_md.o


==============================================================================

Image component sizes


      Code (inc. data)   RO Data    RW Data    ZI Data      Debug   Object Name

       984         14          0        120          0       2847   animation.o
         0          0          0          0          0       4508   core_cm3.o
        76         36       1152          0          0       1731   createmenu.o
        70          0          0          0          0        906   delay.o
       332         28          0          3          0       1451   encoder.o
       336         58          0          6        363       4768   eventbus.o
      1470        158          0          6          0       5275   hardi2c.o
      1458        128        669        148        120       9761   image.o
       440         40          0          0          0      18673   key.o
        52          0          0          0          0        487   main.o
       416         14          0          0          0     206032   menutree.o
       132         22          0          0          0     204703   misc.o
       190          6          0         12          0       2462   myrtc.o
       240         18          0          3          0     255261   mytimer.o
      3884        124       4110          3       3072      13570   oled.o
        64         26        236          0       3584        812   startup_stm32f10x_md.o
        56         10          0          0          0       2055   stm32f10x_bkp.o
       534         36          0          0          0      15055   stm32f10x_dma.o
       200         18          0          0          0       4044   stm32f10x_exti.o
       508         10          0          0          0      12607   stm32f10x_gpio.o
       544         20          0          0          0      16111   stm32f10x_i2c.o
       168         14          0          3          0       4882   stm32f10x_it.o
        12          6          0          0          0        466   stm32f10x_pwr.o
       480         64          0         20          0      15986   stm32f10x_rcc.o
       156         30          0          0          0       2742   stm32f10x_rtc.o
       670         72          0          0          0      27621   stm32f10x_tim.o
       328         28          0         20          0      10773   system_stm32f10x.o

    ----------------------------------------------------------------------
     13826        980       6202        348       7140     845589   Object Totals
         0          0         32          0          0          0   (incl. Generated)
        26          0          3          4          1          0   (incl. Padding)

    ----------------------------------------------------------------------

      Code (inc. data)   RO Data    RW Data    ZI Data      Debug   Library Member Name

        90          0          0          0          0          0   __dczerorl2.o
         8          0          0          0          0         68   __main.o
         0          0          0          0          0          0   __rtentry.o
        12          0          0          0          0          0   __rtentry2.o
         6          0          0          0          0          0   __rtentry4.o
        52          8          0          0          0          0   __scatter.o
        28          0          0          0          0          0   __scatter_zi.o
         0          0         12          0          0          0   _monlen.o
        10          0          0          0          0         68   defsig_exit.o
        50          0          0          0          0         88   defsig_general.o
        80         58          0          0          0         76   defsig_rtmem_inner.o
        14          0          0          0          0         80   defsig_rtmem_outer.o
        18          0          0          0          0         80   exit.o
        94          0          0          0          0         80   h1_alloc.o
        52          0          0          0          0         68   h1_extend.o
        78          0          0          0          0         80   h1_free.o
        14          0          0          0          0         84   h1_init.o
         6          0          0          0          0        152   heapauxi.o
         4          0          0          0          0        136   hguard.o
         0          0          0          0          0          0   indicate_semi.o
       138          0          0          0          0        168   init_alloc.o
         2          0          0          0          0          0   libinit.o
        10          0          0          0          0          0   libinit2.o
         2          0          0          0          0          0   libshutdown.o
         2          0          0          0          0          0   libshutdown2.o
         8          4          0          0         96         68   libspace.o
         0          0          0          0          0          0   maybetermalloc1.o
       428         10          0          0          0        116   mktime.o
         8          4          0          0          0         68   rt_heap_descriptor_intlibspace.o
        68          0          0          0          0         68   rt_memclr.o
        78          0          0          0          0         80   rt_memclr_w.o
       138          0          0          0          0         68   rt_memcpy_v6.o
       100          0          0          0          0         80   rt_memcpy_w.o
         2          0          0          0          0          0   rtexit.o
        10          0          0          0          0          0   rtexit2.o
       128          0          0          0          0         68   strcmpv7m.o
        12          4          0          0          0         68   sys_exit.o
        74          0          0          0          0         80   sys_stackheap_outer.o
        14          0          0          0          0         76   sys_wrch.o
         2          0          0          0          0         68   use_no_semi.o

    ----------------------------------------------------------------------
      1848         88         12          0         96       2136   Library Totals
         8          0          0          0          0          0   (incl. Padding)

    ----------------------------------------------------------------------

      Code (inc. data)   RO Data    RW Data    ZI Data      Debug   Library Name

      1840         88         12          0         96       2136   c_w.l

    ----------------------------------------------------------------------
      1848         88         12          0         96       2136   Library Totals

    ----------------------------------------------------------------------

==============================================================================


      Code (inc. data)   RO Data    RW Data    ZI Data      Debug   

     15674       1068       6214        348       7236     840129   Grand Totals
     15674       1068       6214        144       7236     840129   ELF Image Totals (compressed)
     15674       1068       6214        144          0          0   ROM Totals

==============================================================================

    Total RO  Size (Code + RO Data)                21888 (  21.38kB)
    Total RW  Size (RW Data + ZI Data)              7584 (   7.41kB)
    Total ROM Size (Code + RO Data + RW Data)      22032 (  21.52kB)

==============================================================================

